Archive member included because of file (symbol)

c:/program files (x86)/gnu tools arm embedded/4.7 2013q2/bin/../lib/gcc/arm-none-eabi/4.7.4/armv6-m\libgcc.a(_udivsi3.o)
                              .\cmsis_boot\system_stm32f0xx.o (__aeabi_uidiv)
c:/program files (x86)/gnu tools arm embedded/4.7 2013q2/bin/../lib/gcc/arm-none-eabi/4.7.4/armv6-m\libgcc.a(_dvmd_tls.o)
                              c:/program files (x86)/gnu tools arm embedded/4.7 2013q2/bin/../lib/gcc/arm-none-eabi/4.7.4/armv6-m\libgcc.a(_udivsi3.o) (__aeabi_idiv0)
c:/program files (x86)/gnu tools arm embedded/4.7 2013q2/bin/../lib/gcc/arm-none-eabi/4.7.4/../../../../arm-none-eabi/lib/armv6-m\libc_s.a(lib_a-memcpy.o)
                              .\src\main_menu.o (memcpy)
c:/program files (x86)/gnu tools arm embedded/4.7 2013q2/bin/../lib/gcc/arm-none-eabi/4.7.4/../../../../arm-none-eabi/lib/armv6-m\libc_s.a(lib_a-memset.o)
                              .\src\main_menu.o (memset)
c:/program files (x86)/gnu tools arm embedded/4.7 2013q2/bin/../lib/gcc/arm-none-eabi/4.7.4/../../../../arm-none-eabi/lib/armv6-m\libc_s.a(lib_a-sprintf.o)
                              .\src\main_menu.o (sprintf)
c:/program files (x86)/gnu tools arm embedded/4.7 2013q2/bin/../lib/gcc/arm-none-eabi/4.7.4/../../../../arm-none-eabi/lib/armv6-m\libc_s.a(lib_a-strcat.o)
                              .\src\lcd.o (strcat)
c:/program files (x86)/gnu tools arm embedded/4.7 2013q2/bin/../lib/gcc/arm-none-eabi/4.7.4/../../../../arm-none-eabi/lib/armv6-m\libc_s.a(lib_a-strlen.o)
                              .\src\lcd.o (strlen)
c:/program files (x86)/gnu tools arm embedded/4.7 2013q2/bin/../lib/gcc/arm-none-eabi/4.7.4/../../../../arm-none-eabi/lib/armv6-m\libc_s.a(lib_a-svfprintf.o)
                              c:/program files (x86)/gnu tools arm embedded/4.7 2013q2/bin/../lib/gcc/arm-none-eabi/4.7.4/../../../../arm-none-eabi/lib/armv6-m\libc_s.a(lib_a-sprintf.o) (_svfprintf_r)
c:/program files (x86)/gnu tools arm embedded/4.7 2013q2/bin/../lib/gcc/arm-none-eabi/4.7.4/../../../../arm-none-eabi/lib/armv6-m\libc_s.a(lib_a-vfprintf_i.o)
                              c:/program files (x86)/gnu tools arm embedded/4.7 2013q2/bin/../lib/gcc/arm-none-eabi/4.7.4/../../../../arm-none-eabi/lib/armv6-m\libc_s.a(lib_a-svfprintf.o) (_printf_i)
c:/program files (x86)/gnu tools arm embedded/4.7 2013q2/bin/../lib/gcc/arm-none-eabi/4.7.4/../../../../arm-none-eabi/lib/armv6-m\libc_s.a(lib_a-freer.o)
                              c:/program files (x86)/gnu tools arm embedded/4.7 2013q2/bin/../lib/gcc/arm-none-eabi/4.7.4/../../../../arm-none-eabi/lib/armv6-m\libc_s.a(lib_a-svfprintf.o) (_free_r)
c:/program files (x86)/gnu tools arm embedded/4.7 2013q2/bin/../lib/gcc/arm-none-eabi/4.7.4/../../../../arm-none-eabi/lib/armv6-m\libc_s.a(lib_a-impure.o)
                              c:/program files (x86)/gnu tools arm embedded/4.7 2013q2/bin/../lib/gcc/arm-none-eabi/4.7.4/../../../../arm-none-eabi/lib/armv6-m\libc_s.a(lib_a-sprintf.o) (_impure_ptr)
c:/program files (x86)/gnu tools arm embedded/4.7 2013q2/bin/../lib/gcc/arm-none-eabi/4.7.4/../../../../arm-none-eabi/lib/armv6-m\libc_s.a(lib_a-mallocr.o)
                              c:/program files (x86)/gnu tools arm embedded/4.7 2013q2/bin/../lib/gcc/arm-none-eabi/4.7.4/../../../../arm-none-eabi/lib/armv6-m\libc_s.a(lib_a-svfprintf.o) (_malloc_r)
c:/program files (x86)/gnu tools arm embedded/4.7 2013q2/bin/../lib/gcc/arm-none-eabi/4.7.4/../../../../arm-none-eabi/lib/armv6-m\libc_s.a(lib_a-memchr.o)
                              c:/program files (x86)/gnu tools arm embedded/4.7 2013q2/bin/../lib/gcc/arm-none-eabi/4.7.4/../../../../arm-none-eabi/lib/armv6-m\libc_s.a(lib_a-svfprintf.o) (memchr)
c:/program files (x86)/gnu tools arm embedded/4.7 2013q2/bin/../lib/gcc/arm-none-eabi/4.7.4/../../../../arm-none-eabi/lib/armv6-m\libc_s.a(lib_a-memmove.o)
                              c:/program files (x86)/gnu tools arm embedded/4.7 2013q2/bin/../lib/gcc/arm-none-eabi/4.7.4/../../../../arm-none-eabi/lib/armv6-m\libc_s.a(lib_a-svfprintf.o) (memmove)
c:/program files (x86)/gnu tools arm embedded/4.7 2013q2/bin/../lib/gcc/arm-none-eabi/4.7.4/../../../../arm-none-eabi/lib/armv6-m\libc_s.a(lib_a-reallocr.o)
                              c:/program files (x86)/gnu tools arm embedded/4.7 2013q2/bin/../lib/gcc/arm-none-eabi/4.7.4/../../../../arm-none-eabi/lib/armv6-m\libc_s.a(lib_a-svfprintf.o) (_realloc_r)
c:/program files (x86)/gnu tools arm embedded/4.7 2013q2/bin/../lib/gcc/arm-none-eabi/4.7.4/../../../../arm-none-eabi/lib/armv6-m\libc_s.a(lib_a-sbrkr.o)
                              c:/program files (x86)/gnu tools arm embedded/4.7 2013q2/bin/../lib/gcc/arm-none-eabi/4.7.4/../../../../arm-none-eabi/lib/armv6-m\libc_s.a(lib_a-mallocr.o) (_sbrk_r)
c:/program files (x86)/gnu tools arm embedded/4.7 2013q2/bin/../lib/gcc/arm-none-eabi/4.7.4/../../../../arm-none-eabi/lib/armv6-m\libc_s.a(lib_a-msizer.o)
[...]
Memory Configuration

Name             Origin             Length             Attributes
FLASH            0x08000000         0x00010000         xr
RAM              0x20000000         0x00002000         xrw
*default*        0x00000000         0xffffffff

Linker script and memory map

LOAD .\cmsis_boot\startup\startup_stm32f0xx.o
LOAD .\src\main.o
LOAD .\cmsis_boot\system_stm32f0xx.o
LOAD .\cmsis_boot\syscalls\syscalls.o
LOAD ..\STM32F0xx_StdPeriph_Lib_V1.3.1\Libraries\STM32F0xx_StdPeriph_Driver\src\stm32f0xx_adc.o
LOAD ..\STM32F0xx_StdPeriph_Lib_V1.3.1\Libraries\STM32F0xx_StdPeriph_Driver\src\stm32f0xx_exti.o
LOAD ..\STM32F0xx_StdPeriph_Lib_V1.3.1\Libraries\STM32F0xx_StdPeriph_Driver\src\stm32f0xx_flash.o
LOAD ..\STM32F0xx_StdPeriph_Lib_V1.3.1\Libraries\STM32F0xx_StdPeriph_Driver\src\stm32f0xx_gpio.o
LOAD ..\STM32F0xx_StdPeriph_Lib_V1.3.1\Libraries\STM32F0xx_StdPeriph_Driver\src\stm32f0xx_misc.o
LOAD ..\STM32F0xx_StdPeriph_Lib_V1.3.1\Libraries\STM32F0xx_StdPeriph_Driver\src\stm32f0xx_rcc.o
LOAD ..\STM32F0xx_StdPeriph_Lib_V1.3.1\Libraries\STM32F0xx_StdPeriph_Driver\src\stm32f0xx_spi.o
LOAD ..\STM32F0xx_StdPeriph_Lib_V1.3.1\Libraries\STM32F0xx_StdPeriph_Driver\src\stm32f0xx_tim.o
LOAD ..\STM32F0xx_StdPeriph_Lib_V1.3.1\Libraries\STM32F0xx_StdPeriph_Driver\src\stm32f0xx_usart.o
LOAD .\src\stm32f0xx_it.o
LOAD .\src\stm32f0x_gpio.o
LOAD .\src\stm32f0x_tim.o
LOAD .\src\adc.o
LOAD .\src\stm32f0x_uart.o
LOAD .\src\flash_program.o
LOAD .\src\lcd.o
LOAD .\src\synchro.o
LOAD .\src\dmx_transceiver.o
LOAD .\src\hard.o
LOAD .\src\main_menu.o
LOAD .\src\standalone.o
LOAD .\src\grouped.o
LOAD .\src\networked.o
LOAD .\cmsis_core\core_cm0.o
START GROUP
LOAD c:/program files (x86)/gnu tools arm embedded/4.7 2013q2/bin/../lib/gcc/arm-none-eabi/4.7.4/armv6-m\libgcc.a
LOAD c:/program files (x86)/gnu tools arm embedded/4.7 2013q2/bin/../lib/gcc/arm-none-eabi/4.7.4/../../../../arm-none-eabi/lib/armv6-m\libc_s.a
END GROUP
                0x20002000                _estack = 0x20002000
                0x00000000                _Min_Heap_Size = 0x0
                0x00000400                _Min_Stack_Size = 0x400

.isr_vector     0x08000000       0xc4
                0x08000000                . = ALIGN (0x4)
 *(.isr_vector)
 .isr_vector    0x08000000       0xc4 .\cmsis_boot\startup\startup_stm32f0xx.o
                0x08000000                g_pfnVectors
                0x080000c4                . = ALIGN (0x4)

.text           0x080000c4     0x5b14
                0x080000c4                . = ALIGN (0x4)
 *(.text)
 .text          0x080000c4       0x9c c:/program files (x86)/gnu tools arm embedded/4.7 2013q2/bin/../lib/gcc/arm-none-eabi/4.7.4/armv6-m\libgcc.a(_udivsi3.o)
                0x080000c4                __aeabi_uidiv
                0x080000c4                __udivsi3
                0x0800014c                __aeabi_uidivmod
 .text          0x08000160        0x4 c:/program files (x86)/gnu tools arm embedded/4.7 2013q2/bin/../lib/gcc/arm-none-eabi/4.7.4/armv6-m\libgcc.a(_dvmd_tls.o)
                0x08000160                __aeabi_idiv0
                0x08000160                __aeabi_ldiv0
 *(.text*)
 .text.Reset_Handler
                0x08000164       0x44 .\cmsis_boot\startup\startup_stm32f0xx.o
                0x08000164                Reset_Handler
 .text.Default_Handler
                0x080001a8        0x2 .\cmsis_boot\startup\startup_stm32f0xx.o
                0x080001a8                TIM1_CC_IRQHandler
                0x080001a8                ADC1_COMP_IRQHandler
                0x080001a8                PVD_IRQHandler
                0x080001a8                I2C1_IRQHandler
                0x080001a8                SPI1_IRQHandler
                0x080001a8                TIM6_DAC_IRQHandler
                0x080001a8                EXTI2_3_IRQHandler
                0x080001a8                I2C2_IRQHandler
                0x080001a8                RTC_IRQHandler
                0x080001a8                RCC_IRQHandler
                0x080001a8                DMA1_Channel1_IRQHandler
                0x080001a8                Default_Handler
                0x080001a8                CEC_IRQHandler
                0x080001a8                DMA1_Channel4_5_IRQHandler
                0x080001a8                TIM15_IRQHandler
                0x080001a8                EXTI0_1_IRQHandler
                0x080001a8                SPI2_IRQHandler
                0x080001a8                TS_IRQHandler
                0x080001a8                WWDG_IRQHandler
                0x080001a8                TIM2_IRQHandler
                0x080001a8                DMA1_Channel2_3_IRQHandler
                0x080001a8                USART2_IRQHandler
                0x080001a8                FLASH_IRQHandler
                0x080001a8                TIM1_BRK_UP_TRG_COM_IRQHandler
 *fill*         0x080001aa        0x2 00
 .text.NVIC_SetPriority
                0x080001ac       0xf0 .\src\main.o
 .text.SysTick_Config
                0x0800029c       0x48 .\src\main.o
 .text.main     0x080002e4      0x28c .\src\main.o
                0x080002e4                main
 .text.EXTI4_15_IRQHandler
                0x08000570      0x158 .\src\main.o
                0x08000570                EXTI4_15_IRQHandler
 .text.TimingDelay_Decrement
                0x080006c8      0x170 .\src\main.o
                0x080006c8                TimingDelay_Decrement
 .text.SystemInit
                0x08000838       0x88 .\cmsis_boot\system_stm32f0xx.o
                0x08000838                SystemInit
 .text.SetSysClockInternalRC
                0x080008c0       0xa8 .\cmsis_boot\system_stm32f0xx.o
                0x080008c0                SetSysClockInternalRC
 .text._sbrk    0x08000968       0x34 .\cmsis_boot\syscalls\syscalls.o
                0x08000968                _sbrk
 .text.EXTI_Init
                0x0800099c       0xd4 ..\STM32F0xx_StdPeriph_Lib_V1.3.1\Libraries\STM32F0xx_StdPeriph_Driver\src\stm32f0xx_exti.o
                0x0800099c                EXTI_Init
 .text.NMI_Handler
                0x08000a70        0x4 .\src\stm32f0xx_it.o
                0x08000a70                NMI_Handler
 .text.HardFault_Handler
                0x08000a74        0x4 .\src\stm32f0xx_it.o
                0x08000a74                HardFault_Handler
 .text.SVC_Handler
                0x08000a78        0x4 .\src\stm32f0xx_it.o
                0x08000a78                SVC_Handler
 .text.PendSV_Handler
                0x08000a7c        0x4 .\src\stm32f0xx_it.o
                0x08000a7c                PendSV_Handler
 .text.SysTick_Handler
                0x08000a80        0x8 .\src\stm32f0xx_it.o
                0x08000a80                SysTick_Handler
 .text.NVIC_EnableIRQ
                0x08000a88       0x2c .\src\stm32f0x_gpio.o
 .text.NVIC_SetPriority
                0x08000ab4       0xf0 .\src\stm32f0x_gpio.o
 .text.GPIO_Config
                0x08000ba4      0x170 .\src\stm32f0x_gpio.o
                0x08000ba4                GPIO_Config
 .text.EXTIOff  0x08000d14       0x18 .\src\stm32f0x_gpio.o
                0x08000d14                EXTIOff
 .text.EXTIOn   0x08000d2c       0x14 .\src\stm32f0x_gpio.o
                0x08000d2c                EXTIOn
 .text.NVIC_EnableIRQ
                0x08000d40       0x2c .\src\stm32f0x_tim.o
 .text.NVIC_SetPriority
                0x08000d6c       0xf0 .\src\stm32f0x_tim.o
 .text.Update_TIM3_CH1
                0x08000e5c       0x1c .\src\stm32f0x_tim.o
                0x08000e5c                Update_TIM3_CH1
 .text.Wait_ms  0x08000e78       0x28 .\src\stm32f0x_tim.o
                0x08000e78                Wait_ms
 .text.TIM3_IRQHandler
                0x08000ea0       0x1c .\src\stm32f0x_tim.o
                0x08000ea0                TIM3_IRQHandler
 .text.TIM_3_Init
                0x08000ebc       0x74 .\src\stm32f0x_tim.o
                0x08000ebc                TIM_3_Init
 .text.TIM14_IRQHandler
                0x08000f30       0x1c .\src\stm32f0x_tim.o
                0x08000f30                TIM14_IRQHandler
 .text.TIM_14_Init
                0x08000f4c       0x4c .\src\stm32f0x_tim.o
                0x08000f4c                TIM_14_Init
 .text.TIM16_IRQHandler
                0x08000f98       0x24 .\src\stm32f0x_tim.o
                0x08000f98                TIM16_IRQHandler
 .text.TIM_16_Init
                0x08000fbc       0x68 .\src\stm32f0x_tim.o
                0x08000fbc                TIM_16_Init
 .text.OneShootTIM16
                0x08001024       0x2c .\src\stm32f0x_tim.o
                0x08001024                OneShootTIM16
 .text.TIM17_IRQHandler
                0x08001050       0x1c .\src\stm32f0x_tim.o
                0x08001050                TIM17_IRQHandler
 .text.NVIC_EnableIRQ
                0x0800106c       0x2c .\src\stm32f0x_uart.o
 .text.NVIC_SetPriority
                0x08001098       0xf0 .\src\stm32f0x_uart.o
 .text.USART1_IRQHandler
                0x08001188      0x1a8 .\src\stm32f0x_uart.o
                0x08001188                USART1_IRQHandler
 .text.UsartSendDMX
                0x08001330       0x20 .\src\stm32f0x_uart.o
                0x08001330                UsartSendDMX
 .text.USART1Config
                0x08001350       0x60 .\src\stm32f0x_uart.o
                0x08001350                USART1Config
 .text.LCDSend  0x080013b0       0x1c .\src\lcd.o
                0x080013b0                LCDSend
 .text.LCDInit  0x080013cc      0x10c .\src\lcd.o
                0x080013cc                LCDInit
 .text.Lcd_Command
                0x080014d8      0x1ac .\src\lcd.o
                0x080014d8                Lcd_Command
 .text.Lcd_SetDDRAM
                0x08001684       0x98 .\src\lcd.o
                0x08001684                Lcd_SetDDRAM
 .text.LCDStartTransmit
                0x0800171c       0x98 .\src\lcd.o
                0x0800171c                LCDStartTransmit
 .text.LCDTransmitStr
                0x080017b4       0x24 .\src\lcd.o
                0x080017b4                LCDTransmitStr
 .text.Lcd_Delay
                0x080017d8       0x60 .\src\lcd.o
                0x080017d8                Lcd_Delay
 .text.Lcd_WritePort
                0x08001838       0x34 .\src\lcd.o
                0x08001838                Lcd_WritePort
 .text.SwapNibble
                0x0800186c       0x90 .\src\lcd.o
                0x0800186c                SwapNibble
 .text.DMX_Ena  0x080018fc       0x18 .\src\dmx_transceiver.o
                0x080018fc                DMX_Ena
 .text.SendDMXPacket
                0x08001914       0xec .\src\dmx_transceiver.o
                0x08001914                SendDMXPacket
 .text.UpdateSwitches
                0x08001a00       0xdc .\src\hard.o
                0x08001a00                UpdateSwitches
 .text.UpdateACSwitch
                0x08001adc       0x9c .\src\hard.o
                0x08001adc                UpdateACSwitch
 .text.CheckACSw
                0x08001b78       0x30 .\src\hard.o
                0x08001b78                CheckACSw
 .text.CheckS1  0x08001ba8       0x34 .\src\hard.o
                0x08001ba8                CheckS1
 .text.CheckS2  0x08001bdc       0x34 .\src\hard.o
                0x08001bdc                CheckS2
 .text.FuncMainMenu
                0x08001c10      0x21c .\src\main_menu.o
                0x08001c10                FuncMainMenu
 .text.FuncShowBlink
                0x08001e2c      0x238 .\src\main_menu.o
                0x08001e2c                FuncShowBlink
 .text.FuncShowSelectv2Reset
                0x08002064        0xc .\src\main_menu.o
                0x08002064                FuncShowSelectv2Reset
 .text.FuncShowSelectv2
                0x08002070      0x1c4 .\src\main_menu.o
                0x08002070                FuncShowSelectv2
 .text.FuncOptions
                0x08002234      0x280 .\src\main_menu.o
                0x08002234                FuncOptions
 .text.FuncOptionsReset
                0x080024b4        0xc .\src\main_menu.o
                0x080024b4                FuncOptionsReset
 .text.FuncChange
                0x080024c0      0x22c .\src\main_menu.o
                0x080024c0                FuncChange
 .text.FuncChangeReset
                0x080026ec        0xc .\src\main_menu.o
                0x080026ec                FuncChangeReset
 .text.FuncScroll2
                0x080026f8      0x14c .\src\main_menu.o
                0x080026f8                FuncScroll2
 .text.FuncStandAlone
                0x08002844      0x680 .\src\standalone.o
                0x08002844                FuncStandAlone
 .text.MenuStandAlone
                0x08002ec4      0x7ec .\src\standalone.o
                0x08002ec4                MenuStandAlone
 .text.ShowConfStandAlone
                0x080036b0      0x330 .\src\standalone.o
                0x080036b0                ShowConfStandAlone
 .text.FuncStandAloneReset
                0x080039e0        0xc .\src\standalone.o
                0x080039e0                FuncStandAloneReset
 .text.MenuStandAloneReset
                0x080039ec        0xc .\src\standalone.o
                0x080039ec                MenuStandAloneReset
 .text.ShowConfStandAloneResetEnd
                0x080039f8        0xc .\src\standalone.o
                0x080039f8                ShowConfStandAloneResetEnd
 .text.FuncGrouped
                0x08003a04      0x928 .\src\grouped.o
                0x08003a04                FuncGrouped
 .text.MenuGrouped
                0x0800432c      0xba8 .\src\grouped.o
                0x0800432c                MenuGrouped
 .text.FuncGroupedReset
                0x08004ed4        0xc .\src\grouped.o
                0x08004ed4                FuncGroupedReset
 .text.MenuGroupedReset
                0x08004ee0        0xc .\src\grouped.o
                0x08004ee0                MenuGroupedReset
 .text.FuncNetworked
                0x08004eec      0x3e8 .\src\networked.o
                0x08004eec                FuncNetworked
 .text.MenuNetworked
                0x080052d4      0x110 .\src\networked.o
                0x080052d4                MenuNetworked
 .text.memcpy   0x080053e4       0x12 c:/program files (x86)/gnu tools arm embedded/4.7 2013q2/bin/../lib/gcc/arm-none-eabi/4.7.4/../../../../arm-none-eabi/lib/armv6-m\libc_s.a(lib_a-memcpy.o)
                0x080053e4                memcpy
 .text.memset   0x080053f6       0x10 c:/program files (x86)/gnu tools arm embedded/4.7 2013q2/bin/../lib/gcc/arm-none-eabi/4.7.4/../../../../arm-none-eabi/lib/armv6-m\libc_s.a(lib_a-memset.o)
                0x080053f6                memset
 *fill*         0x08005406        0x2 00
 .text.sprintf  0x08005408       0x44 c:/program files (x86)/gnu tools arm embedded/4.7 2013q2/bin/../lib/gcc/arm-none-eabi/4.7.4/../../../../arm-none-eabi/lib/armv6-m\libc_s.a(lib_a-sprintf.o)
                0x08005408                siprintf
                0x08005408                sprintf
 .text.strlen   0x0800544c        0xe c:/program files (x86)/gnu tools arm embedded/4.7 2013q2/bin/../lib/gcc/arm-none-eabi/4.7.4/../../../../arm-none-eabi/lib/armv6-m\libc_s.a(lib_a-strlen.o)
                0x0800544c                strlen
 *fill*         0x0800545a        0x2 00
 .text.__ssputc_r
                0x0800545c       0xb0 c:/program files (x86)/gnu tools arm embedded/4.7 2013q2/bin/../lib/gcc/arm-none-eabi/4.7.4/../../../../arm-none-eabi/lib/armv6-m\libc_s.a(lib_a-svfprintf.o)
                0x0800545c                __ssputc_r
 .text._svfprintf_r
                0x0800550c      0x1f8 c:/program files (x86)/gnu tools arm embedded/4.7 2013q2/bin/../lib/gcc/arm-none-eabi/4.7.4/../../../../arm-none-eabi/lib/armv6-m\libc_s.a(lib_a-svfprintf.o)
                0x0800550c                _svfiprintf_r
                0x0800550c                _svfprintf_r
 .text._printf_common
                0x08005704       0xe0 c:/program files (x86)/gnu tools arm embedded/4.7 2013q2/bin/../lib/gcc/arm-none-eabi/4.7.4/../../../../arm-none-eabi/lib/armv6-m\libc_s.a(lib_a-vfprintf_i.o)
                0x08005704                _printf_common
 .text._printf_i
                0x080057e4      0x234 c:/program files (x86)/gnu tools arm embedded/4.7 2013q2/bin/../lib/gcc/arm-none-eabi/4.7.4/../../../../arm-none-eabi/lib/armv6-m\libc_s.a(lib_a-vfprintf_i.o)
                0x080057e4                _printf_i
 .text._free_r  0x08005a18       0x90 c:/program files (x86)/gnu tools arm embedded/4.7 2013q2/bin/../lib/gcc/arm-none-eabi/4.7.4/../../../../arm-none-eabi/lib/armv6-m\libc_s.a(lib_a-freer.o)
                0x08005a18                _free_r
 .text._malloc_r
                0x08005aa8       0x94 c:/program files (x86)/gnu tools arm embedded/4.7 2013q2/bin/../lib/gcc/arm-none-eabi/4.7.4/../../../../arm-none-eabi/lib/armv6-m\libc_s.a(lib_a-mallocr.o)
                0x08005aa8                _malloc_r
 .text.memchr   0x08005b3c       0x16 c:/program files (x86)/gnu tools arm embedded/4.7 2013q2/bin/../lib/gcc/arm-none-eabi/4.7.4/../../../../arm-none-eabi/lib/armv6-m\libc_s.a(lib_a-memchr.o)
                0x08005b3c                memchr
 .text._realloc_r
                0x08005b52       0x4c c:/program files (x86)/gnu tools arm embedded/4.7 2013q2/bin/../lib/gcc/arm-none-eabi/4.7.4/../../../../arm-none-eabi/lib/armv6-m\libc_s.a(lib_a-reallocr.o)
                0x08005b52                _realloc_r
 *fill*         0x08005b9e        0x2 00
 .text._sbrk_r  0x08005ba0       0x24 c:/program files (x86)/gnu tools arm embedded/4.7 2013q2/bin/../lib/gcc/arm-none-eabi/4.7.4/../../../../arm-none-eabi/lib/armv6-m\libc_s.a(lib_a-sbrkr.o)
                0x08005ba0                _sbrk_r
 .text._malloc_usable_size_r
                0x08005bc4       0x12 c:/program files (x86)/gnu tools arm embedded/4.7 2013q2/bin/../lib/gcc/arm-none-eabi/4.7.4/../../../../arm-none-eabi/lib/armv6-m\libc_s.a(lib_a-msizer.o)
                0x08005bc4                _malloc_usable_size_r
 *(.glue_7)
 .glue_7        0x00000000        0x0 linker stubs
 *(.glue_7t)
 .glue_7t       0x00000000        0x0 linker stubs
 *(.eh_frame)
 *(.init)
 *(.fini)
                0x08005bd8                . = ALIGN (0x4)
 *fill*         0x08005bd6        0x2 00
                0x08005bd8                _etext = .

.vfp11_veneer   0x08005bd8        0x0
 .vfp11_veneer  0x00000000        0x0 linker stubs

.v4_bx          0x08005bd8        0x0
 .v4_bx         0x00000000        0x0 linker stubs

.iplt           0x08005bd8        0x0
 .iplt          0x00000000        0x0 .\cmsis_boot\startup\startup_stm32f0xx.o

.rodata         0x08005bd8      0x920
                0x08005bd8                . = ALIGN (0x4)
 *(.rodata)
 .rodata        0x08005bd8       0x28 .\src\main.o
 .rodata        0x08005c00      0x10c .\src\main_menu.o
 .rodata        0x08005d0c      0x1f8 .\src\standalone.o
 .rodata        0x08005f04      0x198 .\src\grouped.o
 .rodata        0x0800609c       0xc0 .\src\networked.o
 *(.rodata*)
 .rodata.StandAloneStruct_constant
                0x0800615c       0x10 .\src\main.o
                0x0800615c                StandAloneStruct_constant
 .rodata.GroupedStruct_constant
                0x0800616c       0x14 .\src\main.o
                0x0800616c                GroupedStruct_constant
 .rodata.NetworkedStruct_constant
                0x08006180        0x4 .\src\main.o
                0x08006180                NetworkedStruct_constant
 .rodata.s_blank_line
                0x08006184       0x14 .\src\main.o
                0x08006184                s_blank_line
 .rodata.main   0x08006198       0x38 .\src\main.o
 .rodata.Lcd_Command
                0x080061d0       0x20 .\src\lcd.o
 .rodata.SendDMXPacket
                0x080061f0       0x14 .\src\dmx_transceiver.o
 .rodata.s_sel_up_down
                0x08006204        0x4 .\src\main_menu.o
                0x08006204                s_sel_up_down
 .rodata.FuncMainMenu
                0x08006208       0x90 .\src\main_menu.o
 .rodata.FuncShowBlink
                0x08006298       0x1c .\src\main_menu.o
 .rodata.FuncShowSelectv2
                0x080062b4       0x20 .\src\main_menu.o
 .rodata.FuncOptions
                0x080062d4       0x2c .\src\main_menu.o
 .rodata.s_sel  0x08006300        0x4 .\src\standalone.o
                0x08006300                s_sel
 .rodata.FuncStandAlone
                0x08006304       0x54 .\src\standalone.o
 .rodata.MenuStandAlone
                0x08006358       0x6c .\src\standalone.o
 .rodata.ShowConfStandAlone
                0x080063c4       0x1c .\src\standalone.o
 .rodata.s_sel_g
                0x080063e0        0x4 .\src\grouped.o
                0x080063e0                s_sel_g
 .rodata.FuncGrouped
                0x080063e4       0x54 .\src\grouped.o
 .rodata.MenuGrouped
                0x08006438       0x88 .\src\grouped.o
 .rodata.str1.1
                0x080064c0       0x11 c:/program files (x86)/gnu tools arm embedded/4.7 2013q2/bin/../lib/gcc/arm-none-eabi/4.7.4/../../../../arm-none-eabi/lib/armv6-m\libc_s.a(lib_a-svfprintf.o)
 .rodata.str1.1
                0x080064d1       0x22 c:/program files (x86)/gnu tools arm embedded/4.7 2013q2/bin/../lib/gcc/arm-none-eabi/4.7.4/../../../../arm-none-eabi/lib/armv6-m\libc_s.a(lib_a-vfprintf_i.o)
 .rodata.str1.1
                0x080064f3        0x2 c:/program files (x86)/gnu tools arm embedded/4.7 2013q2/bin/../lib/gcc/arm-none-eabi/4.7.4/../../../../arm-none-eabi/lib/armv6-m\libc_s.a(lib_a-impure.o)
                0x080064f8                . = ALIGN (0x4)
 *fill*         0x080064f5        0x3 00

.rel.dyn        0x080064f8        0x0
 .rel.iplt      0x00000000        0x0 .\cmsis_boot\startup\startup_stm32f0xx.o

.ARM.extab
 *(.ARM.extab* .gnu.linkonce.armextab.*)

.ARM            0x080064f8        0x0
                0x080064f8                __exidx_start = .
 *(.ARM.exidx*)
                0x080064f8                __exidx_end = .

.memParams      0x08007c00        0x0
                0x08007c00                . = ALIGN (0x4)
 *(memParams)
 *(memParams1)
                0x08007c00                . = ALIGN (0x4)

.preinit_array  0x080064f8        0x0
                0x080064f8                PROVIDE (__preinit_array_start, .)
 *(.preinit_array*)
                0x080064f8                PROVIDE (__preinit_array_end, .)

.init_array     0x080064f8        0x0
                0x080064f8                PROVIDE (__init_array_start, .)
 *(SORT(.init_array.*))
 *(.init_array*)
                0x080064f8                PROVIDE (__init_array_end, .)

.fini_array     0x080064f8        0x0
                0x080064f8                PROVIDE (__fini_array_start, .)
 *(SORT(.fini_array.*))
 *(.fini_array*)
                0x080064f8                PROVIDE (__fini_array_end, .)
                0x080064f8                _sidata = LOADADDR (.data)

.data           0x20000000       0x6c load address 0x080064f8
                0x20000000                . = ALIGN (0x4)
                0x20000000                _sdata = .
 *(.data)
 *(.data*)
 .data.DMX_channel_selected
                0x20000000        0x2 .\src\main.o
                0x20000000                DMX_channel_selected
 .data.DMX_channel_quantity
                0x20000002        0x1 .\src\main.o
                0x20000002                DMX_channel_quantity
 *fill*         0x20000003        0x1 00
 .data.impure_data
                0x20000004       0x64 c:/program files (x86)/gnu tools arm embedded/4.7 2013q2/bin/../lib/gcc/arm-none-eabi/4.7.4/../../../../arm-none-eabi/lib/armv6-m\libc_s.a(lib_a-impure.o)
 .data._impure_ptr
                0x20000068        0x4 c:/program files (x86)/gnu tools arm embedded/4.7 2013q2/bin/../lib/gcc/arm-none-eabi/4.7.4/../../../../arm-none-eabi/lib/armv6-m\libc_s.a(lib_a-impure.o)
                0x20000068                _impure_ptr
                0x2000006c                . = ALIGN (0x4)
                0x2000006c                _edata = .

.igot.plt       0x2000006c        0x0 load address 0x08006564
 .igot.plt      0x00000000        0x0 .\cmsis_boot\startup\startup_stm32f0xx.o
                0x2000006c                . = ALIGN (0x4)

.bss            0x2000006c      0x3b4 load address 0x08006564
                0x2000006c                _sbss = .
                0x2000006c                __bss_start__ = _sbss
 *(.bss)
 *(.bss*)
 .bss.wait_ms_var
                0x2000006c        0x2 .\src\main.o
                0x2000006c                wait_ms_var
 .bss.dmx_receive_flag
                0x2000006e        0x1 .\src\main.o
                0x2000006e                dmx_receive_flag
 *fill*         0x2000006f        0x1 00
 .bss.DMX_channel_received
                0x20000070        0x2 .\src\main.o
                0x20000070                DMX_channel_received
 .bss.show_select_timer
                0x20000072        0x2 .\src\main.o
                0x20000072                show_select_timer
 .bss.switches_timer
                0x20000074        0x1 .\src\main.o
                0x20000074                switches_timer
 .bss.acswitch_timer
                0x20000075        0x1 .\src\main.o
                0x20000075                acswitch_timer
 .bss.scroll1_timer
                0x20000076        0x2 .\src\main.o
                0x20000076                scroll1_timer
 .bss.scroll2_timer
                0x20000078        0x2 .\src\main.o
                0x20000078                scroll2_timer
 .bss.igrid_timer
                0x2000007a        0x1 .\src\main.o
                0x2000007a                igrid_timer
 .bss.signal_state
                0x2000007b        0x1 .\src\main.o
                0x2000007b                signal_state
 .bss.dmx_timeout_timer
                0x2000007c        0x1 .\src\main.o
                0x2000007c                dmx_timeout_timer
 *fill*         0x2000007d        0x3 00
 .bss.heap.5061
                0x20000080        0x4 .\cmsis_boot\syscalls\syscalls.o
 .bss.dmx_state
                0x20000084        0x1 .\src\dmx_transceiver.o
                0x20000084                dmx_state
 .bss.mainmenu_state
                0x20000085        0x1 .\src\main_menu.o
                0x20000085                mainmenu_state
 .bss.show_select_state
                0x20000086        0x1 .\src\main_menu.o
                0x20000086                show_select_state
 .bss.options_state
                0x20000087        0x1 .\src\main_menu.o
                0x20000087                options_state
 .bss.options_curr_sel
                0x20000088        0x1 .\src\main_menu.o
                0x20000088                options_curr_sel
 .bss.scroll2_state
                0x20000089        0x1 .\src\main_menu.o
                0x20000089                scroll2_state
 .bss.scroll2_last_window
                0x2000008a        0x1 .\src\main_menu.o
                0x2000008a                scroll2_last_window
 .bss.scroll2_current_window
                0x2000008b        0x1 .\src\main_menu.o
                0x2000008b                scroll2_current_window
 .bss.blinking_state
                0x2000008c        0x1 .\src\main_menu.o
                0x2000008c                blinking_state
 .bss.blinking_how_many
                0x2000008d        0x1 .\src\main_menu.o
                0x2000008d                blinking_how_many
 .bss.change_state
                0x2000008e        0x1 .\src\main_menu.o
                0x2000008e                change_state
 .bss.change_current_val
                0x2000008f        0x1 .\src\main_menu.o
                0x2000008f                change_current_val
 .bss.change_last_option
                0x20000090        0x1 .\src\main_menu.o
                0x20000090                change_last_option
 .bss.standalone_state
                0x20000091        0x1 .\src\standalone.o
                0x20000091                standalone_state
 .bss.standalone_selections
                0x20000092        0x1 .\src\standalone.o
                0x20000092                standalone_selections
 *fill*         0x20000093        0x1 00
 .bss.standalone_ii
                0x20000094        0x2 .\src\standalone.o
                0x20000094                standalone_ii
 .bss.standalone_dimming_last_value
                0x20000096        0x1 .\src\standalone.o
                0x20000096                standalone_dimming_last_value
 .bss.standalone_dimming_last_slope
                0x20000097        0x1 .\src\standalone.o
                0x20000097                standalone_dimming_last_slope
 .bss.standalone_menu_state
                0x20000098        0x1 .\src\standalone.o
                0x20000098                standalone_menu_state
 .bss.standalone_show_conf
                0x20000099        0x1 .\src\standalone.o
                0x20000099                standalone_show_conf
 .bss.grouped_state
                0x2000009a        0x1 .\src\grouped.o
                0x2000009a                grouped_state
 .bss.grouped_selections
                0x2000009b        0x1 .\src\grouped.o
                0x2000009b                grouped_selections
 .bss.grouped_ii
                0x2000009c        0x2 .\src\grouped.o
                0x2000009c                grouped_ii
 .bss.grouped_dimming_last_value
                0x2000009e        0x1 .\src\grouped.o
                0x2000009e                grouped_dimming_last_value
 .bss.grouped_dimming_last_slope
                0x2000009f        0x1 .\src\grouped.o
                0x2000009f                grouped_dimming_last_slope
 .bss.grouped_menu_state
                0x200000a0        0x1 .\src\grouped.o
                0x200000a0                grouped_menu_state
 .bss.grouped_slave_dim_last
                0x200000a1        0x1 .\src\grouped.o
                0x200000a1                grouped_slave_dim_last
 .bss.grouped_slave_dim2_last
                0x200000a2        0x1 .\src\grouped.o
                0x200000a2                grouped_slave_dim2_last
 .bss.networked_state
                0x200000a3        0x1 .\src\networked.o
                0x200000a3                networked_state
 .bss.networked_selections
                0x200000a4        0x1 .\src\networked.o
                0x200000a4                networked_selections
 *fill*         0x200000a5        0x1 00
 .bss.networked_ii
                0x200000a6        0x2 .\src\networked.o
                0x200000a6                networked_ii
 .bss.networked_menu_state
                0x200000a8        0x1 .\src\networked.o
                0x200000a8                networked_menu_state
 .bss.networked_dim_last
                0x200000a9        0x1 .\src\networked.o
                0x200000a9                networked_dim_last
 .bss.networked_dim2_last
                0x200000aa        0x1 .\src\networked.o
                0x200000aa                networked_dim2_last
 *fill*         0x200000ab        0x1 00
 .bss.__malloc_free_list
                0x200000ac        0x4 c:/program files (x86)/gnu tools arm embedded/4.7 2013q2/bin/../lib/gcc/arm-none-eabi/4.7.4/../../../../arm-none-eabi/lib/armv6-m\libc_s.a(lib_a-mallocr.o)
                0x200000ac                __malloc_free_list
 *(COMMON)
 COMMON         0x200000b0      0x33d .\src\main.o
                0x200000b0                saved_mode
                0x200000b2                max_igrid
                0x200000b4                vpote
                0x200000d8                param_struct
                0x200000e4                vd1
                0x20000108                data1
                0x20000308                min_igrid
                0x2000030c                vd0
                0x2000032e                standalone_timer
                0x20000330                min_igrid_last
                0x20000332                sac_aux
                0x20000334                s1
                0x20000338                vd4
                0x2000035c                pbuffrx
                0x20000360                v_opt
                0x2000036a                igrid_update_samples
                0x2000036c                max_igrid_last
                0x2000036e                Packet_Detected_Flag
                0x20000370                data
                0x2000037a                s2
                0x2000037c                vtemp
                0x2000039e                standalone_enable_menu_timer
                0x200003a0                filter_timer
                0x200003a2                sac
                0x200003a4                grouped_master_timeout_timer
                0x200003a6                timer_standby
                0x200003a8                vd2
                0x200003cc                vd3
 *fill*         0x200003ed        0x3 00
 COMMON         0x200003f0        0x4 .\src\stm32f0x_uart.o
                0x200003f0                pdmx
 COMMON         0x200003f4        0xe .\src\standalone.o
                0x200003f4                StandAloneStruct_local
 *fill*         0x20000402        0x2 00
 COMMON         0x20000404       0x12 .\src\grouped.o
                0x20000404                GroupedStruct_local
 *fill*         0x20000416        0x2 00
 COMMON         0x20000418        0x4 .\src\networked.o
                0x20000418                NetworkedStruct_local
 COMMON         0x2000041c        0x4 c:/program files (x86)/gnu tools arm embedded/4.7 2013q2/bin/../lib/gcc/arm-none-eabi/4.7.4/../../../../arm-none-eabi/lib/armv6-m\libc_s.a(lib_a-reent.o)
                0x2000041c                errno
                0x20000420                . = ALIGN (0x4)
                0x20000420                _ebss = .
                0x20000420                __bss_end__ = _ebss

._user_heap_stack
                0x20000420      0x400 load address 0x08006564
                0x20000420                . = ALIGN (0x4)
                0x20000420                PROVIDE (end, .)
                0x20000420                PROVIDE (_end, .)
                0x20000420                . = (. + _Min_Heap_Size)
                0x20000820                . = (. + _Min_Stack_Size)
 *fill*         0x20000420      0x400 00
                0x20000820                . = ALIGN (0x4)

/DISCARD/
 libc.a(*)
 libm.a(*)
 libgcc.a(*)

.ARM.attributes
                0x00000000       0x2d
 *(.ARM.attributes)
 .ARM.attributes
                0x00000000       0x21 .\cmsis_boot\startup\startup_stm32f0xx.o
 .ARM.attributes
                0x00000021       0x31 .\src\main.o
 .ARM.attributes
                0x00000052       0x31 .\cmsis_boot\system_stm32f0xx.o
 .ARM.attributes
                0x00000083       0x31 .\cmsis_boot\syscalls\syscalls.o
 .ARM.attributes
                0x000000b4       0x31 ..\STM32F0xx_StdPeriph_Lib_V1.3.1\Libraries\STM32F0xx_StdPeriph_Driver\src\stm32f0xx_exti.o
 .ARM.attributes
                0x000000e5       0x31 .\src\stm32f0xx_it.o
 .ARM.attributes
                0x00000116       0x31 .\src\stm32f0x_gpio.o
 .ARM.attributes
                0x00000147       0x31 .\src\stm32f0x_tim.o
 .ARM.attributes
                0x00000178       0x31 .\src\stm32f0x_uart.o
 .ARM.attributes
                0x000001a9       0x31 .\src\lcd.o
 .ARM.attributes
                0x000001da       0x31 .\src\dmx_transceiver.o
 .ARM.attributes
                0x0000020b       0x31 .\src\hard.o
 .ARM.attributes
                0x0000023c       0x31 .\src\main_menu.o
 .ARM.attributes
                0x0000026d       0x31 .\src\standalone.o
 .ARM.attributes
                0x0000029e       0x31 .\src\grouped.o
 .ARM.attributes
                0x000002cf       0x31 .\src\networked.o
 .ARM.attributes
                0x00000300       0x1e c:/program files (x86)/gnu tools arm embedded/4.7 2013q2/bin/../lib/gcc/arm-none-eabi/4.7.4/armv6-m\libgcc.a(_udivsi3.o)
 .ARM.attributes
                0x0000031e       0x1e c:/program files (x86)/gnu tools arm embedded/4.7 2013q2/bin/../lib/gcc/arm-none-eabi/4.7.4/armv6-m\libgcc.a(_dvmd_tls.o)
 .ARM.attributes
                0x0000033c       0x2c c:/program files (x86)/gnu tools arm embedded/4.7 2013q2/bin/../lib/gcc/arm-none-eabi/4.7.4/../../../../arm-none-eabi/lib/armv6-m\libc_s.a(lib_a-memcpy.o)
 .ARM.attributes
                0x00000368       0x2c c:/program files (x86)/gnu tools arm embedded/4.7 2013q2/bin/../lib/gcc/arm-none-eabi/4.7.4/../../../../arm-none-eabi/lib/armv6-m\libc_s.a(lib_a-memset.o)
 .ARM.attributes
                0x00000394       0x2c c:/program files (x86)/gnu tools arm embedded/4.7 2013q2/bin/../lib/gcc/arm-none-eabi/4.7.4/../../../../arm-none-eabi/lib/armv6-m\libc_s.a(lib_a-sprintf.o)
 .ARM.attributes
                0x000003c0       0x2c c:/program files (x86)/gnu tools arm embedded/4.7 2013q2/bin/../lib/gcc/arm-none-eabi/4.7.4/../../../../arm-none-eabi/lib/armv6-m\libc_s.a(lib_a-strlen.o)
 .ARM.attributes
                0x000003ec       0x2c c:/program files (x86)/gnu tools arm embedded/4.7 2013q2/bin/../lib/gcc/arm-none-eabi/4.7.4/../../../../arm-none-eabi/lib/armv6-m\libc_s.a(lib_a-svfprintf.o)
 .ARM.attributes
                0x00000418       0x2c c:/program files (x86)/gnu tools arm embedded/4.7 2013q2/bin/../lib/gcc/arm-none-eabi/4.7.4/../../../../arm-none-eabi/lib/armv6-m\libc_s.a(lib_a-vfprintf_i.o)
 .ARM.attributes
                0x00000444       0x2c c:/program files (x86)/gnu tools arm embedded/4.7 2013q2/bin/../lib/gcc/arm-none-eabi/4.7.4/../../../../arm-none-eabi/lib/armv6-m\libc_s.a(lib_a-freer.o)
 .ARM.attributes
                0x00000470       0x2c c:/program files (x86)/gnu tools arm embedded/4.7 2013q2/bin/../lib/gcc/arm-none-eabi/4.7.4/../../../../arm-none-eabi/lib/armv6-m\libc_s.a(lib_a-impure.o)
 .ARM.attributes
                0x0000049c       0x2c c:/program files (x86)/gnu tools arm embedded/4.7 2013q2/bin/../lib/gcc/arm-none-eabi/4.7.4/../../../../arm-none-eabi/lib/armv6-m\libc_s.a(lib_a-mallocr.o)
 .ARM.attributes
                0x000004c8       0x2c c:/program files (x86)/gnu tools arm embedded/4.7 2013q2/bin/../lib/gcc/arm-none-eabi/4.7.4/../../../../arm-none-eabi/lib/armv6-m\libc_s.a(lib_a-memchr.o)
 .ARM.attributes
                0x000004f4       0x2c c:/program files (x86)/gnu tools arm embedded/4.7 2013q2/bin/../lib/gcc/arm-none-eabi/4.7.4/../../../../arm-none-eabi/lib/armv6-m\libc_s.a(lib_a-reallocr.o)
 .ARM.attributes
                0x00000520       0x2c c:/program files (x86)/gnu tools arm embedded/4.7 2013q2/bin/../lib/gcc/arm-none-eabi/4.7.4/../../../../arm-none-eabi/lib/armv6-m\libc_s.a(lib_a-sbrkr.o)
 .ARM.attributes
                0x0000054c       0x2c c:/program files (x86)/gnu tools arm embedded/4.7 2013q2/bin/../lib/gcc/arm-none-eabi/4.7.4/../../../../arm-none-eabi/lib/armv6-m\libc_s.a(lib_a-msizer.o)
 .ARM.attributes
                0x00000578       0x2c c:/program files (x86)/gnu tools arm embedded/4.7 2013q2/bin/../lib/gcc/arm-none-eabi/4.7.4/../../../../arm-none-eabi/lib/armv6-m\libc_s.a(lib_a-reent.o)
OUTPUT(Template_F050_rom.elf elf32-littlearm)

.debug_line     0x00000000     0x22bb
 .debug_line    0x00000000       0x87 .\cmsis_boot\startup\startup_stm32f0xx.o
 .debug_line    0x00000087      0x2fd .\src\main.o
 .debug_line    0x00000384      0x1ad .\cmsis_boot\system_stm32f0xx.o
 .debug_line    0x00000531      0x187 .\cmsis_boot\syscalls\syscalls.o
 .debug_line    0x000006b8      0x230 ..\STM32F0xx_StdPeriph_Lib_V1.3.1\Libraries\STM32F0xx_StdPeriph_Driver\src\stm32f0xx_exti.o
 .debug_line    0x000008e8       0x8e .\src\stm32f0xx_it.o
 .debug_line    0x00000976      0x1ed .\src\stm32f0x_gpio.o
 .debug_line    0x00000b63      0x2e4 .\src\stm32f0x_tim.o
 .debug_line    0x00000e47      0x1b9 .\src\stm32f0x_uart.o
 .debug_line    0x00001000      0x3dc .\src\lcd.o
 .debug_line    0x000013dc      0x13b .\src\dmx_transceiver.o
 .debug_line    0x00001517      0x15b .\src\hard.o
 .debug_line    0x00001672      0x2ea .\src\main_menu.o
 .debug_line    0x0000195c      0x3b0 .\src\standalone.o
 .debug_line    0x00001d0c      0x3f3 .\src\grouped.o
 .debug_line    0x000020ff      0x1bc .\src\networked.o

.debug_info     0x00000000     0x52c1
 .debug_info    0x00000000       0x93 .\cmsis_boot\startup\startup_stm32f0xx.o
 .debug_info    0x00000093     0x102e .\src\main.o
 .debug_info    0x000010c1      0x32a .\cmsis_boot\system_stm32f0xx.o
 .debug_info    0x000013eb      0x442 .\cmsis_boot\syscalls\syscalls.o
 .debug_info    0x0000182d      0x345 ..\STM32F0xx_StdPeriph_Lib_V1.3.1\Libraries\STM32F0xx_StdPeriph_Driver\src\stm32f0xx_exti.o
 .debug_info    0x00001b72       0xe1 .\src\stm32f0xx_it.o
 .debug_info    0x00001c53      0x6e2 .\src\stm32f0x_gpio.o
 .debug_info    0x00002335      0x9dc .\src\stm32f0x_tim.o
 .debug_info    0x00002d11      0x786 .\src\stm32f0x_uart.o
 .debug_info    0x00003497      0x603 .\src\lcd.o
 .debug_info    0x00003a9a      0x306 .\src\dmx_transceiver.o
 .debug_info    0x00003da0      0x25a .\src\hard.o
 .debug_info    0x00003ffa      0x53f .\src\main_menu.o
 .debug_info    0x00004539      0x4b8 .\src\standalone.o
 .debug_info    0x000049f1      0x517 .\src\grouped.o
 .debug_info    0x00004f08      0x3b9 .\src\networked.o

.debug_abbrev   0x00000000     0x1420
 .debug_abbrev  0x00000000       0x12 .\cmsis_boot\startup\startup_stm32f0xx.o
 .debug_abbrev  0x00000012      0x277 .\src\main.o
 .debug_abbrev  0x00000289      0x150 .\cmsis_boot\system_stm32f0xx.o
 .debug_abbrev  0x000003d9       0xe4 .\cmsis_boot\syscalls\syscalls.o
 .debug_abbrev  0x000004bd      0x196 ..\STM32F0xx_StdPeriph_Lib_V1.3.1\Libraries\STM32F0xx_StdPeriph_Driver\src\stm32f0xx_exti.o
 .debug_abbrev  0x00000653       0x5c .\src\stm32f0xx_it.o
 .debug_abbrev  0x000006af      0x163 .\src\stm32f0x_gpio.o
 .debug_abbrev  0x00000812      0x1c8 .\src\stm32f0x_tim.o
 .debug_abbrev  0x000009da      0x1c9 .\src\stm32f0x_uart.o
 .debug_abbrev  0x00000ba3      0x1aa .\src\lcd.o
 .debug_abbrev  0x00000d4d       0xdc .\src\dmx_transceiver.o
 .debug_abbrev  0x00000e29       0xde .\src\hard.o
 .debug_abbrev  0x00000f07      0x117 .\src\main_menu.o
 .debug_abbrev  0x0000101e      0x161 .\src\standalone.o
 .debug_abbrev  0x0000117f      0x170 .\src\grouped.o
 .debug_abbrev  0x000012ef      0x131 .\src\networked.o

.debug_aranges  0x00000000      0x530
 .debug_aranges
                0x00000000       0x28 .\cmsis_boot\startup\startup_stm32f0xx.o
 .debug_aranges
                0x00000028       0x60 .\src\main.o
 .debug_aranges
                0x00000088       0x38 .\cmsis_boot\system_stm32f0xx.o
 .debug_aranges
                0x000000c0       0x60 .\cmsis_boot\syscalls\syscalls.o
 .debug_aranges
                0x00000120       0x58 ..\STM32F0xx_StdPeriph_Lib_V1.3.1\Libraries\STM32F0xx_StdPeriph_Driver\src\stm32f0xx_exti.o
 .debug_aranges
                0x00000178       0x40 .\src\stm32f0xx_it.o
 .debug_aranges
                0x000001b8       0x40 .\src\stm32f0x_gpio.o
 .debug_aranges
                0x000001f8       0xa0 .\src\stm32f0x_tim.o
 .debug_aranges
                0x00000298       0x48 .\src\stm32f0x_uart.o
 .debug_aranges
                0x000002e0       0xc0 .\src\lcd.o
 .debug_aranges
                0x000003a0       0x30 .\src\dmx_transceiver.o
 .debug_aranges
                0x000003d0       0x40 .\src\hard.o
 .debug_aranges
                0x00000410       0x70 .\src\main_menu.o
 .debug_aranges
                0x00000480       0x50 .\src\standalone.o
 .debug_aranges
                0x000004d0       0x38 .\src\grouped.o
 .debug_aranges
                0x00000508       0x28 .\src\networked.o

.debug_ranges   0x00000000      0x438
 .debug_ranges  0x00000000       0x20 .\cmsis_boot\startup\startup_stm32f0xx.o
 .debug_ranges  0x00000020       0x50 .\src\main.o
 .debug_ranges  0x00000070       0x28 .\cmsis_boot\system_stm32f0xx.o
 .debug_ranges  0x00000098       0x50 .\cmsis_boot\syscalls\syscalls.o
 .debug_ranges  0x000000e8       0x48 ..\STM32F0xx_StdPeriph_Lib_V1.3.1\Libraries\STM32F0xx_StdPeriph_Driver\src\stm32f0xx_exti.o
 .debug_ranges  0x00000130       0x30 .\src\stm32f0xx_it.o
 .debug_ranges  0x00000160       0x30 .\src\stm32f0x_gpio.o
 .debug_ranges  0x00000190       0x90 .\src\stm32f0x_tim.o
 .debug_ranges  0x00000220       0x38 .\src\stm32f0x_uart.o
 .debug_ranges  0x00000258       0xb0 .\src\lcd.o
 .debug_ranges  0x00000308       0x20 .\src\dmx_transceiver.o
 .debug_ranges  0x00000328       0x30 .\src\hard.o
 .debug_ranges  0x00000358       0x60 .\src\main_menu.o
 .debug_ranges  0x000003b8       0x40 .\src\standalone.o
 .debug_ranges  0x000003f8       0x28 .\src\grouped.o
 .debug_ranges  0x00000420       0x18 .\src\networked.o

.debug_loc      0x00000000      0xc54
 .debug_loc     0x00000000      0x13c .\src\main.o
 .debug_loc     0x0000013c       0x6c .\cmsis_boot\system_stm32f0xx.o
 .debug_loc     0x000001a8      0x100 .\cmsis_boot\syscalls\syscalls.o
 .debug_loc     0x000002a8       0xe0 ..\STM32F0xx_StdPeriph_Lib_V1.3.1\Libraries\STM32F0xx_StdPeriph_Driver\src\stm32f0xx_exti.o
 .debug_loc     0x00000388       0x20 .\src\stm32f0xx_it.o
 .debug_loc     0x000003a8       0x78 .\src\stm32f0x_gpio.o
 .debug_loc     0x00000420      0x178 .\src\stm32f0x_tim.o
 .debug_loc     0x00000598       0xb8 .\src\stm32f0x_uart.o
 .debug_loc     0x00000650      0x304 .\src\lcd.o
 .debug_loc     0x00000954       0x6c .\src\dmx_transceiver.o
 .debug_loc     0x000009c0      0x160 .\src\main_menu.o
 .debug_loc     0x00000b20       0x84 .\src\standalone.o
 .debug_loc     0x00000ba4       0x58 .\src\grouped.o
 .debug_loc     0x00000bfc       0x58 .\src\networked.o

.debug_str      0x00000000     0x1835
 .debug_str     0x00000000      0x9c1 .\src\main.o
                                0xa1c (size before relaxing)
 .debug_str     0x000009c1      0x13f .\cmsis_boot\system_stm32f0xx.o
                                0x272 (size before relaxing)
 .debug_str     0x00000b00      0x148 .\cmsis_boot\syscalls\syscalls.o
                                0x290 (size before relaxing)
 .debug_str     0x00000c48      0x1eb ..\STM32F0xx_StdPeriph_Lib_V1.3.1\Libraries\STM32F0xx_StdPeriph_Driver\src\stm32f0xx_exti.o
                                0x347 (size before relaxing)
 .debug_str     0x00000e33       0x5e .\src\stm32f0xx_it.o
                                0x17a (size before relaxing)
 .debug_str     0x00000e91       0x53 .\src\stm32f0x_gpio.o
                                0x532 (size before relaxing)
 .debug_str     0x00000ee4      0x157 .\src\stm32f0x_tim.o
                                0x619 (size before relaxing)
 .debug_str     0x0000103b       0x69 .\src\stm32f0x_uart.o
                                0x4d4 (size before relaxing)
 .debug_str     0x000010a4      0x1ad .\src\lcd.o
                                0x340 (size before relaxing)
 .debug_str     0x00001251       0x4a .\src\dmx_transceiver.o
                                0x1fe (size before relaxing)
 .debug_str     0x0000129b       0x45 .\src\hard.o
                                0x1f3 (size before relaxing)
 .debug_str     0x000012e0      0x237 .\src\main_menu.o
                                0x3b2 (size before relaxing)
 .debug_str     0x00001517      0x158 .\src\standalone.o
                                0x42d (size before relaxing)
 .debug_str     0x0000166f      0x10a .\src\grouped.o
                                0x468 (size before relaxing)
 .debug_str     0x00001779       0xbc .\src\networked.o
                                0x32b (size before relaxing)

.comment        0x00000000       0x70
 .comment       0x00000000       0x70 .\src\main.o
                                 0x71 (size before relaxing)
 .comment       0x00000000       0x71 .\cmsis_boot\system_stm32f0xx.o
 .comment       0x00000000       0x71 .\cmsis_boot\syscalls\syscalls.o
 .comment       0x00000000       0x71 ..\STM32F0xx_StdPeriph_Lib_V1.3.1\Libraries\STM32F0xx_StdPeriph_Driver\src\stm32f0xx_exti.o
 .comment       0x00000000       0x71 .\src\stm32f0xx_it.o
 .comment       0x00000000       0x71 .\src\stm32f0x_gpio.o
 .comment       0x00000000       0x71 .\src\stm32f0x_tim.o
 .comment       0x00000000       0x71 .\src\stm32f0x_uart.o
 .comment       0x00000000       0x71 .\src\lcd.o
 .comment       0x00000000       0x71 .\src\dmx_transceiver.o
 .comment       0x00000000       0x71 .\src\hard.o
 .comment       0x00000000       0x71 .\src\main_menu.o
 .comment       0x00000000       0x71 .\src\standalone.o
 .comment       0x00000000       0x71 .\src\grouped.o
 .comment       0x00000000       0x71 .\src\networked.o

.debug_frame    0x00000000      0xe34
 .debug_frame   0x00000000       0xec .\src\main.o
 .debug_frame   0x000000ec       0x6c .\cmsis_boot\system_stm32f0xx.o
 .debug_frame   0x00000158       0xc0 .\cmsis_boot\syscalls\syscalls.o
 .debug_frame   0x00000218       0xac ..\STM32F0xx_StdPeriph_Lib_V1.3.1\Libraries\STM32F0xx_StdPeriph_Driver\src\stm32f0xx_exti.o
 .debug_frame   0x000002c4       0x6c .\src\stm32f0xx_it.o
 .debug_frame   0x00000330       0x80 .\src\stm32f0x_gpio.o
 .debug_frame   0x000003b0      0x170 .\src\stm32f0x_tim.o
 .debug_frame   0x00000520       0xa0 .\src\stm32f0x_uart.o
 .debug_frame   0x000005c0      0x244 .\src\lcd.o
 .debug_frame   0x00000804       0x64 .\src\dmx_transceiver.o
 .debug_frame   0x00000868       0x60 .\src\hard.o
 .debug_frame   0x000008c8      0x120 .\src\main_menu.o
 .debug_frame   0x000009e8       0xa4 .\src\standalone.o
 .debug_frame   0x00000a8c       0x68 .\src\grouped.o
 .debug_frame   0x00000af4       0x48 .\src\networked.o
 .debug_frame   0x00000b3c       0x20 c:/program files (x86)/gnu tools arm embedded/4.7 2013q2/bin/../lib/gcc/arm-none-eabi/4.7.4/armv6-m\libgcc.a(_udivsi3.o)
 .debug_frame   0x00000b5c       0x28 c:/program files (x86)/gnu tools arm embedded/4.7 2013q2/bin/../lib/gcc/arm-none-eabi/4.7.4/../../../../arm-none-eabi/lib/armv6-m\libc_s.a(lib_a-memcpy.o)
 .debug_frame   0x00000b84       0x20 c:/program files (x86)/gnu tools arm embedded/4.7 2013q2/bin/../lib/gcc/arm-none-eabi/4.7.4/../../../../arm-none-eabi/lib/armv6-m\libc_s.a(lib_a-memset.o)
 .debug_frame   0x00000ba4       0x4c c:/program files (x86)/gnu tools arm embedded/4.7 2013q2/bin/../lib/gcc/arm-none-eabi/4.7.4/../../../../arm-none-eabi/lib/armv6-m\libc_s.a(lib_a-sprintf.o)
 .debug_frame   0x00000bf0       0x20 c:/program files (x86)/gnu tools arm embedded/4.7 2013q2/bin/../lib/gcc/arm-none-eabi/4.7.4/../../../../arm-none-eabi/lib/armv6-m\libc_s.a(lib_a-strlen.o)
 .debug_frame   0x00000c10       0x78 c:/program files (x86)/gnu tools arm embedded/4.7 2013q2/bin/../lib/gcc/arm-none-eabi/4.7.4/../../../../arm-none-eabi/lib/armv6-m\libc_s.a(lib_a-svfprintf.o)
 .debug_frame   0x00000c88       0x54 c:/program files (x86)/gnu tools arm embedded/4.7 2013q2/bin/../lib/gcc/arm-none-eabi/4.7.4/../../../../arm-none-eabi/lib/armv6-m\libc_s.a(lib_a-vfprintf_i.o)
 .debug_frame   0x00000cdc       0x2c c:/program files (x86)/gnu tools arm embedded/4.7 2013q2/bin/../lib/gcc/arm-none-eabi/4.7.4/../../../../arm-none-eabi/lib/armv6-m\libc_s.a(lib_a-freer.o)
 .debug_frame   0x00000d08       0x2c c:/program files (x86)/gnu tools arm embedded/4.7 2013q2/bin/../lib/gcc/arm-none-eabi/4.7.4/../../../../arm-none-eabi/lib/armv6-m\libc_s.a(lib_a-mallocr.o)
 .debug_frame   0x00000d34       0x20 c:/program files (x86)/gnu tools arm embedded/4.7 2013q2/bin/../lib/gcc/arm-none-eabi/4.7.4/../../../../arm-none-eabi/lib/armv6-m\libc_s.a(lib_a-memchr.o)
 .debug_frame   0x00000d54       0x30 c:/program files (x86)/gnu tools arm embedded/4.7 2013q2/bin/../lib/gcc/arm-none-eabi/4.7.4/../../../../arm-none-eabi/lib/armv6-m\libc_s.a(lib_a-reallocr.o)
 .debug_frame   0x00000d84       0x2c c:/program files (x86)/gnu tools arm embedded/4.7 2013q2/bin/../lib/gcc/arm-none-eabi/4.7.4/../../../../arm-none-eabi/lib/armv6-m\libc_s.a(lib_a-sbrkr.o)
 .debug_frame   0x00000db0       0x20 c:/program files (x86)/gnu tools arm embedded/4.7 2013q2/bin/../lib/gcc/arm-none-eabi/4.7.4/../../../../arm-none-eabi/lib/armv6-m\libc_s.a(lib_a-msizer.o)
 .debug_frame   0x00000dd0       0x64 c:/program files (x86)/gnu tools arm embedded/4.7 2013q2/bin/../lib/gcc/arm-none-eabi/4.7.4/../../../../arm-none-eabi/lib/armv6-m\libc_s.a(lib_a-reent.o)

Cross Reference Table

Symbol                                            File
ADC1_COMP_IRQHandler                              .\cmsis_boot\startup\startup_stm32f0xx.o
ADC_AnalogWatchdogCmd                             ..\STM32F0xx_StdPeriph_Lib_V1.3.1\Libraries\STM32F0xx_StdPeriph_Driver\src\stm32f0xx_adc.o
ADC_AnalogWatchdogSingleChannelCmd                ..\STM32F0xx_StdPeriph_Lib_V1.3.1\Libraries\STM32F0xx_StdPeriph_Driver\src\stm32f0xx_adc.o
ADC_AnalogWatchdogSingleChannelConfig             ..\STM32F0xx_StdPeriph_Lib_V1.3.1\Libraries\STM32F0xx_StdPeriph_Driver\src\stm32f0xx_adc.o
ADC_AnalogWatchdogThresholdsConfig                ..\STM32F0xx_StdPeriph_Lib_V1.3.1\Libraries\STM32F0xx_StdPeriph_Driver\src\stm32f0xx_adc.o
ADC_AutoPowerOffCmd                               ..\STM32F0xx_StdPeriph_Lib_V1.3.1\Libraries\STM32F0xx_StdPeriph_Driver\src\stm32f0xx_adc.o
ADC_ChannelConfig                                 ..\STM32F0xx_StdPeriph_Lib_V1.3.1\Libraries\STM32F0xx_StdPeriph_Driver\src\stm32f0xx_adc.o
ADC_ClearFlag                                     ..\STM32F0xx_StdPeriph_Lib_V1.3.1\Libraries\STM32F0xx_StdPeriph_Driver\src\stm32f0xx_adc.o
ADC_ClearITPendingBit                             ..\STM32F0xx_StdPeriph_Lib_V1.3.1\Libraries\STM32F0xx_StdPeriph_Driver\src\stm32f0xx_adc.o
ADC_ClockModeConfig                               ..\STM32F0xx_StdPeriph_Lib_V1.3.1\Libraries\STM32F0xx_StdPeriph_Driver\src\stm32f0xx_adc.o
                                                  .\src\adc.o
ADC_Cmd                                           ..\STM32F0xx_StdPeriph_Lib_V1.3.1\Libraries\STM32F0xx_StdPeriph_Driver\src\stm32f0xx_adc.o
                                                  .\src\adc.o
ADC_Conf                                          .\src\adc.o
ADC_ContinuousModeCmd                             ..\STM32F0xx_StdPeriph_Lib_V1.3.1\Libraries\STM32F0xx_StdPeriph_Driver\src\stm32f0xx_adc.o
ADC_DMACmd                                        ..\STM32F0xx_StdPeriph_Lib_V1.3.1\Libraries\STM32F0xx_StdPeriph_Driver\src\stm32f0xx_adc.o
ADC_DMARequestModeConfig                          ..\STM32F0xx_StdPeriph_Lib_V1.3.1\Libraries\STM32F0xx_StdPeriph_Driver\src\stm32f0xx_adc.o
ADC_DeInit                                        ..\STM32F0xx_StdPeriph_Lib_V1.3.1\Libraries\STM32F0xx_StdPeriph_Driver\src\stm32f0xx_adc.o
                                                  .\src\adc.o
ADC_DiscModeCmd                                   ..\STM32F0xx_StdPeriph_Lib_V1.3.1\Libraries\STM32F0xx_StdPeriph_Driver\src\stm32f0xx_adc.o
ADC_GetCalibrationFactor                          ..\STM32F0xx_StdPeriph_Lib_V1.3.1\Libraries\STM32F0xx_StdPeriph_Driver\src\stm32f0xx_adc.o
                                                  .\src\adc.o
ADC_GetConversionValue                            ..\STM32F0xx_StdPeriph_Lib_V1.3.1\Libraries\STM32F0xx_StdPeriph_Driver\src\stm32f0xx_adc.o
                                                  .\src\adc.o
ADC_GetFlagStatus                                 ..\STM32F0xx_StdPeriph_Lib_V1.3.1\Libraries\STM32F0xx_StdPeriph_Driver\src\stm32f0xx_adc.o
                                                  .\src\adc.o
ADC_GetITStatus                                   ..\STM32F0xx_StdPeriph_Lib_V1.3.1\Libraries\STM32F0xx_StdPeriph_Driver\src\stm32f0xx_adc.o
ADC_ITConfig                                      ..\STM32F0xx_StdPeriph_Lib_V1.3.1\Libraries\STM32F0xx_StdPeriph_Driver\src\stm32f0xx_adc.o
ADC_Init                                          ..\STM32F0xx_StdPeriph_Lib_V1.3.1\Libraries\STM32F0xx_StdPeriph_Driver\src\stm32f0xx_adc.o
                                                  .\src\adc.o
ADC_JitterCmd                                     ..\STM32F0xx_StdPeriph_Lib_V1.3.1\Libraries\STM32F0xx_StdPeriph_Driver\src\stm32f0xx_adc.o
ADC_OverrunModeCmd                                ..\STM32F0xx_StdPeriph_Lib_V1.3.1\Libraries\STM32F0xx_StdPeriph_Driver\src\stm32f0xx_adc.o
ADC_StartOfConversion                             ..\STM32F0xx_StdPeriph_Lib_V1.3.1\Libraries\STM32F0xx_StdPeriph_Driver\src\stm32f0xx_adc.o
                                                  .\src\adc.o
ADC_StopOfConversion                              ..\STM32F0xx_StdPeriph_Lib_V1.3.1\Libraries\STM32F0xx_StdPeriph_Driver\src\stm32f0xx_adc.o
ADC_StructInit                                    ..\STM32F0xx_StdPeriph_Lib_V1.3.1\Libraries\STM32F0xx_StdPeriph_Driver\src\stm32f0xx_adc.o
                                                  .\src\adc.o
ADC_TempSensorCmd                                 ..\STM32F0xx_StdPeriph_Lib_V1.3.1\Libraries\STM32F0xx_StdPeriph_Driver\src\stm32f0xx_adc.o
ADC_VbatCmd                                       ..\STM32F0xx_StdPeriph_Lib_V1.3.1\Libraries\STM32F0xx_StdPeriph_Driver\src\stm32f0xx_adc.o
ADC_VrefintCmd                                    ..\STM32F0xx_StdPeriph_Lib_V1.3.1\Libraries\STM32F0xx_StdPeriph_Driver\src\stm32f0xx_adc.o
ADC_WaitModeCmd                                   ..\STM32F0xx_StdPeriph_Lib_V1.3.1\Libraries\STM32F0xx_StdPeriph_Driver\src\stm32f0xx_adc.o
AHBPrescTable                                     .\cmsis_boot\system_stm32f0xx.o
BackupPage                                        .\src\flash_program.o
CEC_IRQHandler                                    .\cmsis_boot\startup\startup_stm32f0xx.o
CheckACSw                                         .\src\hard.o
                                                  .\src\grouped.o
                                                  .\src\standalone.o
CheckS1                                           .\src\hard.o
                                                  .\src\networked.o
                                                  .\src\grouped.o
                                                  .\src\standalone.o
                                                  .\src\main_menu.o
CheckS2                                           .\src\hard.o
                                                  .\src\networked.o
                                                  .\src\grouped.o
                                                  .\src\standalone.o
                                                  .\src\main_menu.o
DMA1_Channel1_IRQHandler                          .\cmsis_boot\startup\startup_stm32f0xx.o
DMA1_Channel2_3_IRQHandler                        .\cmsis_boot\startup\startup_stm32f0xx.o
DMA1_Channel4_5_IRQHandler                        .\cmsis_boot\startup\startup_stm32f0xx.o
DMX_Disa                                          .\src\dmx_transceiver.o
DMX_Ena                                           .\src\dmx_transceiver.o
                                                  .\src\grouped.o
DMX_channel_quantity                              .\src\main.o
                                                  .\src\networked.o
                                                  .\src\grouped.o
                                                  .\src\stm32f0x_uart.o
DMX_channel_received                              .\src\main.o
                                                  .\src\stm32f0x_uart.o
DMX_channel_selected                              .\src\main.o
                                                  .\src\networked.o
                                                  .\src\grouped.o
                                                  .\src\stm32f0x_uart.o
Default_Handler                                   .\cmsis_boot\startup\startup_stm32f0xx.o
EXTI0_1_IRQHandler                                .\cmsis_boot\startup\startup_stm32f0xx.o
EXTI2_3_IRQHandler                                .\cmsis_boot\startup\startup_stm32f0xx.o
EXTI4_15_IRQHandler                               .\src\main.o
                                                  .\cmsis_boot\startup\startup_stm32f0xx.o
EXTIOff                                           .\src\stm32f0x_gpio.o
                                                  .\src\grouped.o
                                                  .\src\standalone.o
                                                  .\src\dmx_transceiver.o
                                                  .\src\main.o
EXTIOn                                            .\src\stm32f0x_gpio.o
                                                  .\src\networked.o
                                                  .\src\grouped.o
                                                  .\src\dmx_transceiver.o
EXTI_ClearFlag                                    ..\STM32F0xx_StdPeriph_Lib_V1.3.1\Libraries\STM32F0xx_StdPeriph_Driver\src\stm32f0xx_exti.o
EXTI_ClearITPendingBit                            ..\STM32F0xx_StdPeriph_Lib_V1.3.1\Libraries\STM32F0xx_StdPeriph_Driver\src\stm32f0xx_exti.o
EXTI_DeInit                                       ..\STM32F0xx_StdPeriph_Lib_V1.3.1\Libraries\STM32F0xx_StdPeriph_Driver\src\stm32f0xx_exti.o
EXTI_GenerateSWInterrupt                          ..\STM32F0xx_StdPeriph_Lib_V1.3.1\Libraries\STM32F0xx_StdPeriph_Driver\src\stm32f0xx_exti.o
EXTI_GetFlagStatus                                ..\STM32F0xx_StdPeriph_Lib_V1.3.1\Libraries\STM32F0xx_StdPeriph_Driver\src\stm32f0xx_exti.o
EXTI_GetITStatus                                  ..\STM32F0xx_StdPeriph_Lib_V1.3.1\Libraries\STM32F0xx_StdPeriph_Driver\src\stm32f0xx_exti.o
EXTI_Init                                         ..\STM32F0xx_StdPeriph_Lib_V1.3.1\Libraries\STM32F0xx_StdPeriph_Driver\src\stm32f0xx_exti.o
                                                  .\src\stm32f0x_gpio.o
EXTI_StructInit                                   ..\STM32F0xx_StdPeriph_Lib_V1.3.1\Libraries\STM32F0xx_StdPeriph_Driver\src\stm32f0xx_exti.o
EraseAllMemory_FLASH                              .\src\flash_program.o
ErasePage                                         .\src\flash_program.o
FLASH_ClearFlag                                   ..\STM32F0xx_StdPeriph_Lib_V1.3.1\Libraries\STM32F0xx_StdPeriph_Driver\src\stm32f0xx_flash.o
FLASH_EraseAllPages                               ..\STM32F0xx_StdPeriph_Lib_V1.3.1\Libraries\STM32F0xx_StdPeriph_Driver\src\stm32f0xx_flash.o
FLASH_ErasePage                                   ..\STM32F0xx_StdPeriph_Lib_V1.3.1\Libraries\STM32F0xx_StdPeriph_Driver\src\stm32f0xx_flash.o
                                                  .\src\flash_program.o
FLASH_GetFlagStatus                               ..\STM32F0xx_StdPeriph_Lib_V1.3.1\Libraries\STM32F0xx_StdPeriph_Driver\src\stm32f0xx_flash.o
FLASH_GetPrefetchBufferStatus                     ..\STM32F0xx_StdPeriph_Lib_V1.3.1\Libraries\STM32F0xx_StdPeriph_Driver\src\stm32f0xx_flash.o
FLASH_GetStatus                                   ..\STM32F0xx_StdPeriph_Lib_V1.3.1\Libraries\STM32F0xx_StdPeriph_Driver\src\stm32f0xx_flash.o
FLASH_IRQHandler                                  .\cmsis_boot\startup\startup_stm32f0xx.o
FLASH_ITConfig                                    ..\STM32F0xx_StdPeriph_Lib_V1.3.1\Libraries\STM32F0xx_StdPeriph_Driver\src\stm32f0xx_flash.o
FLASH_Lock                                        ..\STM32F0xx_StdPeriph_Lib_V1.3.1\Libraries\STM32F0xx_StdPeriph_Driver\src\stm32f0xx_flash.o
                                                  .\src\flash_program.o
FLASH_OB_BOOT0Config                              ..\STM32F0xx_StdPeriph_Lib_V1.3.1\Libraries\STM32F0xx_StdPeriph_Driver\src\stm32f0xx_flash.o
FLASH_OB_BOOT0SWConfig                            ..\STM32F0xx_StdPeriph_Lib_V1.3.1\Libraries\STM32F0xx_StdPeriph_Driver\src\stm32f0xx_flash.o
FLASH_OB_BOOTConfig                               ..\STM32F0xx_StdPeriph_Lib_V1.3.1\Libraries\STM32F0xx_StdPeriph_Driver\src\stm32f0xx_flash.o
FLASH_OB_EnableWRP                                ..\STM32F0xx_StdPeriph_Lib_V1.3.1\Libraries\STM32F0xx_StdPeriph_Driver\src\stm32f0xx_flash.o
FLASH_OB_Erase                                    ..\STM32F0xx_StdPeriph_Lib_V1.3.1\Libraries\STM32F0xx_StdPeriph_Driver\src\stm32f0xx_flash.o
FLASH_OB_GetRDP                                   ..\STM32F0xx_StdPeriph_Lib_V1.3.1\Libraries\STM32F0xx_StdPeriph_Driver\src\stm32f0xx_flash.o
FLASH_OB_GetUser                                  ..\STM32F0xx_StdPeriph_Lib_V1.3.1\Libraries\STM32F0xx_StdPeriph_Driver\src\stm32f0xx_flash.o
FLASH_OB_GetWRP                                   ..\STM32F0xx_StdPeriph_Lib_V1.3.1\Libraries\STM32F0xx_StdPeriph_Driver\src\stm32f0xx_flash.o
FLASH_OB_Launch                                   ..\STM32F0xx_StdPeriph_Lib_V1.3.1\Libraries\STM32F0xx_StdPeriph_Driver\src\stm32f0xx_flash.o
FLASH_OB_Lock                                     ..\STM32F0xx_StdPeriph_Lib_V1.3.1\Libraries\STM32F0xx_StdPeriph_Driver\src\stm32f0xx_flash.o
FLASH_OB_ProgramData                              ..\STM32F0xx_StdPeriph_Lib_V1.3.1\Libraries\STM32F0xx_StdPeriph_Driver\src\stm32f0xx_flash.o
FLASH_OB_RDPConfig                                ..\STM32F0xx_StdPeriph_Lib_V1.3.1\Libraries\STM32F0xx_StdPeriph_Driver\src\stm32f0xx_flash.o
FLASH_OB_SRAMParityConfig                         ..\STM32F0xx_StdPeriph_Lib_V1.3.1\Libraries\STM32F0xx_StdPeriph_Driver\src\stm32f0xx_flash.o
FLASH_OB_Unlock                                   ..\STM32F0xx_StdPeriph_Lib_V1.3.1\Libraries\STM32F0xx_StdPeriph_Driver\src\stm32f0xx_flash.o
FLASH_OB_UserConfig                               ..\STM32F0xx_StdPeriph_Lib_V1.3.1\Libraries\STM32F0xx_StdPeriph_Driver\src\stm32f0xx_flash.o
FLASH_OB_VDDAConfig                               ..\STM32F0xx_StdPeriph_Lib_V1.3.1\Libraries\STM32F0xx_StdPeriph_Driver\src\stm32f0xx_flash.o
FLASH_OB_WriteUser                                ..\STM32F0xx_StdPeriph_Lib_V1.3.1\Libraries\STM32F0xx_StdPeriph_Driver\src\stm32f0xx_flash.o
FLASH_PrefetchBufferCmd                           ..\STM32F0xx_StdPeriph_Lib_V1.3.1\Libraries\STM32F0xx_StdPeriph_Driver\src\stm32f0xx_flash.o
FLASH_ProgramHalfWord                             ..\STM32F0xx_StdPeriph_Lib_V1.3.1\Libraries\STM32F0xx_StdPeriph_Driver\src\stm32f0xx_flash.o
FLASH_ProgramWord                                 ..\STM32F0xx_StdPeriph_Lib_V1.3.1\Libraries\STM32F0xx_StdPeriph_Driver\src\stm32f0xx_flash.o
                                                  .\src\flash_program.o
FLASH_SetLatency                                  ..\STM32F0xx_StdPeriph_Lib_V1.3.1\Libraries\STM32F0xx_StdPeriph_Driver\src\stm32f0xx_flash.o
FLASH_Unlock                                      ..\STM32F0xx_StdPeriph_Lib_V1.3.1\Libraries\STM32F0xx_StdPeriph_Driver\src\stm32f0xx_flash.o
                                                  .\src\flash_program.o
FLASH_WaitForLastOperation                        ..\STM32F0xx_StdPeriph_Lib_V1.3.1\Libraries\STM32F0xx_StdPeriph_Driver\src\stm32f0xx_flash.o
FuncChange                                        .\src\main_menu.o
                                                  .\src\networked.o
                                                  .\src\grouped.o
                                                  .\src\standalone.o
FuncChangeReset                                   .\src\main_menu.o
                                                  .\src\networked.o
                                                  .\src\grouped.o
                                                  .\src\standalone.o
FuncGrouped                                       .\src\grouped.o
                                                  .\src\main.o
FuncGroupedReset                                  .\src\grouped.o
                                                  .\src\main.o
FuncMainMenu                                      .\src\main_menu.o
                                                  .\src\main.o
FuncNetworked                                     .\src\networked.o
                                                  .\src\main.o
FuncOptions                                       .\src\main_menu.o
                                                  .\src\grouped.o
                                                  .\src\standalone.o
FuncOptionsReset                                  .\src\main_menu.o
                                                  .\src\grouped.o
                                                  .\src\standalone.o
FuncScroll1                                       .\src\main_menu.o
FuncScroll2                                       .\src\main_menu.o
                                                  .\src\standalone.o
FuncShowBlink                                     .\src\main_menu.o
                                                  .\src\networked.o
                                                  .\src\grouped.o
                                                  .\src\standalone.o
                                                  .\src\main.o
FuncShowSelect                                    .\src\main_menu.o
FuncShowSelectv2                                  .\src\main_menu.o
                                                  .\src\grouped.o
                                                  .\src\standalone.o
FuncShowSelectv2Reset                             .\src\main_menu.o
                                                  .\src\grouped.o
                                                  .\src\standalone.o
FuncStandAlone                                    .\src\standalone.o
                                                  .\src\main.o
FuncStandAloneReset                               .\src\standalone.o
                                                  .\src\main.o
GPIO_Config                                       .\src\stm32f0x_gpio.o
                                                  .\src\main.o
GPIO_DeInit                                       ..\STM32F0xx_StdPeriph_Lib_V1.3.1\Libraries\STM32F0xx_StdPeriph_Driver\src\stm32f0xx_gpio.o
GPIO_Init                                         ..\STM32F0xx_StdPeriph_Lib_V1.3.1\Libraries\STM32F0xx_StdPeriph_Driver\src\stm32f0xx_gpio.o
GPIO_PinAFConfig                                  ..\STM32F0xx_StdPeriph_Lib_V1.3.1\Libraries\STM32F0xx_StdPeriph_Driver\src\stm32f0xx_gpio.o
GPIO_PinLockConfig                                ..\STM32F0xx_StdPeriph_Lib_V1.3.1\Libraries\STM32F0xx_StdPeriph_Driver\src\stm32f0xx_gpio.o
GPIO_ReadInputData                                ..\STM32F0xx_StdPeriph_Lib_V1.3.1\Libraries\STM32F0xx_StdPeriph_Driver\src\stm32f0xx_gpio.o
GPIO_ReadInputDataBit                             ..\STM32F0xx_StdPeriph_Lib_V1.3.1\Libraries\STM32F0xx_StdPeriph_Driver\src\stm32f0xx_gpio.o
GPIO_ReadOutputData                               ..\STM32F0xx_StdPeriph_Lib_V1.3.1\Libraries\STM32F0xx_StdPeriph_Driver\src\stm32f0xx_gpio.o
GPIO_ReadOutputDataBit                            ..\STM32F0xx_StdPeriph_Lib_V1.3.1\Libraries\STM32F0xx_StdPeriph_Driver\src\stm32f0xx_gpio.o
GPIO_ResetBits                                    ..\STM32F0xx_StdPeriph_Lib_V1.3.1\Libraries\STM32F0xx_StdPeriph_Driver\src\stm32f0xx_gpio.o
GPIO_SetBits                                      ..\STM32F0xx_StdPeriph_Lib_V1.3.1\Libraries\STM32F0xx_StdPeriph_Driver\src\stm32f0xx_gpio.o
GPIO_StructInit                                   ..\STM32F0xx_StdPeriph_Lib_V1.3.1\Libraries\STM32F0xx_StdPeriph_Driver\src\stm32f0xx_gpio.o
GPIO_Write                                        ..\STM32F0xx_StdPeriph_Lib_V1.3.1\Libraries\STM32F0xx_StdPeriph_Driver\src\stm32f0xx_gpio.o
GPIO_WriteBit                                     ..\STM32F0xx_StdPeriph_Lib_V1.3.1\Libraries\STM32F0xx_StdPeriph_Driver\src\stm32f0xx_gpio.o
GetIGrid                                          .\src\synchro.o
Get_Temp                                          .\src\main.o
GroupedStruct_constant                            .\src\main.o
                                                  .\src\grouped.o
GroupedStruct_local                               .\src\grouped.o
HardFault_Handler                                 .\src\stm32f0xx_it.o
                                                  .\cmsis_boot\startup\startup_stm32f0xx.o
I2C1_IRQHandler                                   .\cmsis_boot\startup\startup_stm32f0xx.o
I2C2_IRQHandler                                   .\cmsis_boot\startup\startup_stm32f0xx.o
I2S_Cmd                                           ..\STM32F0xx_StdPeriph_Lib_V1.3.1\Libraries\STM32F0xx_StdPeriph_Driver\src\stm32f0xx_spi.o
I2S_Init                                          ..\STM32F0xx_StdPeriph_Lib_V1.3.1\Libraries\STM32F0xx_StdPeriph_Driver\src\stm32f0xx_spi.o
I2S_StructInit                                    ..\STM32F0xx_StdPeriph_Lib_V1.3.1\Libraries\STM32F0xx_StdPeriph_Driver\src\stm32f0xx_spi.o
LCD2L                                             .\src\lcd.o
LCDClear                                          .\src\lcd.o
LCDCursor                                         .\src\lcd.o
LCDInit                                           .\src\lcd.o
                                                  .\src\main.o
LCDInternalStatus                                 .\src\lcd.o
LCDPrint                                          .\src\lcd.o
LCDPrintNext                                      .\src\lcd.o
LCDSend                                           .\src\lcd.o
LCDStartTransmit                                  .\src\lcd.o
                                                  .\src\networked.o
                                                  .\src\grouped.o
                                                  .\src\main_menu.o
LCDStatus                                         .\src\lcd.o
LCDTimeBase                                       .\src\lcd.o
LCDTransmitArray                                  .\src\lcd.o
LCDTransmitSM                                     .\src\lcd.o
LCDTransmitSMStr                                  .\src\lcd.o
LCDTransmitStr                                    .\src\lcd.o
                                                  .\src\networked.o
                                                  .\src\grouped.o
                                                  .\src\standalone.o
                                                  .\src\main_menu.o
LCD_callback                                      .\src\lcd.o
LcdSetDDRAMSM                                     .\src\lcd.o
Lcd_Command                                       .\src\lcd.o
                                                  .\src\main.o
Lcd_Delay                                         .\src\lcd.o
Lcd_SetDDRAM                                      .\src\lcd.o
                                                  .\src\networked.o
                                                  .\src\grouped.o
                                                  .\src\standalone.o
                                                  .\src\main_menu.o
Lcd_WritePort                                     .\src\lcd.o
MAFilter                                          .\src\main.o
MAFilter16                                        .\src\main.o
MenuGrouped                                       .\src\grouped.o
MenuGroupedReset                                  .\src\grouped.o
MenuNetworked                                     .\src\networked.o
MenuStandAlone                                    .\src\standalone.o
MenuStandAloneReset                               .\src\standalone.o
NMI_Handler                                       .\src\stm32f0xx_it.o
                                                  .\cmsis_boot\startup\startup_stm32f0xx.o
NVIC_Init                                         ..\STM32F0xx_StdPeriph_Lib_V1.3.1\Libraries\STM32F0xx_StdPeriph_Driver\src\stm32f0xx_misc.o
                                                  .\src\stm32f0x_tim.o
NVIC_SystemLPConfig                               ..\STM32F0xx_StdPeriph_Lib_V1.3.1\Libraries\STM32F0xx_StdPeriph_Driver\src\stm32f0xx_misc.o
NetworkedStruct_constant                          .\src\main.o
                                                  .\src\networked.o
NetworkedStruct_local                             .\src\networked.o
OneShootTIM16                                     .\src\stm32f0x_tim.o
                                                  .\src\dmx_transceiver.o
PVD_IRQHandler                                    .\cmsis_boot\startup\startup_stm32f0xx.o
Packet_Detected_Flag                              .\src\networked.o
                                                  .\src\grouped.o
                                                  .\src\stm32f0x_uart.o
                                                  .\src\main.o
PendSV_Handler                                    .\src\stm32f0xx_it.o
                                                  .\cmsis_boot\startup\startup_stm32f0xx.o
RCC_ADCCLKConfig                                  ..\STM32F0xx_StdPeriph_Lib_V1.3.1\Libraries\STM32F0xx_StdPeriph_Driver\src\stm32f0xx_rcc.o
RCC_AHBPeriphClockCmd                             ..\STM32F0xx_StdPeriph_Lib_V1.3.1\Libraries\STM32F0xx_StdPeriph_Driver\src\stm32f0xx_rcc.o
RCC_AHBPeriphResetCmd                             ..\STM32F0xx_StdPeriph_Lib_V1.3.1\Libraries\STM32F0xx_StdPeriph_Driver\src\stm32f0xx_rcc.o
                                                  ..\STM32F0xx_StdPeriph_Lib_V1.3.1\Libraries\STM32F0xx_StdPeriph_Driver\src\stm32f0xx_gpio.o
RCC_APB1PeriphClockCmd                            ..\STM32F0xx_StdPeriph_Lib_V1.3.1\Libraries\STM32F0xx_StdPeriph_Driver\src\stm32f0xx_rcc.o
RCC_APB1PeriphResetCmd                            ..\STM32F0xx_StdPeriph_Lib_V1.3.1\Libraries\STM32F0xx_StdPeriph_Driver\src\stm32f0xx_rcc.o
                                                  ..\STM32F0xx_StdPeriph_Lib_V1.3.1\Libraries\STM32F0xx_StdPeriph_Driver\src\stm32f0xx_usart.o
                                                  ..\STM32F0xx_StdPeriph_Lib_V1.3.1\Libraries\STM32F0xx_StdPeriph_Driver\src\stm32f0xx_tim.o
                                                  ..\STM32F0xx_StdPeriph_Lib_V1.3.1\Libraries\STM32F0xx_StdPeriph_Driver\src\stm32f0xx_spi.o
RCC_APB2PeriphClockCmd                            ..\STM32F0xx_StdPeriph_Lib_V1.3.1\Libraries\STM32F0xx_StdPeriph_Driver\src\stm32f0xx_rcc.o
RCC_APB2PeriphResetCmd                            ..\STM32F0xx_StdPeriph_Lib_V1.3.1\Libraries\STM32F0xx_StdPeriph_Driver\src\stm32f0xx_rcc.o
                                                  ..\STM32F0xx_StdPeriph_Lib_V1.3.1\Libraries\STM32F0xx_StdPeriph_Driver\src\stm32f0xx_usart.o
                                                  ..\STM32F0xx_StdPeriph_Lib_V1.3.1\Libraries\STM32F0xx_StdPeriph_Driver\src\stm32f0xx_tim.o
                                                  ..\STM32F0xx_StdPeriph_Lib_V1.3.1\Libraries\STM32F0xx_StdPeriph_Driver\src\stm32f0xx_spi.o
                                                  ..\STM32F0xx_StdPeriph_Lib_V1.3.1\Libraries\STM32F0xx_StdPeriph_Driver\src\stm32f0xx_adc.o
RCC_AdjustHSI14CalibrationValue                   ..\STM32F0xx_StdPeriph_Lib_V1.3.1\Libraries\STM32F0xx_StdPeriph_Driver\src\stm32f0xx_rcc.o
RCC_AdjustHSICalibrationValue                     ..\STM32F0xx_StdPeriph_Lib_V1.3.1\Libraries\STM32F0xx_StdPeriph_Driver\src\stm32f0xx_rcc.o
RCC_BackupResetCmd                                ..\STM32F0xx_StdPeriph_Lib_V1.3.1\Libraries\STM32F0xx_StdPeriph_Driver\src\stm32f0xx_rcc.o
RCC_CECCLKConfig                                  ..\STM32F0xx_StdPeriph_Lib_V1.3.1\Libraries\STM32F0xx_StdPeriph_Driver\src\stm32f0xx_rcc.o
RCC_ClearFlag                                     ..\STM32F0xx_StdPeriph_Lib_V1.3.1\Libraries\STM32F0xx_StdPeriph_Driver\src\stm32f0xx_rcc.o
RCC_ClearITPendingBit                             ..\STM32F0xx_StdPeriph_Lib_V1.3.1\Libraries\STM32F0xx_StdPeriph_Driver\src\stm32f0xx_rcc.o
RCC_ClockSecuritySystemCmd                        ..\STM32F0xx_StdPeriph_Lib_V1.3.1\Libraries\STM32F0xx_StdPeriph_Driver\src\stm32f0xx_rcc.o
RCC_DeInit                                        ..\STM32F0xx_StdPeriph_Lib_V1.3.1\Libraries\STM32F0xx_StdPeriph_Driver\src\stm32f0xx_rcc.o
RCC_GetClocksFreq                                 ..\STM32F0xx_StdPeriph_Lib_V1.3.1\Libraries\STM32F0xx_StdPeriph_Driver\src\stm32f0xx_rcc.o
                                                  ..\STM32F0xx_StdPeriph_Lib_V1.3.1\Libraries\STM32F0xx_StdPeriph_Driver\src\stm32f0xx_usart.o
                                                  ..\STM32F0xx_StdPeriph_Lib_V1.3.1\Libraries\STM32F0xx_StdPeriph_Driver\src\stm32f0xx_spi.o
RCC_GetFlagStatus                                 ..\STM32F0xx_StdPeriph_Lib_V1.3.1\Libraries\STM32F0xx_StdPeriph_Driver\src\stm32f0xx_rcc.o
RCC_GetITStatus                                   ..\STM32F0xx_StdPeriph_Lib_V1.3.1\Libraries\STM32F0xx_StdPeriph_Driver\src\stm32f0xx_rcc.o
RCC_GetSYSCLKSource                               ..\STM32F0xx_StdPeriph_Lib_V1.3.1\Libraries\STM32F0xx_StdPeriph_Driver\src\stm32f0xx_rcc.o
RCC_HCLKConfig                                    ..\STM32F0xx_StdPeriph_Lib_V1.3.1\Libraries\STM32F0xx_StdPeriph_Driver\src\stm32f0xx_rcc.o
RCC_HSEConfig                                     ..\STM32F0xx_StdPeriph_Lib_V1.3.1\Libraries\STM32F0xx_StdPeriph_Driver\src\stm32f0xx_rcc.o
RCC_HSI14ADCRequestCmd                            ..\STM32F0xx_StdPeriph_Lib_V1.3.1\Libraries\STM32F0xx_StdPeriph_Driver\src\stm32f0xx_rcc.o
RCC_HSI14Cmd                                      ..\STM32F0xx_StdPeriph_Lib_V1.3.1\Libraries\STM32F0xx_StdPeriph_Driver\src\stm32f0xx_rcc.o
RCC_HSI48Cmd                                      ..\STM32F0xx_StdPeriph_Lib_V1.3.1\Libraries\STM32F0xx_StdPeriph_Driver\src\stm32f0xx_rcc.o
RCC_HSICmd                                        ..\STM32F0xx_StdPeriph_Lib_V1.3.1\Libraries\STM32F0xx_StdPeriph_Driver\src\stm32f0xx_rcc.o
RCC_I2CCLKConfig                                  ..\STM32F0xx_StdPeriph_Lib_V1.3.1\Libraries\STM32F0xx_StdPeriph_Driver\src\stm32f0xx_rcc.o
RCC_IRQHandler                                    .\cmsis_boot\startup\startup_stm32f0xx.o
RCC_ITConfig                                      ..\STM32F0xx_StdPeriph_Lib_V1.3.1\Libraries\STM32F0xx_StdPeriph_Driver\src\stm32f0xx_rcc.o
RCC_LSEConfig                                     ..\STM32F0xx_StdPeriph_Lib_V1.3.1\Libraries\STM32F0xx_StdPeriph_Driver\src\stm32f0xx_rcc.o
RCC_LSEDriveConfig                                ..\STM32F0xx_StdPeriph_Lib_V1.3.1\Libraries\STM32F0xx_StdPeriph_Driver\src\stm32f0xx_rcc.o
RCC_LSICmd                                        ..\STM32F0xx_StdPeriph_Lib_V1.3.1\Libraries\STM32F0xx_StdPeriph_Driver\src\stm32f0xx_rcc.o
RCC_MCOConfig                                     ..\STM32F0xx_StdPeriph_Lib_V1.3.1\Libraries\STM32F0xx_StdPeriph_Driver\src\stm32f0xx_rcc.o
RCC_PCLKConfig                                    ..\STM32F0xx_StdPeriph_Lib_V1.3.1\Libraries\STM32F0xx_StdPeriph_Driver\src\stm32f0xx_rcc.o
RCC_PLLCmd                                        ..\STM32F0xx_StdPeriph_Lib_V1.3.1\Libraries\STM32F0xx_StdPeriph_Driver\src\stm32f0xx_rcc.o
RCC_PLLConfig                                     ..\STM32F0xx_StdPeriph_Lib_V1.3.1\Libraries\STM32F0xx_StdPeriph_Driver\src\stm32f0xx_rcc.o
RCC_PREDIV1Config                                 ..\STM32F0xx_StdPeriph_Lib_V1.3.1\Libraries\STM32F0xx_StdPeriph_Driver\src\stm32f0xx_rcc.o
RCC_RTCCLKCmd                                     ..\STM32F0xx_StdPeriph_Lib_V1.3.1\Libraries\STM32F0xx_StdPeriph_Driver\src\stm32f0xx_rcc.o
RCC_RTCCLKConfig                                  ..\STM32F0xx_StdPeriph_Lib_V1.3.1\Libraries\STM32F0xx_StdPeriph_Driver\src\stm32f0xx_rcc.o
RCC_SYSCLKConfig                                  ..\STM32F0xx_StdPeriph_Lib_V1.3.1\Libraries\STM32F0xx_StdPeriph_Driver\src\stm32f0xx_rcc.o
RCC_USARTCLKConfig                                ..\STM32F0xx_StdPeriph_Lib_V1.3.1\Libraries\STM32F0xx_StdPeriph_Driver\src\stm32f0xx_rcc.o
RCC_USBCLKConfig                                  ..\STM32F0xx_StdPeriph_Lib_V1.3.1\Libraries\STM32F0xx_StdPeriph_Driver\src\stm32f0xx_rcc.o
RCC_WaitForHSEStartUp                             ..\STM32F0xx_StdPeriph_Lib_V1.3.1\Libraries\STM32F0xx_StdPeriph_Driver\src\stm32f0xx_rcc.o
RTC_IRQHandler                                    .\cmsis_boot\startup\startup_stm32f0xx.o
ReadADC1                                          .\src\adc.o
                                                  .\src\synchro.o
                                                  .\src\main.o
ReadADC1Check                                     .\src\adc.o
ReadADC1_SameSampleTime                           .\src\adc.o
ReadMem                                           .\src\flash_program.o
Reset_Handler                                     .\cmsis_boot\startup\startup_stm32f0xx.o
SPI1_IRQHandler                                   .\cmsis_boot\startup\startup_stm32f0xx.o
SPI2_IRQHandler                                   .\cmsis_boot\startup\startup_stm32f0xx.o
SPI_BiDirectionalLineConfig                       ..\STM32F0xx_StdPeriph_Lib_V1.3.1\Libraries\STM32F0xx_StdPeriph_Driver\src\stm32f0xx_spi.o
SPI_CRCLengthConfig                               ..\STM32F0xx_StdPeriph_Lib_V1.3.1\Libraries\STM32F0xx_StdPeriph_Driver\src\stm32f0xx_spi.o
SPI_CalculateCRC                                  ..\STM32F0xx_StdPeriph_Lib_V1.3.1\Libraries\STM32F0xx_StdPeriph_Driver\src\stm32f0xx_spi.o
SPI_Cmd                                           ..\STM32F0xx_StdPeriph_Lib_V1.3.1\Libraries\STM32F0xx_StdPeriph_Driver\src\stm32f0xx_spi.o
SPI_DataSizeConfig                                ..\STM32F0xx_StdPeriph_Lib_V1.3.1\Libraries\STM32F0xx_StdPeriph_Driver\src\stm32f0xx_spi.o
SPI_GetCRC                                        ..\STM32F0xx_StdPeriph_Lib_V1.3.1\Libraries\STM32F0xx_StdPeriph_Driver\src\stm32f0xx_spi.o
SPI_GetCRCPolynomial                              ..\STM32F0xx_StdPeriph_Lib_V1.3.1\Libraries\STM32F0xx_StdPeriph_Driver\src\stm32f0xx_spi.o
SPI_GetReceptionFIFOStatus                        ..\STM32F0xx_StdPeriph_Lib_V1.3.1\Libraries\STM32F0xx_StdPeriph_Driver\src\stm32f0xx_spi.o
SPI_GetTransmissionFIFOStatus                     ..\STM32F0xx_StdPeriph_Lib_V1.3.1\Libraries\STM32F0xx_StdPeriph_Driver\src\stm32f0xx_spi.o
SPI_I2S_ClearFlag                                 ..\STM32F0xx_StdPeriph_Lib_V1.3.1\Libraries\STM32F0xx_StdPeriph_Driver\src\stm32f0xx_spi.o
SPI_I2S_DMACmd                                    ..\STM32F0xx_StdPeriph_Lib_V1.3.1\Libraries\STM32F0xx_StdPeriph_Driver\src\stm32f0xx_spi.o
SPI_I2S_DeInit                                    ..\STM32F0xx_StdPeriph_Lib_V1.3.1\Libraries\STM32F0xx_StdPeriph_Driver\src\stm32f0xx_spi.o
SPI_I2S_GetFlagStatus                             ..\STM32F0xx_StdPeriph_Lib_V1.3.1\Libraries\STM32F0xx_StdPeriph_Driver\src\stm32f0xx_spi.o
SPI_I2S_GetITStatus                               ..\STM32F0xx_StdPeriph_Lib_V1.3.1\Libraries\STM32F0xx_StdPeriph_Driver\src\stm32f0xx_spi.o
SPI_I2S_ITConfig                                  ..\STM32F0xx_StdPeriph_Lib_V1.3.1\Libraries\STM32F0xx_StdPeriph_Driver\src\stm32f0xx_spi.o
SPI_I2S_ReceiveData16                             ..\STM32F0xx_StdPeriph_Lib_V1.3.1\Libraries\STM32F0xx_StdPeriph_Driver\src\stm32f0xx_spi.o
SPI_I2S_SendData16                                ..\STM32F0xx_StdPeriph_Lib_V1.3.1\Libraries\STM32F0xx_StdPeriph_Driver\src\stm32f0xx_spi.o
SPI_Init                                          ..\STM32F0xx_StdPeriph_Lib_V1.3.1\Libraries\STM32F0xx_StdPeriph_Driver\src\stm32f0xx_spi.o
SPI_LastDMATransferCmd                            ..\STM32F0xx_StdPeriph_Lib_V1.3.1\Libraries\STM32F0xx_StdPeriph_Driver\src\stm32f0xx_spi.o
SPI_NSSInternalSoftwareConfig                     ..\STM32F0xx_StdPeriph_Lib_V1.3.1\Libraries\STM32F0xx_StdPeriph_Driver\src\stm32f0xx_spi.o
SPI_NSSPulseModeCmd                               ..\STM32F0xx_StdPeriph_Lib_V1.3.1\Libraries\STM32F0xx_StdPeriph_Driver\src\stm32f0xx_spi.o
SPI_ReceiveData8                                  ..\STM32F0xx_StdPeriph_Lib_V1.3.1\Libraries\STM32F0xx_StdPeriph_Driver\src\stm32f0xx_spi.o
SPI_RxFIFOThresholdConfig                         ..\STM32F0xx_StdPeriph_Lib_V1.3.1\Libraries\STM32F0xx_StdPeriph_Driver\src\stm32f0xx_spi.o
SPI_SSOutputCmd                                   ..\STM32F0xx_StdPeriph_Lib_V1.3.1\Libraries\STM32F0xx_StdPeriph_Driver\src\stm32f0xx_spi.o
SPI_SendData8                                     ..\STM32F0xx_StdPeriph_Lib_V1.3.1\Libraries\STM32F0xx_StdPeriph_Driver\src\stm32f0xx_spi.o
SPI_StructInit                                    ..\STM32F0xx_StdPeriph_Lib_V1.3.1\Libraries\STM32F0xx_StdPeriph_Driver\src\stm32f0xx_spi.o
SPI_TIModeCmd                                     ..\STM32F0xx_StdPeriph_Lib_V1.3.1\Libraries\STM32F0xx_StdPeriph_Driver\src\stm32f0xx_spi.o
SPI_TransmitCRC                                   ..\STM32F0xx_StdPeriph_Lib_V1.3.1\Libraries\STM32F0xx_StdPeriph_Driver\src\stm32f0xx_spi.o
SVC_Handler                                       .\src\stm32f0xx_it.o
                                                  .\cmsis_boot\startup\startup_stm32f0xx.o
SendDMXPacket                                     .\src\dmx_transceiver.o
                                                  .\src\grouped.o
                                                  .\src\stm32f0x_uart.o
                                                  .\src\stm32f0x_tim.o
SetADC1_SampleTime                                .\src\adc.o
SetSysClockInternalRC                             .\cmsis_boot\system_stm32f0xx.o
ShowConfStandAlone                                .\src\standalone.o
ShowConfStandAloneReset                           .\src\standalone.o
ShowConfStandAloneResetEnd                        .\src\standalone.o
StandAloneStruct_constant                         .\src\main.o
                                                  .\src\standalone.o
StandAloneStruct_local                            .\src\standalone.o
SwapNibble                                        .\src\lcd.o
SysTick_CLKSourceConfig                           ..\STM32F0xx_StdPeriph_Lib_V1.3.1\Libraries\STM32F0xx_StdPeriph_Driver\src\stm32f0xx_misc.o
SysTick_Handler                                   .\src\stm32f0xx_it.o
                                                  .\cmsis_boot\startup\startup_stm32f0xx.o
SystemCoreClock                                   .\cmsis_boot\system_stm32f0xx.o
SystemCoreClockUpdate                             .\cmsis_boot\system_stm32f0xx.o
SystemInit                                        .\cmsis_boot\system_stm32f0xx.o
                                                  .\cmsis_boot\startup\startup_stm32f0xx.o
TIM14_IRQHandler                                  .\src\stm32f0x_tim.o
                                                  .\cmsis_boot\startup\startup_stm32f0xx.o
TIM15_IRQHandler                                  .\cmsis_boot\startup\startup_stm32f0xx.o
TIM16_IRQHandler                                  .\src\stm32f0x_tim.o
                                                  .\cmsis_boot\startup\startup_stm32f0xx.o
TIM17_IRQHandler                                  .\src\stm32f0x_tim.o
                                                  .\cmsis_boot\startup\startup_stm32f0xx.o
TIM1_BRK_UP_TRG_COM_IRQHandler                    .\cmsis_boot\startup\startup_stm32f0xx.o
TIM1_CC_IRQHandler                                .\cmsis_boot\startup\startup_stm32f0xx.o
TIM2_IRQHandler                                   .\cmsis_boot\startup\startup_stm32f0xx.o
TIM3_IRQHandler                                   .\src\stm32f0x_tim.o
                                                  .\cmsis_boot\startup\startup_stm32f0xx.o
TIM6_DAC_IRQHandler                               .\cmsis_boot\startup\startup_stm32f0xx.o
TIM_14_Init                                       .\src\stm32f0x_tim.o
                                                  .\src\main.o
TIM_16_Init                                       .\src\stm32f0x_tim.o
                                                  .\src\main.o
TIM_17_Init                                       .\src\stm32f0x_tim.o
TIM_3_Init                                        .\src\stm32f0x_tim.o
                                                  .\src\main.o
TIM_6_Init                                        .\src\stm32f0x_tim.o
TIM_ARRPreloadConfig                              ..\STM32F0xx_StdPeriph_Lib_V1.3.1\Libraries\STM32F0xx_StdPeriph_Driver\src\stm32f0xx_tim.o
TIM_BDTRConfig                                    ..\STM32F0xx_StdPeriph_Lib_V1.3.1\Libraries\STM32F0xx_StdPeriph_Driver\src\stm32f0xx_tim.o
TIM_BDTRStructInit                                ..\STM32F0xx_StdPeriph_Lib_V1.3.1\Libraries\STM32F0xx_StdPeriph_Driver\src\stm32f0xx_tim.o
TIM_CCPreloadControl                              ..\STM32F0xx_StdPeriph_Lib_V1.3.1\Libraries\STM32F0xx_StdPeriph_Driver\src\stm32f0xx_tim.o
TIM_CCxCmd                                        ..\STM32F0xx_StdPeriph_Lib_V1.3.1\Libraries\STM32F0xx_StdPeriph_Driver\src\stm32f0xx_tim.o
TIM_CCxNCmd                                       ..\STM32F0xx_StdPeriph_Lib_V1.3.1\Libraries\STM32F0xx_StdPeriph_Driver\src\stm32f0xx_tim.o
TIM_ClearFlag                                     ..\STM32F0xx_StdPeriph_Lib_V1.3.1\Libraries\STM32F0xx_StdPeriph_Driver\src\stm32f0xx_tim.o
TIM_ClearITPendingBit                             ..\STM32F0xx_StdPeriph_Lib_V1.3.1\Libraries\STM32F0xx_StdPeriph_Driver\src\stm32f0xx_tim.o
TIM_ClearOC1Ref                                   ..\STM32F0xx_StdPeriph_Lib_V1.3.1\Libraries\STM32F0xx_StdPeriph_Driver\src\stm32f0xx_tim.o
TIM_ClearOC2Ref                                   ..\STM32F0xx_StdPeriph_Lib_V1.3.1\Libraries\STM32F0xx_StdPeriph_Driver\src\stm32f0xx_tim.o
TIM_ClearOC3Ref                                   ..\STM32F0xx_StdPeriph_Lib_V1.3.1\Libraries\STM32F0xx_StdPeriph_Driver\src\stm32f0xx_tim.o
TIM_ClearOC4Ref                                   ..\STM32F0xx_StdPeriph_Lib_V1.3.1\Libraries\STM32F0xx_StdPeriph_Driver\src\stm32f0xx_tim.o
TIM_Cmd                                           ..\STM32F0xx_StdPeriph_Lib_V1.3.1\Libraries\STM32F0xx_StdPeriph_Driver\src\stm32f0xx_tim.o
TIM_CounterModeConfig                             ..\STM32F0xx_StdPeriph_Lib_V1.3.1\Libraries\STM32F0xx_StdPeriph_Driver\src\stm32f0xx_tim.o
TIM_CtrlPWMOutputs                                ..\STM32F0xx_StdPeriph_Lib_V1.3.1\Libraries\STM32F0xx_StdPeriph_Driver\src\stm32f0xx_tim.o
TIM_DMACmd                                        ..\STM32F0xx_StdPeriph_Lib_V1.3.1\Libraries\STM32F0xx_StdPeriph_Driver\src\stm32f0xx_tim.o
TIM_DMAConfig                                     ..\STM32F0xx_StdPeriph_Lib_V1.3.1\Libraries\STM32F0xx_StdPeriph_Driver\src\stm32f0xx_tim.o
TIM_DeInit                                        ..\STM32F0xx_StdPeriph_Lib_V1.3.1\Libraries\STM32F0xx_StdPeriph_Driver\src\stm32f0xx_tim.o
TIM_ETRClockMode1Config                           ..\STM32F0xx_StdPeriph_Lib_V1.3.1\Libraries\STM32F0xx_StdPeriph_Driver\src\stm32f0xx_tim.o
TIM_ETRClockMode2Config                           ..\STM32F0xx_StdPeriph_Lib_V1.3.1\Libraries\STM32F0xx_StdPeriph_Driver\src\stm32f0xx_tim.o
TIM_ETRConfig                                     ..\STM32F0xx_StdPeriph_Lib_V1.3.1\Libraries\STM32F0xx_StdPeriph_Driver\src\stm32f0xx_tim.o
TIM_EncoderInterfaceConfig                        ..\STM32F0xx_StdPeriph_Lib_V1.3.1\Libraries\STM32F0xx_StdPeriph_Driver\src\stm32f0xx_tim.o
TIM_ForcedOC1Config                               ..\STM32F0xx_StdPeriph_Lib_V1.3.1\Libraries\STM32F0xx_StdPeriph_Driver\src\stm32f0xx_tim.o