ARM GAS  C:\Users\Mariano\AppData\Local\Temp\ccDGb6Es.s 			page 1


   1              		.cpu cortex-m0
   2              		.fpu softvfp
   3              		.eabi_attribute 20, 1	@ Tag_ABI_FP_denormal
   4              		.eabi_attribute 21, 1	@ Tag_ABI_FP_exceptions
   5              		.eabi_attribute 23, 3	@ Tag_ABI_FP_number_model
   6              		.eabi_attribute 24, 1	@ Tag_ABI_align8_needed
   7              		.eabi_attribute 25, 1	@ Tag_ABI_align8_preserved
   8              		.eabi_attribute 26, 1	@ Tag_ABI_enum_size
   9              		.eabi_attribute 30, 6	@ Tag_ABI_optimization_goals
  10              		.eabi_attribute 34, 0	@ Tag_CPU_unaligned_access
  11              		.eabi_attribute 18, 4	@ Tag_ABI_PCS_wchar_t
  12              		.file	"core_cm0.c"
  13              	@ GNU C (GNU Tools for ARM Embedded Processors) version 4.7.4 20130613 (release) [ARM/embedded-4_7-
  14              	@	compiled by GNU C version 4.2.1-sjlj (mingw32-2), GMP version 4.3.2, MPFR version 2.4.2, MPC vers
  15              	@ GGC heuristics: --param ggc-min-expand=100 --param ggc-min-heapsize=131072
  16              	@ options passed:  -I . -I .\src -I .\cmsis_boot -I .\cmsis_core
  17              	@ -I ..\STM32F0xx_StdPeriph_Lib_V1.3.1\Libraries\STM32F0xx_StdPeriph_Driver\inc
  18              	@ -I .\inc -I .\cmsis_boot -imultilib armv6-m
  19              	@ -iprefix c:\program files (x86)\gnu tools arm embedded\4.7 2013q2\bin\../lib/gcc/arm-none-eabi/4.
  20              	@ -isysroot c:\program files (x86)\gnu tools arm embedded\4.7 2013q2\bin\../arm-none-eabi
  21              	@ -MD .\cmsis_core\core_cm0.d -MF .dep\core_cm0.o.d -MP
  22              	@ -MQ .\cmsis_core\core_cm0.o -D__USES_INITFINI__ -D RUN_FROM_FLASH=1
  23              	@ .\cmsis_core\core_cm0.c -mcpu=cortex-m0 -mthumb
  24              	@ -auxbase-strip .\cmsis_core\core_cm0.o -g -gdwarf-2 -O0 -Wall
  25              	@ -fomit-frame-pointer -fdata-sections -ffunction-sections -fverbose-asm
  26              	@ options enabled:  -fauto-inc-dec -fbranch-count-reg -fcommon
  27              	@ -fdata-sections -fdebug-types-section -fdelete-null-pointer-checks
  28              	@ -fdwarf2-cfi-asm -fearly-inlining -feliminate-unused-debug-types
  29              	@ -ffunction-cse -ffunction-sections -fgcse-lm -fgnu-runtime -fident
  30              	@ -finline-atomics -fira-hoist-pressure -fira-share-save-slots
  31              	@ -fira-share-spill-slots -fivopts -fkeep-static-consts
  32              	@ -fleading-underscore -fmath-errno -fmerge-debug-strings
  33              	@ -fmove-loop-invariants -fomit-frame-pointer -fpeephole
  34              	@ -fprefetch-loop-arrays -freg-struct-return
  35              	@ -fsched-critical-path-heuristic -fsched-dep-count-heuristic
  36              	@ -fsched-group-heuristic -fsched-interblock -fsched-last-insn-heuristic
  37              	@ -fsched-rank-heuristic -fsched-spec -fsched-spec-insn-heuristic
  38              	@ -fsched-stalled-insns-dep -fshow-column -fsigned-zeros
  39              	@ -fsplit-ivs-in-unroller -fstrict-volatile-bitfields -ftrapping-math
  40              	@ -ftree-cselim -ftree-forwprop -ftree-loop-if-convert -ftree-loop-im
  41              	@ -ftree-loop-ivcanon -ftree-loop-optimize -ftree-parallelize-loops=
  42              	@ -ftree-phiprop -ftree-pta -ftree-reassoc -ftree-scev-cprop
  43              	@ -ftree-slp-vectorize -ftree-vect-loop-version -funit-at-a-time
  44              	@ -fverbose-asm -fzero-initialized-in-bss -mlittle-endian -msched-prolog
  45              	@ -mthumb -mvectorize-with-neon-quad
  46              	
  47              		.text
  48              	.Ltext0:
  49              		.cfi_sections	.debug_frame
  50              		.section	.text.__get_PSP,"ax",%progbits
  51              		.align	2
  52              		.global	__get_PSP
  53              		.code	16
  54              		.thumb_func
  55              		.type	__get_PSP, %function
  56              	__get_PSP:
  57              	.LFB0:
ARM GAS  C:\Users\Mariano\AppData\Local\Temp\ccDGb6Es.s 			page 2


  58              		.file 1 ".\\cmsis_core\\core_cm0.c"
   1:.\cmsis_core/core_cm0.c **** /**************************************************************************//**
   2:.\cmsis_core/core_cm0.c ****  * @file     core_cm0.c
   3:.\cmsis_core/core_cm0.c ****  * @brief    CMSIS Cortex-M0 Core Peripheral Access Layer Source File
   4:.\cmsis_core/core_cm0.c ****  * @version  V1.30
   5:.\cmsis_core/core_cm0.c ****  * @date     30. October 2009
   6:.\cmsis_core/core_cm0.c ****  *
   7:.\cmsis_core/core_cm0.c ****  * @note
   8:.\cmsis_core/core_cm0.c ****  * Copyright (C) 2009 ARM Limited. All rights reserved.
   9:.\cmsis_core/core_cm0.c ****  *
  10:.\cmsis_core/core_cm0.c ****  * @par
  11:.\cmsis_core/core_cm0.c ****  * ARM Limited (ARM) is supplying this software for use with Cortex-M 
  12:.\cmsis_core/core_cm0.c ****  * processor based microcontrollers.  This file can be freely distributed 
  13:.\cmsis_core/core_cm0.c ****  * within development tools that are supporting such ARM based processors. 
  14:.\cmsis_core/core_cm0.c ****  *
  15:.\cmsis_core/core_cm0.c ****  * @par
  16:.\cmsis_core/core_cm0.c ****  * THIS SOFTWARE IS PROVIDED "AS IS".  NO WARRANTIES, WHETHER EXPRESS, IMPLIED
  17:.\cmsis_core/core_cm0.c ****  * OR STATUTORY, INCLUDING, BUT NOT LIMITED TO, IMPLIED WARRANTIES OF
  18:.\cmsis_core/core_cm0.c ****  * MERCHANTABILITY AND FITNESS FOR A PARTICULAR PURPOSE APPLY TO THIS SOFTWARE.
  19:.\cmsis_core/core_cm0.c ****  * ARM SHALL NOT, IN ANY CIRCUMSTANCES, BE LIABLE FOR SPECIAL, INCIDENTAL, OR
  20:.\cmsis_core/core_cm0.c ****  * CONSEQUENTIAL DAMAGES, FOR ANY REASON WHATSOEVER.
  21:.\cmsis_core/core_cm0.c ****  *
  22:.\cmsis_core/core_cm0.c ****  ******************************************************************************/
  23:.\cmsis_core/core_cm0.c **** 
  24:.\cmsis_core/core_cm0.c **** #include <stdint.h>
  25:.\cmsis_core/core_cm0.c **** 
  26:.\cmsis_core/core_cm0.c **** /* define compiler specific symbols */
  27:.\cmsis_core/core_cm0.c **** #if defined ( __CC_ARM   )
  28:.\cmsis_core/core_cm0.c ****   #define __ASM            __asm                                      /*!< asm keyword for ARM Comp
  29:.\cmsis_core/core_cm0.c ****   #define __INLINE         __inline                                   /*!< inline keyword for ARM C
  30:.\cmsis_core/core_cm0.c **** 
  31:.\cmsis_core/core_cm0.c **** #elif defined ( __ICCARM__ )
  32:.\cmsis_core/core_cm0.c ****   #define __ASM           __asm                                       /*!< asm keyword for IAR Comp
  33:.\cmsis_core/core_cm0.c ****   #define __INLINE        inline                                      /*!< inline keyword for IAR C
  34:.\cmsis_core/core_cm0.c **** 
  35:.\cmsis_core/core_cm0.c **** #elif defined   (  __GNUC__  )
  36:.\cmsis_core/core_cm0.c ****   #define __ASM            __asm                                      /*!< asm keyword for GNU Comp
  37:.\cmsis_core/core_cm0.c ****   #define __INLINE         inline                                     /*!< inline keyword for GNU C
  38:.\cmsis_core/core_cm0.c **** 
  39:.\cmsis_core/core_cm0.c **** #elif defined   (  __TASKING__  )
  40:.\cmsis_core/core_cm0.c ****   #define __ASM            __asm                                      /*!< asm keyword for TASKING 
  41:.\cmsis_core/core_cm0.c ****   #define __INLINE         inline                                     /*!< inline keyword for TASKI
  42:.\cmsis_core/core_cm0.c **** 
  43:.\cmsis_core/core_cm0.c **** #endif
  44:.\cmsis_core/core_cm0.c **** 
  45:.\cmsis_core/core_cm0.c **** 
  46:.\cmsis_core/core_cm0.c **** /* ###################  Compiler specific Intrinsics  ########################### */
  47:.\cmsis_core/core_cm0.c **** 
  48:.\cmsis_core/core_cm0.c **** #if defined ( __CC_ARM   ) /*------------------RealView Compiler -----------------*/
  49:.\cmsis_core/core_cm0.c **** /* ARM armcc specific functions */
  50:.\cmsis_core/core_cm0.c **** 
  51:.\cmsis_core/core_cm0.c **** /**
  52:.\cmsis_core/core_cm0.c ****  * @brief  Return the Process Stack Pointer
  53:.\cmsis_core/core_cm0.c ****  *
  54:.\cmsis_core/core_cm0.c ****  * @return ProcessStackPointer
  55:.\cmsis_core/core_cm0.c ****  *
  56:.\cmsis_core/core_cm0.c ****  * Return the actual process stack pointer
ARM GAS  C:\Users\Mariano\AppData\Local\Temp\ccDGb6Es.s 			page 3


  57:.\cmsis_core/core_cm0.c ****  */
  58:.\cmsis_core/core_cm0.c **** __ASM uint32_t __get_PSP(void)
  59:.\cmsis_core/core_cm0.c **** {
  60:.\cmsis_core/core_cm0.c ****   mrs r0, psp
  61:.\cmsis_core/core_cm0.c ****   bx lr
  62:.\cmsis_core/core_cm0.c **** }
  63:.\cmsis_core/core_cm0.c **** 
  64:.\cmsis_core/core_cm0.c **** /**
  65:.\cmsis_core/core_cm0.c ****  * @brief  Set the Process Stack Pointer
  66:.\cmsis_core/core_cm0.c ****  *
  67:.\cmsis_core/core_cm0.c ****  * @param  topOfProcStack  Process Stack Pointer
  68:.\cmsis_core/core_cm0.c ****  *
  69:.\cmsis_core/core_cm0.c ****  * Assign the value ProcessStackPointer to the MSP 
  70:.\cmsis_core/core_cm0.c ****  * (process stack pointer) Cortex processor register
  71:.\cmsis_core/core_cm0.c ****  */
  72:.\cmsis_core/core_cm0.c **** __ASM void __set_PSP(uint32_t topOfProcStack)
  73:.\cmsis_core/core_cm0.c **** {
  74:.\cmsis_core/core_cm0.c ****   msr psp, r0
  75:.\cmsis_core/core_cm0.c ****   bx lr
  76:.\cmsis_core/core_cm0.c **** }
  77:.\cmsis_core/core_cm0.c **** 
  78:.\cmsis_core/core_cm0.c **** /**
  79:.\cmsis_core/core_cm0.c ****  * @brief  Return the Main Stack Pointer
  80:.\cmsis_core/core_cm0.c ****  *
  81:.\cmsis_core/core_cm0.c ****  * @return Main Stack Pointer
  82:.\cmsis_core/core_cm0.c ****  *
  83:.\cmsis_core/core_cm0.c ****  * Return the current value of the MSP (main stack pointer)
  84:.\cmsis_core/core_cm0.c ****  * Cortex processor register
  85:.\cmsis_core/core_cm0.c ****  */
  86:.\cmsis_core/core_cm0.c **** __ASM uint32_t __get_MSP(void)
  87:.\cmsis_core/core_cm0.c **** {
  88:.\cmsis_core/core_cm0.c ****   mrs r0, msp
  89:.\cmsis_core/core_cm0.c ****   bx lr
  90:.\cmsis_core/core_cm0.c **** }
  91:.\cmsis_core/core_cm0.c **** 
  92:.\cmsis_core/core_cm0.c **** /**
  93:.\cmsis_core/core_cm0.c ****  * @brief  Set the Main Stack Pointer
  94:.\cmsis_core/core_cm0.c ****  *
  95:.\cmsis_core/core_cm0.c ****  * @param  topOfMainStack  Main Stack Pointer
  96:.\cmsis_core/core_cm0.c ****  *
  97:.\cmsis_core/core_cm0.c ****  * Assign the value mainStackPointer to the MSP 
  98:.\cmsis_core/core_cm0.c ****  * (main stack pointer) Cortex processor register
  99:.\cmsis_core/core_cm0.c ****  */
 100:.\cmsis_core/core_cm0.c **** __ASM void __set_MSP(uint32_t mainStackPointer)
 101:.\cmsis_core/core_cm0.c **** {
 102:.\cmsis_core/core_cm0.c ****   msr msp, r0
 103:.\cmsis_core/core_cm0.c ****   bx lr
 104:.\cmsis_core/core_cm0.c **** }
 105:.\cmsis_core/core_cm0.c **** 
 106:.\cmsis_core/core_cm0.c **** /**
 107:.\cmsis_core/core_cm0.c ****  * @brief  Reverse byte order in unsigned short value
 108:.\cmsis_core/core_cm0.c ****  *
 109:.\cmsis_core/core_cm0.c ****  * @param   value  value to reverse
 110:.\cmsis_core/core_cm0.c ****  * @return         reversed value
 111:.\cmsis_core/core_cm0.c ****  *
 112:.\cmsis_core/core_cm0.c ****  * Reverse byte order in unsigned short value
 113:.\cmsis_core/core_cm0.c ****  */
ARM GAS  C:\Users\Mariano\AppData\Local\Temp\ccDGb6Es.s 			page 4


 114:.\cmsis_core/core_cm0.c **** __ASM uint32_t __REV16(uint16_t value)
 115:.\cmsis_core/core_cm0.c **** {
 116:.\cmsis_core/core_cm0.c ****   rev16 r0, r0
 117:.\cmsis_core/core_cm0.c ****   bx lr
 118:.\cmsis_core/core_cm0.c **** }
 119:.\cmsis_core/core_cm0.c **** 
 120:.\cmsis_core/core_cm0.c **** /**
 121:.\cmsis_core/core_cm0.c ****  * @brief  Reverse byte order in signed short value with sign extension to integer
 122:.\cmsis_core/core_cm0.c ****  *
 123:.\cmsis_core/core_cm0.c ****  * @param   value  value to reverse
 124:.\cmsis_core/core_cm0.c ****  * @return         reversed value
 125:.\cmsis_core/core_cm0.c ****  *
 126:.\cmsis_core/core_cm0.c ****  * Reverse byte order in signed short value with sign extension to integer
 127:.\cmsis_core/core_cm0.c ****  */
 128:.\cmsis_core/core_cm0.c **** __ASM int32_t __REVSH(int16_t value)
 129:.\cmsis_core/core_cm0.c **** {
 130:.\cmsis_core/core_cm0.c ****   revsh r0, r0
 131:.\cmsis_core/core_cm0.c ****   bx lr
 132:.\cmsis_core/core_cm0.c **** }
 133:.\cmsis_core/core_cm0.c **** 
 134:.\cmsis_core/core_cm0.c **** 
 135:.\cmsis_core/core_cm0.c **** #if (__ARMCC_VERSION < 400000)
 136:.\cmsis_core/core_cm0.c **** 
 137:.\cmsis_core/core_cm0.c **** 
 138:.\cmsis_core/core_cm0.c **** /**
 139:.\cmsis_core/core_cm0.c ****  * @brief  Return the Priority Mask value
 140:.\cmsis_core/core_cm0.c ****  *
 141:.\cmsis_core/core_cm0.c ****  * @return PriMask
 142:.\cmsis_core/core_cm0.c ****  *
 143:.\cmsis_core/core_cm0.c ****  * Return state of the priority mask bit from the priority mask register
 144:.\cmsis_core/core_cm0.c ****  */
 145:.\cmsis_core/core_cm0.c **** __ASM uint32_t __get_PRIMASK(void)
 146:.\cmsis_core/core_cm0.c **** {
 147:.\cmsis_core/core_cm0.c ****   mrs r0, primask
 148:.\cmsis_core/core_cm0.c ****   bx lr
 149:.\cmsis_core/core_cm0.c **** }
 150:.\cmsis_core/core_cm0.c **** 
 151:.\cmsis_core/core_cm0.c **** /**
 152:.\cmsis_core/core_cm0.c ****  * @brief  Set the Priority Mask value
 153:.\cmsis_core/core_cm0.c ****  *
 154:.\cmsis_core/core_cm0.c ****  * @param  priMask  PriMask
 155:.\cmsis_core/core_cm0.c ****  *
 156:.\cmsis_core/core_cm0.c ****  * Set the priority mask bit in the priority mask register
 157:.\cmsis_core/core_cm0.c ****  */
 158:.\cmsis_core/core_cm0.c **** __ASM void __set_PRIMASK(uint32_t priMask)
 159:.\cmsis_core/core_cm0.c **** {
 160:.\cmsis_core/core_cm0.c ****   msr primask, r0
 161:.\cmsis_core/core_cm0.c ****   bx lr
 162:.\cmsis_core/core_cm0.c **** }
 163:.\cmsis_core/core_cm0.c **** 
 164:.\cmsis_core/core_cm0.c **** /**
 165:.\cmsis_core/core_cm0.c ****  * @brief  Return the Control Register value
 166:.\cmsis_core/core_cm0.c ****  * 
 167:.\cmsis_core/core_cm0.c ****  * @return Control value
 168:.\cmsis_core/core_cm0.c ****  *
 169:.\cmsis_core/core_cm0.c ****  * Return the content of the control register
 170:.\cmsis_core/core_cm0.c ****  */
ARM GAS  C:\Users\Mariano\AppData\Local\Temp\ccDGb6Es.s 			page 5


 171:.\cmsis_core/core_cm0.c **** __ASM uint32_t __get_CONTROL(void)
 172:.\cmsis_core/core_cm0.c **** {
 173:.\cmsis_core/core_cm0.c ****   mrs r0, control
 174:.\cmsis_core/core_cm0.c ****   bx lr
 175:.\cmsis_core/core_cm0.c **** }
 176:.\cmsis_core/core_cm0.c **** 
 177:.\cmsis_core/core_cm0.c **** /**
 178:.\cmsis_core/core_cm0.c ****  * @brief  Set the Control Register value
 179:.\cmsis_core/core_cm0.c ****  *
 180:.\cmsis_core/core_cm0.c ****  * @param  control  Control value
 181:.\cmsis_core/core_cm0.c ****  *
 182:.\cmsis_core/core_cm0.c ****  * Set the control register
 183:.\cmsis_core/core_cm0.c ****  */
 184:.\cmsis_core/core_cm0.c **** __ASM void __set_CONTROL(uint32_t control)
 185:.\cmsis_core/core_cm0.c **** {
 186:.\cmsis_core/core_cm0.c ****   msr control, r0
 187:.\cmsis_core/core_cm0.c ****   bx lr
 188:.\cmsis_core/core_cm0.c **** }
 189:.\cmsis_core/core_cm0.c **** 
 190:.\cmsis_core/core_cm0.c **** #endif /* __ARMCC_VERSION  */ 
 191:.\cmsis_core/core_cm0.c **** 
 192:.\cmsis_core/core_cm0.c **** 
 193:.\cmsis_core/core_cm0.c **** 
 194:.\cmsis_core/core_cm0.c **** #elif (defined (__ICCARM__)) /*------------------ ICC Compiler -------------------*/
 195:.\cmsis_core/core_cm0.c **** /* IAR iccarm specific functions */
 196:.\cmsis_core/core_cm0.c **** #pragma diag_suppress=Pe940
 197:.\cmsis_core/core_cm0.c **** 
 198:.\cmsis_core/core_cm0.c **** /**
 199:.\cmsis_core/core_cm0.c ****  * @brief  Return the Process Stack Pointer
 200:.\cmsis_core/core_cm0.c ****  *
 201:.\cmsis_core/core_cm0.c ****  * @return ProcessStackPointer
 202:.\cmsis_core/core_cm0.c ****  *
 203:.\cmsis_core/core_cm0.c ****  * Return the actual process stack pointer
 204:.\cmsis_core/core_cm0.c ****  */
 205:.\cmsis_core/core_cm0.c **** uint32_t __get_PSP(void)
 206:.\cmsis_core/core_cm0.c **** {
 207:.\cmsis_core/core_cm0.c ****   __ASM("mrs r0, psp");
 208:.\cmsis_core/core_cm0.c ****   __ASM("bx lr");
 209:.\cmsis_core/core_cm0.c **** }
 210:.\cmsis_core/core_cm0.c **** 
 211:.\cmsis_core/core_cm0.c **** /**
 212:.\cmsis_core/core_cm0.c ****  * @brief  Set the Process Stack Pointer
 213:.\cmsis_core/core_cm0.c ****  *
 214:.\cmsis_core/core_cm0.c ****  * @param  topOfProcStack  Process Stack Pointer
 215:.\cmsis_core/core_cm0.c ****  *
 216:.\cmsis_core/core_cm0.c ****  * Assign the value ProcessStackPointer to the MSP 
 217:.\cmsis_core/core_cm0.c ****  * (process stack pointer) Cortex processor register
 218:.\cmsis_core/core_cm0.c ****  */
 219:.\cmsis_core/core_cm0.c **** void __set_PSP(uint32_t topOfProcStack)
 220:.\cmsis_core/core_cm0.c **** {
 221:.\cmsis_core/core_cm0.c ****   __ASM("msr psp, r0");
 222:.\cmsis_core/core_cm0.c ****   __ASM("bx lr");
 223:.\cmsis_core/core_cm0.c **** }
 224:.\cmsis_core/core_cm0.c **** 
 225:.\cmsis_core/core_cm0.c **** /**
 226:.\cmsis_core/core_cm0.c ****  * @brief  Return the Main Stack Pointer
 227:.\cmsis_core/core_cm0.c ****  *
ARM GAS  C:\Users\Mariano\AppData\Local\Temp\ccDGb6Es.s 			page 6


 228:.\cmsis_core/core_cm0.c ****  * @return Main Stack Pointer
 229:.\cmsis_core/core_cm0.c ****  *
 230:.\cmsis_core/core_cm0.c ****  * Return the current value of the MSP (main stack pointer)
 231:.\cmsis_core/core_cm0.c ****  * Cortex processor register
 232:.\cmsis_core/core_cm0.c ****  */
 233:.\cmsis_core/core_cm0.c **** uint32_t __get_MSP(void)
 234:.\cmsis_core/core_cm0.c **** {
 235:.\cmsis_core/core_cm0.c ****   __ASM("mrs r0, msp");
 236:.\cmsis_core/core_cm0.c ****   __ASM("bx lr");
 237:.\cmsis_core/core_cm0.c **** }
 238:.\cmsis_core/core_cm0.c **** 
 239:.\cmsis_core/core_cm0.c **** /**
 240:.\cmsis_core/core_cm0.c ****  * @brief  Set the Main Stack Pointer
 241:.\cmsis_core/core_cm0.c ****  *
 242:.\cmsis_core/core_cm0.c ****  * @param  topOfMainStack  Main Stack Pointer
 243:.\cmsis_core/core_cm0.c ****  *
 244:.\cmsis_core/core_cm0.c ****  * Assign the value mainStackPointer to the MSP 
 245:.\cmsis_core/core_cm0.c ****  * (main stack pointer) Cortex processor register
 246:.\cmsis_core/core_cm0.c ****  */
 247:.\cmsis_core/core_cm0.c **** void __set_MSP(uint32_t topOfMainStack)
 248:.\cmsis_core/core_cm0.c **** {
 249:.\cmsis_core/core_cm0.c ****   __ASM("msr msp, r0");
 250:.\cmsis_core/core_cm0.c ****   __ASM("bx lr");
 251:.\cmsis_core/core_cm0.c **** }
 252:.\cmsis_core/core_cm0.c **** 
 253:.\cmsis_core/core_cm0.c **** /**
 254:.\cmsis_core/core_cm0.c ****  * @brief  Reverse byte order in unsigned short value
 255:.\cmsis_core/core_cm0.c ****  *
 256:.\cmsis_core/core_cm0.c ****  * @param  value  value to reverse
 257:.\cmsis_core/core_cm0.c ****  * @return        reversed value
 258:.\cmsis_core/core_cm0.c ****  *
 259:.\cmsis_core/core_cm0.c ****  * Reverse byte order in unsigned short value
 260:.\cmsis_core/core_cm0.c ****  */
 261:.\cmsis_core/core_cm0.c **** uint32_t __REV16(uint16_t value)
 262:.\cmsis_core/core_cm0.c **** {
 263:.\cmsis_core/core_cm0.c ****   __ASM("rev16 r0, r0");
 264:.\cmsis_core/core_cm0.c ****   __ASM("bx lr");
 265:.\cmsis_core/core_cm0.c **** }
 266:.\cmsis_core/core_cm0.c **** 
 267:.\cmsis_core/core_cm0.c **** 
 268:.\cmsis_core/core_cm0.c **** #pragma diag_default=Pe940
 269:.\cmsis_core/core_cm0.c **** 
 270:.\cmsis_core/core_cm0.c **** 
 271:.\cmsis_core/core_cm0.c **** #elif (defined (__GNUC__)) /*------------------ GNU Compiler ---------------------*/
 272:.\cmsis_core/core_cm0.c **** /* GNU gcc specific functions */
 273:.\cmsis_core/core_cm0.c **** 
 274:.\cmsis_core/core_cm0.c **** /**
 275:.\cmsis_core/core_cm0.c ****  * @brief  Return the Process Stack Pointer
 276:.\cmsis_core/core_cm0.c ****  *
 277:.\cmsis_core/core_cm0.c ****  * @return ProcessStackPointer
 278:.\cmsis_core/core_cm0.c ****  *
 279:.\cmsis_core/core_cm0.c ****  * Return the actual process stack pointer
 280:.\cmsis_core/core_cm0.c ****  */
 281:.\cmsis_core/core_cm0.c **** uint32_t __get_PSP(void) __attribute__( ( naked ) );
 282:.\cmsis_core/core_cm0.c **** uint32_t __get_PSP(void)
 283:.\cmsis_core/core_cm0.c **** {
  59              		.loc 1 283 0
ARM GAS  C:\Users\Mariano\AppData\Local\Temp\ccDGb6Es.s 			page 7


  60              		.cfi_startproc
 284:.\cmsis_core/core_cm0.c ****   uint32_t result=0;
  61              		.loc 1 284 0
  62 0000 0024     		mov	r4, #0	@ result,
 285:.\cmsis_core/core_cm0.c **** 
 286:.\cmsis_core/core_cm0.c ****   __ASM volatile ("MRS %0, psp\n\t" 
  63              		.loc 1 286 0
  64              	@ 286 ".\cmsis_core\core_cm0.c" 1
  65 0002 EFF30984 		MRS r4, psp	@ result
  66 0006 201C     		MOV r0, r4 	@ result
  67 0008 7047     		BX  lr     
  68              		
  69              	@ 0 "" 2
 287:.\cmsis_core/core_cm0.c ****                   "MOV r0, %0 \n\t"
 288:.\cmsis_core/core_cm0.c ****                   "BX  lr     \n\t"  : "=r" (result) );
 289:.\cmsis_core/core_cm0.c ****   return(result);
  70              		.loc 1 289 0
  71              		.code	16
  72 000a 231C     		mov	r3, r4	@ D.4145, result
 290:.\cmsis_core/core_cm0.c **** }
  73              		.loc 1 290 0
  74 000c 181C     		mov	r0, r3	@, <retval>
  75              		.cfi_endproc
  76              	.LFE0:
  77              		.size	__get_PSP, .-__get_PSP
  78 000e C046     		.section	.text.__set_PSP,"ax",%progbits
  79              		.align	2
  80              		.global	__set_PSP
  81              		.code	16
  82              		.thumb_func
  83              		.type	__set_PSP, %function
  84              	__set_PSP:
  85              	.LFB1:
 291:.\cmsis_core/core_cm0.c **** 
 292:.\cmsis_core/core_cm0.c **** /**
 293:.\cmsis_core/core_cm0.c ****  * @brief  Set the Process Stack Pointer
 294:.\cmsis_core/core_cm0.c ****  *
 295:.\cmsis_core/core_cm0.c ****  * @param  topOfProcStack  Process Stack Pointer
 296:.\cmsis_core/core_cm0.c ****  *
 297:.\cmsis_core/core_cm0.c ****  * Assign the value ProcessStackPointer to the MSP 
 298:.\cmsis_core/core_cm0.c ****  * (process stack pointer) Cortex processor register
 299:.\cmsis_core/core_cm0.c ****  */
 300:.\cmsis_core/core_cm0.c **** void __set_PSP(uint32_t topOfProcStack) __attribute__( ( naked ) );
 301:.\cmsis_core/core_cm0.c **** void __set_PSP(uint32_t topOfProcStack)
 302:.\cmsis_core/core_cm0.c **** {
  86              		.loc 1 302 0
  87              		.cfi_startproc
  88 0000 031C     		mov	r3, r0	@ topOfProcStack, topOfProcStack
 303:.\cmsis_core/core_cm0.c ****   __ASM volatile ("MSR psp, %0\n\t"
  89              		.loc 1 303 0
  90              	@ 303 ".\cmsis_core\core_cm0.c" 1
  91 0002 83F30988 		MSR psp, r3	@ topOfProcStack
  92 0006 7047     		BX  lr     
  93              		
  94              	@ 0 "" 2
 304:.\cmsis_core/core_cm0.c ****                   "BX  lr     \n\t" : : "r" (topOfProcStack) );
 305:.\cmsis_core/core_cm0.c **** }
ARM GAS  C:\Users\Mariano\AppData\Local\Temp\ccDGb6Es.s 			page 8


  95              		.loc 1 305 0
  96              		.code	16
  97              		.cfi_endproc
  98              	.LFE1:
  99              		.size	__set_PSP, .-__set_PSP
 100              		.section	.text.__get_MSP,"ax",%progbits
 101              		.align	2
 102              		.global	__get_MSP
 103              		.code	16
 104              		.thumb_func
 105              		.type	__get_MSP, %function
 106              	__get_MSP:
 107              	.LFB2:
 306:.\cmsis_core/core_cm0.c **** 
 307:.\cmsis_core/core_cm0.c **** /**
 308:.\cmsis_core/core_cm0.c ****  * @brief  Return the Main Stack Pointer
 309:.\cmsis_core/core_cm0.c ****  *
 310:.\cmsis_core/core_cm0.c ****  * @return Main Stack Pointer
 311:.\cmsis_core/core_cm0.c ****  *
 312:.\cmsis_core/core_cm0.c ****  * Return the current value of the MSP (main stack pointer)
 313:.\cmsis_core/core_cm0.c ****  * Cortex processor register
 314:.\cmsis_core/core_cm0.c ****  */
 315:.\cmsis_core/core_cm0.c **** uint32_t __get_MSP(void) __attribute__( ( naked ) );
 316:.\cmsis_core/core_cm0.c **** uint32_t __get_MSP(void)
 317:.\cmsis_core/core_cm0.c **** {
 108              		.loc 1 317 0
 109              		.cfi_startproc
 318:.\cmsis_core/core_cm0.c ****   uint32_t result=0;
 110              		.loc 1 318 0
 111 0000 0024     		mov	r4, #0	@ result,
 319:.\cmsis_core/core_cm0.c **** 
 320:.\cmsis_core/core_cm0.c ****   __ASM volatile ("MRS %0, msp\n\t" 
 112              		.loc 1 320 0
 113              	@ 320 ".\cmsis_core\core_cm0.c" 1
 114 0002 EFF30884 		MRS r4, msp	@ result
 115 0006 201C     		MOV r0, r4 	@ result
 116 0008 7047     		BX  lr     
 117              		
 118              	@ 0 "" 2
 321:.\cmsis_core/core_cm0.c ****                   "MOV r0, %0 \n\t"
 322:.\cmsis_core/core_cm0.c ****                   "BX  lr     \n\t"  : "=r" (result) );
 323:.\cmsis_core/core_cm0.c ****   return(result);
 119              		.loc 1 323 0
 120              		.code	16
 121 000a 231C     		mov	r3, r4	@ D.4143, result
 324:.\cmsis_core/core_cm0.c **** }
 122              		.loc 1 324 0
 123 000c 181C     		mov	r0, r3	@, <retval>
 124              		.cfi_endproc
 125              	.LFE2:
 126              		.size	__get_MSP, .-__get_MSP
 127 000e C046     		.section	.text.__set_MSP,"ax",%progbits
 128              		.align	2
 129              		.global	__set_MSP
 130              		.code	16
 131              		.thumb_func
 132              		.type	__set_MSP, %function
ARM GAS  C:\Users\Mariano\AppData\Local\Temp\ccDGb6Es.s 			page 9


 133              	__set_MSP:
 134              	.LFB3:
 325:.\cmsis_core/core_cm0.c **** 
 326:.\cmsis_core/core_cm0.c **** /**
 327:.\cmsis_core/core_cm0.c ****  * @brief  Set the Main Stack Pointer
 328:.\cmsis_core/core_cm0.c ****  *
 329:.\cmsis_core/core_cm0.c ****  * @param  topOfMainStack  Main Stack Pointer
 330:.\cmsis_core/core_cm0.c ****  *
 331:.\cmsis_core/core_cm0.c ****  * Assign the value mainStackPointer to the MSP 
 332:.\cmsis_core/core_cm0.c ****  * (main stack pointer) Cortex processor register
 333:.\cmsis_core/core_cm0.c ****  */
 334:.\cmsis_core/core_cm0.c **** void __set_MSP(uint32_t topOfMainStack) __attribute__( ( naked ) );
 335:.\cmsis_core/core_cm0.c **** void __set_MSP(uint32_t topOfMainStack)
 336:.\cmsis_core/core_cm0.c **** {
 135              		.loc 1 336 0
 136              		.cfi_startproc
 137 0000 031C     		mov	r3, r0	@ topOfMainStack, topOfMainStack
 337:.\cmsis_core/core_cm0.c ****   __ASM volatile ("MSR msp, %0\n\t"
 138              		.loc 1 337 0
 139              	@ 337 ".\cmsis_core\core_cm0.c" 1
 140 0002 83F30888 		MSR msp, r3	@ topOfMainStack
 141 0006 7047     		BX  lr     
 142              		
 143              	@ 0 "" 2
 338:.\cmsis_core/core_cm0.c ****                   "BX  lr     \n\t" : : "r" (topOfMainStack) );
 339:.\cmsis_core/core_cm0.c **** }
 144              		.loc 1 339 0
 145              		.code	16
 146              		.cfi_endproc
 147              	.LFE3:
 148              		.size	__set_MSP, .-__set_MSP
 149              		.section	.text.__get_PRIMASK,"ax",%progbits
 150              		.align	2
 151              		.global	__get_PRIMASK
 152              		.code	16
 153              		.thumb_func
 154              		.type	__get_PRIMASK, %function
 155              	__get_PRIMASK:
 156              	.LFB4:
 340:.\cmsis_core/core_cm0.c **** 
 341:.\cmsis_core/core_cm0.c **** 
 342:.\cmsis_core/core_cm0.c **** /**
 343:.\cmsis_core/core_cm0.c ****  * @brief  Return the Priority Mask value
 344:.\cmsis_core/core_cm0.c ****  *
 345:.\cmsis_core/core_cm0.c ****  * @return PriMask
 346:.\cmsis_core/core_cm0.c ****  *
 347:.\cmsis_core/core_cm0.c ****  * Return state of the priority mask bit from the priority mask register
 348:.\cmsis_core/core_cm0.c ****  */
 349:.\cmsis_core/core_cm0.c **** uint32_t __get_PRIMASK(void)
 350:.\cmsis_core/core_cm0.c **** {
 157              		.loc 1 350 0
 158              		.cfi_startproc
 159 0000 10B5     		push	{r4, lr}	@
 160              	.LCFI0:
 161              		.cfi_def_cfa_offset 8
 162              		.cfi_offset 4, -8
 163              		.cfi_offset 14, -4
ARM GAS  C:\Users\Mariano\AppData\Local\Temp\ccDGb6Es.s 			page 10


 164 0002 82B0     		sub	sp, sp, #8	@,,
 165              	.LCFI1:
 166              		.cfi_def_cfa_offset 16
 351:.\cmsis_core/core_cm0.c ****   uint32_t result=0;
 167              		.loc 1 351 0
 168 0004 0023     		mov	r3, #0	@ tmp136,
 169 0006 0193     		str	r3, [sp, #4]	@ tmp136, result
 352:.\cmsis_core/core_cm0.c **** 
 353:.\cmsis_core/core_cm0.c ****   __ASM volatile ("MRS %0, primask" : "=r" (result) );
 170              		.loc 1 353 0
 171              	@ 353 ".\cmsis_core\core_cm0.c" 1
 172 0008 EFF31084 		MRS r4, primask	@ result
 173              	@ 0 "" 2
 174              		.code	16
 175 000c 0194     		str	r4, [sp, #4]	@ result, result
 354:.\cmsis_core/core_cm0.c ****   return(result);
 176              		.loc 1 354 0
 177 000e 019B     		ldr	r3, [sp, #4]	@ D.4141, result
 355:.\cmsis_core/core_cm0.c **** }
 178              		.loc 1 355 0
 179 0010 181C     		mov	r0, r3	@, <retval>
 180 0012 02B0     		add	sp, sp, #8	@,,
 181              		@ sp needed for prologue	@
 182 0014 10BD     		pop	{r4, pc}
 183              		.cfi_endproc
 184              	.LFE4:
 185              		.size	__get_PRIMASK, .-__get_PRIMASK
 186 0016 C046     		.section	.text.__set_PRIMASK,"ax",%progbits
 187              		.align	2
 188              		.global	__set_PRIMASK
 189              		.code	16
 190              		.thumb_func
 191              		.type	__set_PRIMASK, %function
 192              	__set_PRIMASK:
 193              	.LFB5:
 356:.\cmsis_core/core_cm0.c **** 
 357:.\cmsis_core/core_cm0.c **** /**
 358:.\cmsis_core/core_cm0.c ****  * @brief  Set the Priority Mask value
 359:.\cmsis_core/core_cm0.c ****  *
 360:.\cmsis_core/core_cm0.c ****  * @param  priMask  PriMask
 361:.\cmsis_core/core_cm0.c ****  *
 362:.\cmsis_core/core_cm0.c ****  * Set the priority mask bit in the priority mask register
 363:.\cmsis_core/core_cm0.c ****  */
 364:.\cmsis_core/core_cm0.c **** void __set_PRIMASK(uint32_t priMask)
 365:.\cmsis_core/core_cm0.c **** {
 194              		.loc 1 365 0
 195              		.cfi_startproc
 196 0000 82B0     		sub	sp, sp, #8	@,,
 197              	.LCFI2:
 198              		.cfi_def_cfa_offset 8
 199 0002 0190     		str	r0, [sp, #4]	@ priMask, priMask
 366:.\cmsis_core/core_cm0.c ****   __ASM volatile ("MSR primask, %0" : : "r" (priMask) );
 200              		.loc 1 366 0
 201 0004 019B     		ldr	r3, [sp, #4]	@ tmp134, priMask
 202              	@ 366 ".\cmsis_core\core_cm0.c" 1
 203 0006 83F31088 		MSR primask, r3	@ tmp134
 204              	@ 0 "" 2
ARM GAS  C:\Users\Mariano\AppData\Local\Temp\ccDGb6Es.s 			page 11


 367:.\cmsis_core/core_cm0.c **** }
 205              		.loc 1 367 0
 206              		.code	16
 207 000a 02B0     		add	sp, sp, #8	@,,
 208              		@ sp needed for prologue	@
 209 000c 7047     		bx	lr
 210              		.cfi_endproc
 211              	.LFE5:
 212              		.size	__set_PRIMASK, .-__set_PRIMASK
 213 000e C046     		.section	.text.__get_CONTROL,"ax",%progbits
 214              		.align	2
 215              		.global	__get_CONTROL
 216              		.code	16
 217              		.thumb_func
 218              		.type	__get_CONTROL, %function
 219              	__get_CONTROL:
 220              	.LFB6:
 368:.\cmsis_core/core_cm0.c **** 
 369:.\cmsis_core/core_cm0.c **** /**
 370:.\cmsis_core/core_cm0.c ****  * @brief  Return the Control Register value
 371:.\cmsis_core/core_cm0.c **** * 
 372:.\cmsis_core/core_cm0.c **** *  @return Control value
 373:.\cmsis_core/core_cm0.c ****  *
 374:.\cmsis_core/core_cm0.c ****  * Return the content of the control register
 375:.\cmsis_core/core_cm0.c ****  */
 376:.\cmsis_core/core_cm0.c **** uint32_t __get_CONTROL(void)
 377:.\cmsis_core/core_cm0.c **** {
 221              		.loc 1 377 0
 222              		.cfi_startproc
 223 0000 10B5     		push	{r4, lr}	@
 224              	.LCFI3:
 225              		.cfi_def_cfa_offset 8
 226              		.cfi_offset 4, -8
 227              		.cfi_offset 14, -4
 228 0002 82B0     		sub	sp, sp, #8	@,,
 229              	.LCFI4:
 230              		.cfi_def_cfa_offset 16
 378:.\cmsis_core/core_cm0.c ****   uint32_t result=0;
 231              		.loc 1 378 0
 232 0004 0023     		mov	r3, #0	@ tmp136,
 233 0006 0193     		str	r3, [sp, #4]	@ tmp136, result
 379:.\cmsis_core/core_cm0.c **** 
 380:.\cmsis_core/core_cm0.c ****   __ASM volatile ("MRS %0, control" : "=r" (result) );
 234              		.loc 1 380 0
 235              	@ 380 ".\cmsis_core\core_cm0.c" 1
 236 0008 EFF31484 		MRS r4, control	@ result
 237              	@ 0 "" 2
 238              		.code	16
 239 000c 0194     		str	r4, [sp, #4]	@ result, result
 381:.\cmsis_core/core_cm0.c ****   return(result);
 240              		.loc 1 381 0
 241 000e 019B     		ldr	r3, [sp, #4]	@ D.4139, result
 382:.\cmsis_core/core_cm0.c **** }
 242              		.loc 1 382 0
 243 0010 181C     		mov	r0, r3	@, <retval>
 244 0012 02B0     		add	sp, sp, #8	@,,
 245              		@ sp needed for prologue	@
ARM GAS  C:\Users\Mariano\AppData\Local\Temp\ccDGb6Es.s 			page 12


 246 0014 10BD     		pop	{r4, pc}
 247              		.cfi_endproc
 248              	.LFE6:
 249              		.size	__get_CONTROL, .-__get_CONTROL
 250 0016 C046     		.section	.text.__set_CONTROL,"ax",%progbits
 251              		.align	2
 252              		.global	__set_CONTROL
 253              		.code	16
 254              		.thumb_func
 255              		.type	__set_CONTROL, %function
 256              	__set_CONTROL:
 257              	.LFB7:
 383:.\cmsis_core/core_cm0.c **** 
 384:.\cmsis_core/core_cm0.c **** /**
 385:.\cmsis_core/core_cm0.c ****  * @brief  Set the Control Register value
 386:.\cmsis_core/core_cm0.c ****  *
 387:.\cmsis_core/core_cm0.c ****  * @param  control  Control value
 388:.\cmsis_core/core_cm0.c ****  *
 389:.\cmsis_core/core_cm0.c ****  * Set the control register
 390:.\cmsis_core/core_cm0.c ****  */
 391:.\cmsis_core/core_cm0.c **** void __set_CONTROL(uint32_t control)
 392:.\cmsis_core/core_cm0.c **** {
 258              		.loc 1 392 0
 259              		.cfi_startproc
 260 0000 82B0     		sub	sp, sp, #8	@,,
 261              	.LCFI5:
 262              		.cfi_def_cfa_offset 8
 263 0002 0190     		str	r0, [sp, #4]	@ control, control
 393:.\cmsis_core/core_cm0.c ****   __ASM volatile ("MSR control, %0" : : "r" (control) );
 264              		.loc 1 393 0
 265 0004 019B     		ldr	r3, [sp, #4]	@ tmp134, control
 266              	@ 393 ".\cmsis_core\core_cm0.c" 1
 267 0006 83F31488 		MSR control, r3	@ tmp134
 268              	@ 0 "" 2
 394:.\cmsis_core/core_cm0.c **** }
 269              		.loc 1 394 0
 270              		.code	16
 271 000a 02B0     		add	sp, sp, #8	@,,
 272              		@ sp needed for prologue	@
 273 000c 7047     		bx	lr
 274              		.cfi_endproc
 275              	.LFE7:
 276              		.size	__set_CONTROL, .-__set_CONTROL
 277 000e C046     		.section	.text.__REV,"ax",%progbits
 278              		.align	2
 279              		.global	__REV
 280              		.code	16
 281              		.thumb_func
 282              		.type	__REV, %function
 283              	__REV:
 284              	.LFB8:
 395:.\cmsis_core/core_cm0.c **** 
 396:.\cmsis_core/core_cm0.c **** 
 397:.\cmsis_core/core_cm0.c **** /**
 398:.\cmsis_core/core_cm0.c ****  * @brief  Reverse byte order in integer value
 399:.\cmsis_core/core_cm0.c ****  *
 400:.\cmsis_core/core_cm0.c ****  * @param  value  value to reverse
ARM GAS  C:\Users\Mariano\AppData\Local\Temp\ccDGb6Es.s 			page 13


 401:.\cmsis_core/core_cm0.c ****  * @return        reversed value
 402:.\cmsis_core/core_cm0.c ****  *
 403:.\cmsis_core/core_cm0.c ****  * Reverse byte order in integer value
 404:.\cmsis_core/core_cm0.c ****  */
 405:.\cmsis_core/core_cm0.c **** uint32_t __REV(uint32_t value)
 406:.\cmsis_core/core_cm0.c **** {
 285              		.loc 1 406 0
 286              		.cfi_startproc
 287 0000 10B5     		push	{r4, lr}	@
 288              	.LCFI6:
 289              		.cfi_def_cfa_offset 8
 290              		.cfi_offset 4, -8
 291              		.cfi_offset 14, -4
 292 0002 84B0     		sub	sp, sp, #16	@,,
 293              	.LCFI7:
 294              		.cfi_def_cfa_offset 24
 295 0004 0190     		str	r0, [sp, #4]	@ value, value
 407:.\cmsis_core/core_cm0.c ****   uint32_t result=0;
 296              		.loc 1 407 0
 297 0006 0023     		mov	r3, #0	@ tmp136,
 298 0008 0393     		str	r3, [sp, #12]	@ tmp136, result
 408:.\cmsis_core/core_cm0.c ****   
 409:.\cmsis_core/core_cm0.c ****   __ASM volatile ("rev %0, %1" : "=r" (result) : "r" (value) );
 299              		.loc 1 409 0
 300 000a 019B     		ldr	r3, [sp, #4]	@ tmp138, value
 301              	@ 409 ".\cmsis_core\core_cm0.c" 1
 302 000c 1CBA     		rev r4, r3	@ result, tmp138
 303              	@ 0 "" 2
 304              		.code	16
 305 000e 0394     		str	r4, [sp, #12]	@ result, result
 410:.\cmsis_core/core_cm0.c ****   return(result);
 306              		.loc 1 410 0
 307 0010 039B     		ldr	r3, [sp, #12]	@ D.4137, result
 411:.\cmsis_core/core_cm0.c **** }
 308              		.loc 1 411 0
 309 0012 181C     		mov	r0, r3	@, <retval>
 310 0014 04B0     		add	sp, sp, #16	@,,
 311              		@ sp needed for prologue	@
 312 0016 10BD     		pop	{r4, pc}
 313              		.cfi_endproc
 314              	.LFE8:
 315              		.size	__REV, .-__REV
 316              		.section	.text.__REV16,"ax",%progbits
 317              		.align	2
 318              		.global	__REV16
 319              		.code	16
 320              		.thumb_func
 321              		.type	__REV16, %function
 322              	__REV16:
 323              	.LFB9:
 412:.\cmsis_core/core_cm0.c **** 
 413:.\cmsis_core/core_cm0.c **** /**
 414:.\cmsis_core/core_cm0.c ****  * @brief  Reverse byte order in unsigned short value
 415:.\cmsis_core/core_cm0.c ****  *
 416:.\cmsis_core/core_cm0.c ****  * @param  value  value to reverse
 417:.\cmsis_core/core_cm0.c ****  * @return        reversed value
 418:.\cmsis_core/core_cm0.c ****  *
ARM GAS  C:\Users\Mariano\AppData\Local\Temp\ccDGb6Es.s 			page 14


 419:.\cmsis_core/core_cm0.c ****  * Reverse byte order in unsigned short value
 420:.\cmsis_core/core_cm0.c ****  */
 421:.\cmsis_core/core_cm0.c **** uint32_t __REV16(uint16_t value)
 422:.\cmsis_core/core_cm0.c **** {
 324              		.loc 1 422 0
 325              		.cfi_startproc
 326 0000 10B5     		push	{r4, lr}	@
 327              	.LCFI8:
 328              		.cfi_def_cfa_offset 8
 329              		.cfi_offset 4, -8
 330              		.cfi_offset 14, -4
 331 0002 84B0     		sub	sp, sp, #16	@,,
 332              	.LCFI9:
 333              		.cfi_def_cfa_offset 24
 334 0004 021C     		mov	r2, r0	@ tmp136, value
 335 0006 6B46     		mov	r3, sp	@ tmp137,
 336 0008 0633     		add	r3, r3, #6	@ tmp137,
 337 000a 1A80     		strh	r2, [r3]	@ tmp138, value
 423:.\cmsis_core/core_cm0.c ****   uint32_t result=0;
 338              		.loc 1 423 0
 339 000c 0023     		mov	r3, #0	@ tmp139,
 340 000e 0393     		str	r3, [sp, #12]	@ tmp139, result
 424:.\cmsis_core/core_cm0.c ****   
 425:.\cmsis_core/core_cm0.c ****   __ASM volatile ("rev16 %0, %1" : "=r" (result) : "r" (value) );
 341              		.loc 1 425 0
 342 0010 6B46     		mov	r3, sp	@ tmp141,
 343 0012 0633     		add	r3, r3, #6	@ tmp141,
 344 0014 1B88     		ldrh	r3, [r3]	@ tmp142, value
 345              	@ 425 ".\cmsis_core\core_cm0.c" 1
 346 0016 5CBA     		rev16 r4, r3	@ result, tmp142
 347              	@ 0 "" 2
 348              		.code	16
 349 0018 0394     		str	r4, [sp, #12]	@ result, result
 426:.\cmsis_core/core_cm0.c ****   return(result);
 350              		.loc 1 426 0
 351 001a 039B     		ldr	r3, [sp, #12]	@ D.4135, result
 427:.\cmsis_core/core_cm0.c **** }
 352              		.loc 1 427 0
 353 001c 181C     		mov	r0, r3	@, <retval>
 354 001e 04B0     		add	sp, sp, #16	@,,
 355              		@ sp needed for prologue	@
 356 0020 10BD     		pop	{r4, pc}
 357              		.cfi_endproc
 358              	.LFE9:
 359              		.size	__REV16, .-__REV16
 360 0022 C046     		.section	.text.__REVSH,"ax",%progbits
 361              		.align	2
 362              		.global	__REVSH
 363              		.code	16
 364              		.thumb_func
 365              		.type	__REVSH, %function
 366              	__REVSH:
 367              	.LFB10:
 428:.\cmsis_core/core_cm0.c **** 
 429:.\cmsis_core/core_cm0.c **** /**
 430:.\cmsis_core/core_cm0.c ****  * @brief  Reverse byte order in signed short value with sign extension to integer
 431:.\cmsis_core/core_cm0.c ****  *
ARM GAS  C:\Users\Mariano\AppData\Local\Temp\ccDGb6Es.s 			page 15


 432:.\cmsis_core/core_cm0.c ****  * @param  value  value to reverse
 433:.\cmsis_core/core_cm0.c ****  * @return        reversed value
 434:.\cmsis_core/core_cm0.c ****  *
 435:.\cmsis_core/core_cm0.c ****  * Reverse byte order in signed short value with sign extension to integer
 436:.\cmsis_core/core_cm0.c ****  */
 437:.\cmsis_core/core_cm0.c **** int32_t __REVSH(int16_t value)
 438:.\cmsis_core/core_cm0.c **** {
 368              		.loc 1 438 0
 369              		.cfi_startproc
 370 0000 10B5     		push	{r4, lr}	@
 371              	.LCFI10:
 372              		.cfi_def_cfa_offset 8
 373              		.cfi_offset 4, -8
 374              		.cfi_offset 14, -4
 375 0002 84B0     		sub	sp, sp, #16	@,,
 376              	.LCFI11:
 377              		.cfi_def_cfa_offset 24
 378 0004 021C     		mov	r2, r0	@ tmp136, value
 379 0006 6B46     		mov	r3, sp	@ tmp137,
 380 0008 0633     		add	r3, r3, #6	@ tmp137,
 381 000a 1A80     		strh	r2, [r3]	@ tmp138, value
 439:.\cmsis_core/core_cm0.c ****   uint32_t result=0;
 382              		.loc 1 439 0
 383 000c 0023     		mov	r3, #0	@ tmp139,
 384 000e 0393     		str	r3, [sp, #12]	@ tmp139, result
 440:.\cmsis_core/core_cm0.c ****   
 441:.\cmsis_core/core_cm0.c ****   __ASM volatile ("revsh %0, %1" : "=r" (result) : "r" (value) );
 385              		.loc 1 441 0
 386 0010 6B46     		mov	r3, sp	@ tmp141,
 387 0012 0633     		add	r3, r3, #6	@ tmp141,
 388 0014 1B88     		ldrh	r3, [r3]	@ tmp142, value
 389              	@ 441 ".\cmsis_core\core_cm0.c" 1
 390 0016 DCBA     		revsh r4, r3	@ result, tmp142
 391              	@ 0 "" 2
 392              		.code	16
 393 0018 0394     		str	r4, [sp, #12]	@ result, result
 442:.\cmsis_core/core_cm0.c ****   return(result);
 394              		.loc 1 442 0
 395 001a 039B     		ldr	r3, [sp, #12]	@ D.4133, result
 443:.\cmsis_core/core_cm0.c **** }
 396              		.loc 1 443 0
 397 001c 181C     		mov	r0, r3	@, <retval>
 398 001e 04B0     		add	sp, sp, #16	@,,
 399              		@ sp needed for prologue	@
 400 0020 10BD     		pop	{r4, pc}
 401              		.cfi_endproc
 402              	.LFE10:
 403              		.size	__REVSH, .-__REVSH
 404 0022 C046     		.text
 405              	.Letext0:
 406              		.file 2 "c:\\program files (x86)\\gnu tools arm embedded\\4.7 2013q2\\bin\\../lib/gcc/arm-none-eab
 407              		.section	.debug_info,"",%progbits
 408              	.Ldebug_info0:
 409 0000 AE020000 		.4byte	0x2ae
 410 0004 0200     		.2byte	0x2
 411 0006 00000000 		.4byte	.Ldebug_abbrev0
 412 000a 04       		.byte	0x4
ARM GAS  C:\Users\Mariano\AppData\Local\Temp\ccDGb6Es.s 			page 16


 413 000b 01       		.uleb128 0x1
 414 000c BF000000 		.4byte	.LASF30
 415 0010 01       		.byte	0x1
 416 0011 A1010000 		.4byte	.LASF31
 417 0015 5B010000 		.4byte	.LASF32
 418 0019 00000000 		.4byte	.Ldebug_ranges0+0
 419 001d 00000000 		.4byte	0
 420 0021 00000000 		.4byte	0
 421 0025 00000000 		.4byte	.Ldebug_line0
 422 0029 02       		.uleb128 0x2
 423 002a 01       		.byte	0x1
 424 002b 06       		.byte	0x6
 425 002c F2010000 		.4byte	.LASF0
 426 0030 02       		.uleb128 0x2
 427 0031 01       		.byte	0x1
 428 0032 08       		.byte	0x8
 429 0033 5B000000 		.4byte	.LASF1
 430 0037 03       		.uleb128 0x3
 431 0038 26010000 		.4byte	.LASF3
 432 003c 02       		.byte	0x2
 433 003d 35       		.byte	0x35
 434 003e 42000000 		.4byte	0x42
 435 0042 02       		.uleb128 0x2
 436 0043 02       		.byte	0x2
 437 0044 05       		.byte	0x5
 438 0045 CD010000 		.4byte	.LASF2
 439 0049 03       		.uleb128 0x3
 440 004a D7010000 		.4byte	.LASF4
 441 004e 02       		.byte	0x2
 442 004f 36       		.byte	0x36
 443 0050 54000000 		.4byte	0x54
 444 0054 02       		.uleb128 0x2
 445 0055 02       		.byte	0x2
 446 0056 07       		.byte	0x7
 447 0057 89000000 		.4byte	.LASF5
 448 005b 03       		.uleb128 0x3
 449 005c 2E010000 		.4byte	.LASF6
 450 0060 02       		.byte	0x2
 451 0061 4F       		.byte	0x4f
 452 0062 66000000 		.4byte	0x66
 453 0066 02       		.uleb128 0x2
 454 0067 04       		.byte	0x4
 455 0068 05       		.byte	0x5
 456 0069 E9010000 		.4byte	.LASF7
 457 006d 03       		.uleb128 0x3
 458 006e E0010000 		.4byte	.LASF8
 459 0072 02       		.byte	0x2
 460 0073 50       		.byte	0x50
 461 0074 78000000 		.4byte	0x78
 462 0078 02       		.uleb128 0x2
 463 0079 04       		.byte	0x4
 464 007a 07       		.byte	0x7
 465 007b 77000000 		.4byte	.LASF9
 466 007f 02       		.uleb128 0x2
 467 0080 08       		.byte	0x8
 468 0081 05       		.byte	0x5
 469 0082 4D010000 		.4byte	.LASF10
ARM GAS  C:\Users\Mariano\AppData\Local\Temp\ccDGb6Es.s 			page 17


 470 0086 02       		.uleb128 0x2
 471 0087 08       		.byte	0x8
 472 0088 07       		.byte	0x7
 473 0089 08010000 		.4byte	.LASF11
 474 008d 04       		.uleb128 0x4
 475 008e 04       		.byte	0x4
 476 008f 05       		.byte	0x5
 477 0090 696E7400 		.ascii	"int\000"
 478 0094 02       		.uleb128 0x2
 479 0095 04       		.byte	0x4
 480 0096 07       		.byte	0x7
 481 0097 B2000000 		.4byte	.LASF12
 482 009b 05       		.uleb128 0x5
 483 009c 01       		.byte	0x1
 484 009d 3F000000 		.4byte	.LASF13
 485 00a1 01       		.byte	0x1
 486 00a2 1A01     		.2byte	0x11a
 487 00a4 01       		.byte	0x1
 488 00a5 6D000000 		.4byte	0x6d
 489 00a9 00000000 		.4byte	.LFB0
 490 00ad 0E000000 		.4byte	.LFE0
 491 00b1 02       		.byte	0x2
 492 00b2 7D       		.byte	0x7d
 493 00b3 00       		.sleb128 0
 494 00b4 01       		.byte	0x1
 495 00b5 C8000000 		.4byte	0xc8
 496 00b9 06       		.uleb128 0x6
 497 00ba 1F010000 		.4byte	.LASF15
 498 00be 01       		.byte	0x1
 499 00bf 1C01     		.2byte	0x11c
 500 00c1 6D000000 		.4byte	0x6d
 501 00c5 01       		.byte	0x1
 502 00c6 54       		.byte	0x54
 503 00c7 00       		.byte	0
 504 00c8 07       		.uleb128 0x7
 505 00c9 01       		.byte	0x1
 506 00ca 49000000 		.4byte	.LASF16
 507 00ce 01       		.byte	0x1
 508 00cf 2D01     		.2byte	0x12d
 509 00d1 01       		.byte	0x1
 510 00d2 00000000 		.4byte	.LFB1
 511 00d6 08000000 		.4byte	.LFE1
 512 00da 02       		.byte	0x2
 513 00db 7D       		.byte	0x7d
 514 00dc 00       		.sleb128 0
 515 00dd 01       		.byte	0x1
 516 00de F1000000 		.4byte	0xf1
 517 00e2 08       		.uleb128 0x8
 518 00e3 1C000000 		.4byte	.LASF18
 519 00e7 01       		.byte	0x1
 520 00e8 2D01     		.2byte	0x12d
 521 00ea 6D000000 		.4byte	0x6d
 522 00ee 01       		.byte	0x1
 523 00ef 53       		.byte	0x53
 524 00f0 00       		.byte	0
 525 00f1 05       		.uleb128 0x5
 526 00f2 01       		.byte	0x1
ARM GAS  C:\Users\Mariano\AppData\Local\Temp\ccDGb6Es.s 			page 18


 527 00f3 2B000000 		.4byte	.LASF14
 528 00f7 01       		.byte	0x1
 529 00f8 3C01     		.2byte	0x13c
 530 00fa 01       		.byte	0x1
 531 00fb 6D000000 		.4byte	0x6d
 532 00ff 00000000 		.4byte	.LFB2
 533 0103 0E000000 		.4byte	.LFE2
 534 0107 02       		.byte	0x2
 535 0108 7D       		.byte	0x7d
 536 0109 00       		.sleb128 0
 537 010a 01       		.byte	0x1
 538 010b 1E010000 		.4byte	0x11e
 539 010f 06       		.uleb128 0x6
 540 0110 1F010000 		.4byte	.LASF15
 541 0114 01       		.byte	0x1
 542 0115 3E01     		.2byte	0x13e
 543 0117 6D000000 		.4byte	0x6d
 544 011b 01       		.byte	0x1
 545 011c 54       		.byte	0x54
 546 011d 00       		.byte	0
 547 011e 07       		.uleb128 0x7
 548 011f 01       		.byte	0x1
 549 0120 35000000 		.4byte	.LASF17
 550 0124 01       		.byte	0x1
 551 0125 4F01     		.2byte	0x14f
 552 0127 01       		.byte	0x1
 553 0128 00000000 		.4byte	.LFB3
 554 012c 08000000 		.4byte	.LFE3
 555 0130 02       		.byte	0x2
 556 0131 7D       		.byte	0x7d
 557 0132 00       		.sleb128 0
 558 0133 01       		.byte	0x1
 559 0134 47010000 		.4byte	0x147
 560 0138 08       		.uleb128 0x8
 561 0139 3E010000 		.4byte	.LASF19
 562 013d 01       		.byte	0x1
 563 013e 4F01     		.2byte	0x14f
 564 0140 6D000000 		.4byte	0x6d
 565 0144 01       		.byte	0x1
 566 0145 53       		.byte	0x53
 567 0146 00       		.byte	0
 568 0147 09       		.uleb128 0x9
 569 0148 01       		.byte	0x1
 570 0149 69000000 		.4byte	.LASF20
 571 014d 01       		.byte	0x1
 572 014e 5D01     		.2byte	0x15d
 573 0150 01       		.byte	0x1
 574 0151 6D000000 		.4byte	0x6d
 575 0155 00000000 		.4byte	.LFB4
 576 0159 16000000 		.4byte	.LFE4
 577 015d 00000000 		.4byte	.LLST0
 578 0161 01       		.byte	0x1
 579 0162 76010000 		.4byte	0x176
 580 0166 06       		.uleb128 0x6
 581 0167 1F010000 		.4byte	.LASF15
 582 016b 01       		.byte	0x1
 583 016c 5F01     		.2byte	0x15f
ARM GAS  C:\Users\Mariano\AppData\Local\Temp\ccDGb6Es.s 			page 19


 584 016e 6D000000 		.4byte	0x6d
 585 0172 02       		.byte	0x2
 586 0173 91       		.byte	0x91
 587 0174 74       		.sleb128 -12
 588 0175 00       		.byte	0
 589 0176 0A       		.uleb128 0xa
 590 0177 01       		.byte	0x1
 591 0178 A4000000 		.4byte	.LASF21
 592 017c 01       		.byte	0x1
 593 017d 6C01     		.2byte	0x16c
 594 017f 01       		.byte	0x1
 595 0180 00000000 		.4byte	.LFB5
 596 0184 0E000000 		.4byte	.LFE5
 597 0188 2C000000 		.4byte	.LLST1
 598 018c 01       		.byte	0x1
 599 018d A1010000 		.4byte	0x1a1
 600 0191 08       		.uleb128 0x8
 601 0192 14000000 		.4byte	.LASF22
 602 0196 01       		.byte	0x1
 603 0197 6C01     		.2byte	0x16c
 604 0199 6D000000 		.4byte	0x6d
 605 019d 02       		.byte	0x2
 606 019e 91       		.byte	0x91
 607 019f 7C       		.sleb128 -4
 608 01a0 00       		.byte	0
 609 01a1 09       		.uleb128 0x9
 610 01a2 01       		.byte	0x1
 611 01a3 BF010000 		.4byte	.LASF23
 612 01a7 01       		.byte	0x1
 613 01a8 7801     		.2byte	0x178
 614 01aa 01       		.byte	0x1
 615 01ab 6D000000 		.4byte	0x6d
 616 01af 00000000 		.4byte	.LFB6
 617 01b3 16000000 		.4byte	.LFE6
 618 01b7 4C000000 		.4byte	.LLST2
 619 01bb 01       		.byte	0x1
 620 01bc D0010000 		.4byte	0x1d0
 621 01c0 06       		.uleb128 0x6
 622 01c1 1F010000 		.4byte	.LASF15
 623 01c5 01       		.byte	0x1
 624 01c6 7A01     		.2byte	0x17a
 625 01c8 6D000000 		.4byte	0x6d
 626 01cc 02       		.byte	0x2
 627 01cd 91       		.byte	0x91
 628 01ce 74       		.sleb128 -12
 629 01cf 00       		.byte	0
 630 01d0 0A       		.uleb128 0xa
 631 01d1 01       		.byte	0x1
 632 01d2 00000000 		.4byte	.LASF24
 633 01d6 01       		.byte	0x1
 634 01d7 8701     		.2byte	0x187
 635 01d9 01       		.byte	0x1
 636 01da 00000000 		.4byte	.LFB7
 637 01de 0E000000 		.4byte	.LFE7
 638 01e2 78000000 		.4byte	.LLST3
 639 01e6 01       		.byte	0x1
 640 01e7 FB010000 		.4byte	0x1fb
ARM GAS  C:\Users\Mariano\AppData\Local\Temp\ccDGb6Es.s 			page 20


 641 01eb 08       		.uleb128 0x8
 642 01ec 9C000000 		.4byte	.LASF25
 643 01f0 01       		.byte	0x1
 644 01f1 8701     		.2byte	0x187
 645 01f3 6D000000 		.4byte	0x6d
 646 01f7 02       		.byte	0x2
 647 01f8 91       		.byte	0x91
 648 01f9 7C       		.sleb128 -4
 649 01fa 00       		.byte	0
 650 01fb 09       		.uleb128 0x9
 651 01fc 01       		.byte	0x1
 652 01fd B9010000 		.4byte	.LASF26
 653 0201 01       		.byte	0x1
 654 0202 9501     		.2byte	0x195
 655 0204 01       		.byte	0x1
 656 0205 6D000000 		.4byte	0x6d
 657 0209 00000000 		.4byte	.LFB8
 658 020d 18000000 		.4byte	.LFE8
 659 0211 98000000 		.4byte	.LLST4
 660 0215 01       		.byte	0x1
 661 0216 39020000 		.4byte	0x239
 662 021a 08       		.uleb128 0x8
 663 021b 0E000000 		.4byte	.LASF27
 664 021f 01       		.byte	0x1
 665 0220 9501     		.2byte	0x195
 666 0222 6D000000 		.4byte	0x6d
 667 0226 02       		.byte	0x2
 668 0227 91       		.byte	0x91
 669 0228 6C       		.sleb128 -20
 670 0229 06       		.uleb128 0x6
 671 022a 1F010000 		.4byte	.LASF15
 672 022e 01       		.byte	0x1
 673 022f 9701     		.2byte	0x197
 674 0231 6D000000 		.4byte	0x6d
 675 0235 02       		.byte	0x2
 676 0236 91       		.byte	0x91
 677 0237 74       		.sleb128 -12
 678 0238 00       		.byte	0
 679 0239 09       		.uleb128 0x9
 680 023a 01       		.byte	0x1
 681 023b 53000000 		.4byte	.LASF28
 682 023f 01       		.byte	0x1
 683 0240 A501     		.2byte	0x1a5
 684 0242 01       		.byte	0x1
 685 0243 6D000000 		.4byte	0x6d
 686 0247 00000000 		.4byte	.LFB9
 687 024b 22000000 		.4byte	.LFE9
 688 024f C4000000 		.4byte	.LLST5
 689 0253 01       		.byte	0x1
 690 0254 77020000 		.4byte	0x277
 691 0258 08       		.uleb128 0x8
 692 0259 0E000000 		.4byte	.LASF27
 693 025d 01       		.byte	0x1
 694 025e A501     		.2byte	0x1a5
 695 0260 49000000 		.4byte	0x49
 696 0264 02       		.byte	0x2
 697 0265 91       		.byte	0x91
ARM GAS  C:\Users\Mariano\AppData\Local\Temp\ccDGb6Es.s 			page 21


 698 0266 6E       		.sleb128 -18
 699 0267 06       		.uleb128 0x6
 700 0268 1F010000 		.4byte	.LASF15
 701 026c 01       		.byte	0x1
 702 026d A701     		.2byte	0x1a7
 703 026f 6D000000 		.4byte	0x6d
 704 0273 02       		.byte	0x2
 705 0274 91       		.byte	0x91
 706 0275 74       		.sleb128 -12
 707 0276 00       		.byte	0
 708 0277 0B       		.uleb128 0xb
 709 0278 01       		.byte	0x1
 710 0279 36010000 		.4byte	.LASF29
 711 027d 01       		.byte	0x1
 712 027e B501     		.2byte	0x1b5
 713 0280 01       		.byte	0x1
 714 0281 5B000000 		.4byte	0x5b
 715 0285 00000000 		.4byte	.LFB10
 716 0289 22000000 		.4byte	.LFE10
 717 028d F0000000 		.4byte	.LLST6
 718 0291 01       		.byte	0x1
 719 0292 08       		.uleb128 0x8
 720 0293 0E000000 		.4byte	.LASF27
 721 0297 01       		.byte	0x1
 722 0298 B501     		.2byte	0x1b5
 723 029a 37000000 		.4byte	0x37
 724 029e 02       		.byte	0x2
 725 029f 91       		.byte	0x91
 726 02a0 6E       		.sleb128 -18
 727 02a1 06       		.uleb128 0x6
 728 02a2 1F010000 		.4byte	.LASF15
 729 02a6 01       		.byte	0x1
 730 02a7 B701     		.2byte	0x1b7
 731 02a9 6D000000 		.4byte	0x6d
 732 02ad 02       		.byte	0x2
 733 02ae 91       		.byte	0x91
 734 02af 74       		.sleb128 -12
 735 02b0 00       		.byte	0
 736 02b1 00       		.byte	0
 737              		.section	.debug_abbrev,"",%progbits
 738              	.Ldebug_abbrev0:
 739 0000 01       		.uleb128 0x1
 740 0001 11       		.uleb128 0x11
 741 0002 01       		.byte	0x1
 742 0003 25       		.uleb128 0x25
 743 0004 0E       		.uleb128 0xe
 744 0005 13       		.uleb128 0x13
 745 0006 0B       		.uleb128 0xb
 746 0007 03       		.uleb128 0x3
 747 0008 0E       		.uleb128 0xe
 748 0009 1B       		.uleb128 0x1b
 749 000a 0E       		.uleb128 0xe
 750 000b 55       		.uleb128 0x55
 751 000c 06       		.uleb128 0x6
 752 000d 11       		.uleb128 0x11
 753 000e 01       		.uleb128 0x1
 754 000f 52       		.uleb128 0x52
ARM GAS  C:\Users\Mariano\AppData\Local\Temp\ccDGb6Es.s 			page 22


 755 0010 01       		.uleb128 0x1
 756 0011 10       		.uleb128 0x10
 757 0012 06       		.uleb128 0x6
 758 0013 00       		.byte	0
 759 0014 00       		.byte	0
 760 0015 02       		.uleb128 0x2
 761 0016 24       		.uleb128 0x24
 762 0017 00       		.byte	0
 763 0018 0B       		.uleb128 0xb
 764 0019 0B       		.uleb128 0xb
 765 001a 3E       		.uleb128 0x3e
 766 001b 0B       		.uleb128 0xb
 767 001c 03       		.uleb128 0x3
 768 001d 0E       		.uleb128 0xe
 769 001e 00       		.byte	0
 770 001f 00       		.byte	0
 771 0020 03       		.uleb128 0x3
 772 0021 16       		.uleb128 0x16
 773 0022 00       		.byte	0
 774 0023 03       		.uleb128 0x3
 775 0024 0E       		.uleb128 0xe
 776 0025 3A       		.uleb128 0x3a
 777 0026 0B       		.uleb128 0xb
 778 0027 3B       		.uleb128 0x3b
 779 0028 0B       		.uleb128 0xb
 780 0029 49       		.uleb128 0x49
 781 002a 13       		.uleb128 0x13
 782 002b 00       		.byte	0
 783 002c 00       		.byte	0
 784 002d 04       		.uleb128 0x4
 785 002e 24       		.uleb128 0x24
 786 002f 00       		.byte	0
 787 0030 0B       		.uleb128 0xb
 788 0031 0B       		.uleb128 0xb
 789 0032 3E       		.uleb128 0x3e
 790 0033 0B       		.uleb128 0xb
 791 0034 03       		.uleb128 0x3
 792 0035 08       		.uleb128 0x8
 793 0036 00       		.byte	0
 794 0037 00       		.byte	0
 795 0038 05       		.uleb128 0x5
 796 0039 2E       		.uleb128 0x2e
 797 003a 01       		.byte	0x1
 798 003b 3F       		.uleb128 0x3f
 799 003c 0C       		.uleb128 0xc
 800 003d 03       		.uleb128 0x3
 801 003e 0E       		.uleb128 0xe
 802 003f 3A       		.uleb128 0x3a
 803 0040 0B       		.uleb128 0xb
 804 0041 3B       		.uleb128 0x3b
 805 0042 05       		.uleb128 0x5
 806 0043 27       		.uleb128 0x27
 807 0044 0C       		.uleb128 0xc
 808 0045 49       		.uleb128 0x49
 809 0046 13       		.uleb128 0x13
 810 0047 11       		.uleb128 0x11
 811 0048 01       		.uleb128 0x1
ARM GAS  C:\Users\Mariano\AppData\Local\Temp\ccDGb6Es.s 			page 23


 812 0049 12       		.uleb128 0x12
 813 004a 01       		.uleb128 0x1
 814 004b 40       		.uleb128 0x40
 815 004c 0A       		.uleb128 0xa
 816 004d 9742     		.uleb128 0x2117
 817 004f 0C       		.uleb128 0xc
 818 0050 01       		.uleb128 0x1
 819 0051 13       		.uleb128 0x13
 820 0052 00       		.byte	0
 821 0053 00       		.byte	0
 822 0054 06       		.uleb128 0x6
 823 0055 34       		.uleb128 0x34
 824 0056 00       		.byte	0
 825 0057 03       		.uleb128 0x3
 826 0058 0E       		.uleb128 0xe
 827 0059 3A       		.uleb128 0x3a
 828 005a 0B       		.uleb128 0xb
 829 005b 3B       		.uleb128 0x3b
 830 005c 05       		.uleb128 0x5
 831 005d 49       		.uleb128 0x49
 832 005e 13       		.uleb128 0x13
 833 005f 02       		.uleb128 0x2
 834 0060 0A       		.uleb128 0xa
 835 0061 00       		.byte	0
 836 0062 00       		.byte	0
 837 0063 07       		.uleb128 0x7
 838 0064 2E       		.uleb128 0x2e
 839 0065 01       		.byte	0x1
 840 0066 3F       		.uleb128 0x3f
 841 0067 0C       		.uleb128 0xc
 842 0068 03       		.uleb128 0x3
 843 0069 0E       		.uleb128 0xe
 844 006a 3A       		.uleb128 0x3a
 845 006b 0B       		.uleb128 0xb
 846 006c 3B       		.uleb128 0x3b
 847 006d 05       		.uleb128 0x5
 848 006e 27       		.uleb128 0x27
 849 006f 0C       		.uleb128 0xc
 850 0070 11       		.uleb128 0x11
 851 0071 01       		.uleb128 0x1
 852 0072 12       		.uleb128 0x12
 853 0073 01       		.uleb128 0x1
 854 0074 40       		.uleb128 0x40
 855 0075 0A       		.uleb128 0xa
 856 0076 9742     		.uleb128 0x2117
 857 0078 0C       		.uleb128 0xc
 858 0079 01       		.uleb128 0x1
 859 007a 13       		.uleb128 0x13
 860 007b 00       		.byte	0
 861 007c 00       		.byte	0
 862 007d 08       		.uleb128 0x8
 863 007e 05       		.uleb128 0x5
 864 007f 00       		.byte	0
 865 0080 03       		.uleb128 0x3
 866 0081 0E       		.uleb128 0xe
 867 0082 3A       		.uleb128 0x3a
 868 0083 0B       		.uleb128 0xb
ARM GAS  C:\Users\Mariano\AppData\Local\Temp\ccDGb6Es.s 			page 24


 869 0084 3B       		.uleb128 0x3b
 870 0085 05       		.uleb128 0x5
 871 0086 49       		.uleb128 0x49
 872 0087 13       		.uleb128 0x13
 873 0088 02       		.uleb128 0x2
 874 0089 0A       		.uleb128 0xa
 875 008a 00       		.byte	0
 876 008b 00       		.byte	0
 877 008c 09       		.uleb128 0x9
 878 008d 2E       		.uleb128 0x2e
 879 008e 01       		.byte	0x1
 880 008f 3F       		.uleb128 0x3f
 881 0090 0C       		.uleb128 0xc
 882 0091 03       		.uleb128 0x3
 883 0092 0E       		.uleb128 0xe
 884 0093 3A       		.uleb128 0x3a
 885 0094 0B       		.uleb128 0xb
 886 0095 3B       		.uleb128 0x3b
 887 0096 05       		.uleb128 0x5
 888 0097 27       		.uleb128 0x27
 889 0098 0C       		.uleb128 0xc
 890 0099 49       		.uleb128 0x49
 891 009a 13       		.uleb128 0x13
 892 009b 11       		.uleb128 0x11
 893 009c 01       		.uleb128 0x1
 894 009d 12       		.uleb128 0x12
 895 009e 01       		.uleb128 0x1
 896 009f 40       		.uleb128 0x40
 897 00a0 06       		.uleb128 0x6
 898 00a1 9742     		.uleb128 0x2117
 899 00a3 0C       		.uleb128 0xc
 900 00a4 01       		.uleb128 0x1
 901 00a5 13       		.uleb128 0x13
 902 00a6 00       		.byte	0
 903 00a7 00       		.byte	0
 904 00a8 0A       		.uleb128 0xa
 905 00a9 2E       		.uleb128 0x2e
 906 00aa 01       		.byte	0x1
 907 00ab 3F       		.uleb128 0x3f
 908 00ac 0C       		.uleb128 0xc
 909 00ad 03       		.uleb128 0x3
 910 00ae 0E       		.uleb128 0xe
 911 00af 3A       		.uleb128 0x3a
 912 00b0 0B       		.uleb128 0xb
 913 00b1 3B       		.uleb128 0x3b
 914 00b2 05       		.uleb128 0x5
 915 00b3 27       		.uleb128 0x27
 916 00b4 0C       		.uleb128 0xc
 917 00b5 11       		.uleb128 0x11
 918 00b6 01       		.uleb128 0x1
 919 00b7 12       		.uleb128 0x12
 920 00b8 01       		.uleb128 0x1
 921 00b9 40       		.uleb128 0x40
 922 00ba 06       		.uleb128 0x6
 923 00bb 9742     		.uleb128 0x2117
 924 00bd 0C       		.uleb128 0xc
 925 00be 01       		.uleb128 0x1
ARM GAS  C:\Users\Mariano\AppData\Local\Temp\ccDGb6Es.s 			page 25


 926 00bf 13       		.uleb128 0x13
 927 00c0 00       		.byte	0
 928 00c1 00       		.byte	0
 929 00c2 0B       		.uleb128 0xb
 930 00c3 2E       		.uleb128 0x2e
 931 00c4 01       		.byte	0x1
 932 00c5 3F       		.uleb128 0x3f
 933 00c6 0C       		.uleb128 0xc
 934 00c7 03       		.uleb128 0x3
 935 00c8 0E       		.uleb128 0xe
 936 00c9 3A       		.uleb128 0x3a
 937 00ca 0B       		.uleb128 0xb
 938 00cb 3B       		.uleb128 0x3b
 939 00cc 05       		.uleb128 0x5
 940 00cd 27       		.uleb128 0x27
 941 00ce 0C       		.uleb128 0xc
 942 00cf 49       		.uleb128 0x49
 943 00d0 13       		.uleb128 0x13
 944 00d1 11       		.uleb128 0x11
 945 00d2 01       		.uleb128 0x1
 946 00d3 12       		.uleb128 0x12
 947 00d4 01       		.uleb128 0x1
 948 00d5 40       		.uleb128 0x40
 949 00d6 06       		.uleb128 0x6
 950 00d7 9742     		.uleb128 0x2117
 951 00d9 0C       		.uleb128 0xc
 952 00da 00       		.byte	0
 953 00db 00       		.byte	0
 954 00dc 00       		.byte	0
 955              		.section	.debug_loc,"",%progbits
 956              	.Ldebug_loc0:
 957              	.LLST0:
 958 0000 00000000 		.4byte	.LFB4
 959 0004 02000000 		.4byte	.LCFI0
 960 0008 0200     		.2byte	0x2
 961 000a 7D       		.byte	0x7d
 962 000b 00       		.sleb128 0
 963 000c 02000000 		.4byte	.LCFI0
 964 0010 04000000 		.4byte	.LCFI1
 965 0014 0200     		.2byte	0x2
 966 0016 7D       		.byte	0x7d
 967 0017 08       		.sleb128 8
 968 0018 04000000 		.4byte	.LCFI1
 969 001c 16000000 		.4byte	.LFE4
 970 0020 0200     		.2byte	0x2
 971 0022 7D       		.byte	0x7d
 972 0023 10       		.sleb128 16
 973 0024 00000000 		.4byte	0
 974 0028 00000000 		.4byte	0
 975              	.LLST1:
 976 002c 00000000 		.4byte	.LFB5
 977 0030 02000000 		.4byte	.LCFI2
 978 0034 0200     		.2byte	0x2
 979 0036 7D       		.byte	0x7d
 980 0037 00       		.sleb128 0
 981 0038 02000000 		.4byte	.LCFI2
 982 003c 0E000000 		.4byte	.LFE5
ARM GAS  C:\Users\Mariano\AppData\Local\Temp\ccDGb6Es.s 			page 26


 983 0040 0200     		.2byte	0x2
 984 0042 7D       		.byte	0x7d
 985 0043 08       		.sleb128 8
 986 0044 00000000 		.4byte	0
 987 0048 00000000 		.4byte	0
 988              	.LLST2:
 989 004c 00000000 		.4byte	.LFB6
 990 0050 02000000 		.4byte	.LCFI3
 991 0054 0200     		.2byte	0x2
 992 0056 7D       		.byte	0x7d
 993 0057 00       		.sleb128 0
 994 0058 02000000 		.4byte	.LCFI3
 995 005c 04000000 		.4byte	.LCFI4
 996 0060 0200     		.2byte	0x2
 997 0062 7D       		.byte	0x7d
 998 0063 08       		.sleb128 8
 999 0064 04000000 		.4byte	.LCFI4
 1000 0068 16000000 		.4byte	.LFE6
 1001 006c 0200     		.2byte	0x2
 1002 006e 7D       		.byte	0x7d
 1003 006f 10       		.sleb128 16
 1004 0070 00000000 		.4byte	0
 1005 0074 00000000 		.4byte	0
 1006              	.LLST3:
 1007 0078 00000000 		.4byte	.LFB7
 1008 007c 02000000 		.4byte	.LCFI5
 1009 0080 0200     		.2byte	0x2
 1010 0082 7D       		.byte	0x7d
 1011 0083 00       		.sleb128 0
 1012 0084 02000000 		.4byte	.LCFI5
 1013 0088 0E000000 		.4byte	.LFE7
 1014 008c 0200     		.2byte	0x2
 1015 008e 7D       		.byte	0x7d
 1016 008f 08       		.sleb128 8
 1017 0090 00000000 		.4byte	0
 1018 0094 00000000 		.4byte	0
 1019              	.LLST4:
 1020 0098 00000000 		.4byte	.LFB8
 1021 009c 02000000 		.4byte	.LCFI6
 1022 00a0 0200     		.2byte	0x2
 1023 00a2 7D       		.byte	0x7d
 1024 00a3 00       		.sleb128 0
 1025 00a4 02000000 		.4byte	.LCFI6
 1026 00a8 04000000 		.4byte	.LCFI7
 1027 00ac 0200     		.2byte	0x2
 1028 00ae 7D       		.byte	0x7d
 1029 00af 08       		.sleb128 8
 1030 00b0 04000000 		.4byte	.LCFI7
 1031 00b4 18000000 		.4byte	.LFE8
 1032 00b8 0200     		.2byte	0x2
 1033 00ba 7D       		.byte	0x7d
 1034 00bb 18       		.sleb128 24
 1035 00bc 00000000 		.4byte	0
 1036 00c0 00000000 		.4byte	0
 1037              	.LLST5:
 1038 00c4 00000000 		.4byte	.LFB9
 1039 00c8 02000000 		.4byte	.LCFI8
ARM GAS  C:\Users\Mariano\AppData\Local\Temp\ccDGb6Es.s 			page 27


 1040 00cc 0200     		.2byte	0x2
 1041 00ce 7D       		.byte	0x7d
 1042 00cf 00       		.sleb128 0
 1043 00d0 02000000 		.4byte	.LCFI8
 1044 00d4 04000000 		.4byte	.LCFI9
 1045 00d8 0200     		.2byte	0x2
 1046 00da 7D       		.byte	0x7d
 1047 00db 08       		.sleb128 8
 1048 00dc 04000000 		.4byte	.LCFI9
 1049 00e0 22000000 		.4byte	.LFE9
 1050 00e4 0200     		.2byte	0x2
 1051 00e6 7D       		.byte	0x7d
 1052 00e7 18       		.sleb128 24
 1053 00e8 00000000 		.4byte	0
 1054 00ec 00000000 		.4byte	0
 1055              	.LLST6:
 1056 00f0 00000000 		.4byte	.LFB10
 1057 00f4 02000000 		.4byte	.LCFI10
 1058 00f8 0200     		.2byte	0x2
 1059 00fa 7D       		.byte	0x7d
 1060 00fb 00       		.sleb128 0
 1061 00fc 02000000 		.4byte	.LCFI10
 1062 0100 04000000 		.4byte	.LCFI11
 1063 0104 0200     		.2byte	0x2
 1064 0106 7D       		.byte	0x7d
 1065 0107 08       		.sleb128 8
 1066 0108 04000000 		.4byte	.LCFI11
 1067 010c 22000000 		.4byte	.LFE10
 1068 0110 0200     		.2byte	0x2
 1069 0112 7D       		.byte	0x7d
 1070 0113 18       		.sleb128 24
 1071 0114 00000000 		.4byte	0
 1072 0118 00000000 		.4byte	0
 1073              		.section	.debug_aranges,"",%progbits
 1074 0000 6C000000 		.4byte	0x6c
 1075 0004 0200     		.2byte	0x2
 1076 0006 00000000 		.4byte	.Ldebug_info0
 1077 000a 04       		.byte	0x4
 1078 000b 00       		.byte	0
 1079 000c 0000     		.2byte	0
 1080 000e 0000     		.2byte	0
 1081 0010 00000000 		.4byte	.LFB0
 1082 0014 0E000000 		.4byte	.LFE0-.LFB0
 1083 0018 00000000 		.4byte	.LFB1
 1084 001c 08000000 		.4byte	.LFE1-.LFB1
 1085 0020 00000000 		.4byte	.LFB2
 1086 0024 0E000000 		.4byte	.LFE2-.LFB2
 1087 0028 00000000 		.4byte	.LFB3
 1088 002c 08000000 		.4byte	.LFE3-.LFB3
 1089 0030 00000000 		.4byte	.LFB4
 1090 0034 16000000 		.4byte	.LFE4-.LFB4
 1091 0038 00000000 		.4byte	.LFB5
 1092 003c 0E000000 		.4byte	.LFE5-.LFB5
 1093 0040 00000000 		.4byte	.LFB6
 1094 0044 16000000 		.4byte	.LFE6-.LFB6
 1095 0048 00000000 		.4byte	.LFB7
 1096 004c 0E000000 		.4byte	.LFE7-.LFB7
ARM GAS  C:\Users\Mariano\AppData\Local\Temp\ccDGb6Es.s 			page 28


 1097 0050 00000000 		.4byte	.LFB8
 1098 0054 18000000 		.4byte	.LFE8-.LFB8
 1099 0058 00000000 		.4byte	.LFB9
 1100 005c 22000000 		.4byte	.LFE9-.LFB9
 1101 0060 00000000 		.4byte	.LFB10
 1102 0064 22000000 		.4byte	.LFE10-.LFB10
 1103 0068 00000000 		.4byte	0
 1104 006c 00000000 		.4byte	0
 1105              		.section	.debug_ranges,"",%progbits
 1106              	.Ldebug_ranges0:
 1107 0000 00000000 		.4byte	.LFB0
 1108 0004 0E000000 		.4byte	.LFE0
 1109 0008 00000000 		.4byte	.LFB1
 1110 000c 08000000 		.4byte	.LFE1
 1111 0010 00000000 		.4byte	.LFB2
 1112 0014 0E000000 		.4byte	.LFE2
 1113 0018 00000000 		.4byte	.LFB3
 1114 001c 08000000 		.4byte	.LFE3
 1115 0020 00000000 		.4byte	.LFB4
 1116 0024 16000000 		.4byte	.LFE4
 1117 0028 00000000 		.4byte	.LFB5
 1118 002c 0E000000 		.4byte	.LFE5
 1119 0030 00000000 		.4byte	.LFB6
 1120 0034 16000000 		.4byte	.LFE6
 1121 0038 00000000 		.4byte	.LFB7
 1122 003c 0E000000 		.4byte	.LFE7
 1123 0040 00000000 		.4byte	.LFB8
 1124 0044 18000000 		.4byte	.LFE8
 1125 0048 00000000 		.4byte	.LFB9
 1126 004c 22000000 		.4byte	.LFE9
 1127 0050 00000000 		.4byte	.LFB10
 1128 0054 22000000 		.4byte	.LFE10
 1129 0058 00000000 		.4byte	0
 1130 005c 00000000 		.4byte	0
 1131              		.section	.debug_line,"",%progbits
 1132              	.Ldebug_line0:
 1133 0000 96010000 		.section	.debug_str,"MS",%progbits,1
 1133      0200B800 
 1133      00000201 
 1133      FB0E0D00 
 1133      01010101 
 1134              	.LASF24:
 1135 0000 5F5F7365 		.ascii	"__set_CONTROL\000"
 1135      745F434F 
 1135      4E54524F 
 1135      4C00
 1136              	.LASF27:
 1137 000e 76616C75 		.ascii	"value\000"
 1137      6500
 1138              	.LASF22:
 1139 0014 7072694D 		.ascii	"priMask\000"
 1139      61736B00 
 1140              	.LASF18:
 1141 001c 746F704F 		.ascii	"topOfProcStack\000"
 1141      6650726F 
 1141      63537461 
 1141      636B00
ARM GAS  C:\Users\Mariano\AppData\Local\Temp\ccDGb6Es.s 			page 29


 1142              	.LASF14:
 1143 002b 5F5F6765 		.ascii	"__get_MSP\000"
 1143      745F4D53 
 1143      5000
 1144              	.LASF17:
 1145 0035 5F5F7365 		.ascii	"__set_MSP\000"
 1145      745F4D53 
 1145      5000
 1146              	.LASF13:
 1147 003f 5F5F6765 		.ascii	"__get_PSP\000"
 1147      745F5053 
 1147      5000
 1148              	.LASF16:
 1149 0049 5F5F7365 		.ascii	"__set_PSP\000"
 1149      745F5053 
 1149      5000
 1150              	.LASF28:
 1151 0053 5F5F5245 		.ascii	"__REV16\000"
 1151      56313600 
 1152              	.LASF1:
 1153 005b 756E7369 		.ascii	"unsigned char\000"
 1153      676E6564 
 1153      20636861 
 1153      7200
 1154              	.LASF20:
 1155 0069 5F5F6765 		.ascii	"__get_PRIMASK\000"
 1155      745F5052 
 1155      494D4153 
 1155      4B00
 1156              	.LASF9:
 1157 0077 6C6F6E67 		.ascii	"long unsigned int\000"
 1157      20756E73 
 1157      69676E65 
 1157      6420696E 
 1157      7400
 1158              	.LASF5:
 1159 0089 73686F72 		.ascii	"short unsigned int\000"
 1159      7420756E 
 1159      7369676E 
 1159      65642069 
 1159      6E7400
 1160              	.LASF25:
 1161 009c 636F6E74 		.ascii	"control\000"
 1161      726F6C00 
 1162              	.LASF21:
 1163 00a4 5F5F7365 		.ascii	"__set_PRIMASK\000"
 1163      745F5052 
 1163      494D4153 
 1163      4B00
 1164              	.LASF12:
 1165 00b2 756E7369 		.ascii	"unsigned int\000"
 1165      676E6564 
 1165      20696E74 
 1165      00
 1166              	.LASF30:
 1167 00bf 474E5520 		.ascii	"GNU C 4.7.4 20130613 (release) [ARM/embedded-4_7-br"
 1167      4320342E 
ARM GAS  C:\Users\Mariano\AppData\Local\Temp\ccDGb6Es.s 			page 30


 1167      372E3420 
 1167      32303133 
 1167      30363133 
 1168 00f2 616E6368 		.ascii	"anch revision 200083]\000"
 1168      20726576 
 1168      6973696F 
 1168      6E203230 
 1168      30303833 
 1169              	.LASF11:
 1170 0108 6C6F6E67 		.ascii	"long long unsigned int\000"
 1170      206C6F6E 
 1170      6720756E 
 1170      7369676E 
 1170      65642069 
 1171              	.LASF15:
 1172 011f 72657375 		.ascii	"result\000"
 1172      6C7400
 1173              	.LASF3:
 1174 0126 696E7431 		.ascii	"int16_t\000"
 1174      365F7400 
 1175              	.LASF6:
 1176 012e 696E7433 		.ascii	"int32_t\000"
 1176      325F7400 
 1177              	.LASF29:
 1178 0136 5F5F5245 		.ascii	"__REVSH\000"
 1178      56534800 
 1179              	.LASF19:
 1180 013e 746F704F 		.ascii	"topOfMainStack\000"
 1180      664D6169 
 1180      6E537461 
 1180      636B00
 1181              	.LASF10:
 1182 014d 6C6F6E67 		.ascii	"long long int\000"
 1182      206C6F6E 
 1182      6720696E 
 1182      7400
 1183              	.LASF32:
 1184 015b 433A5C55 		.ascii	"C:\\Users\\Mariano\\Documents\\Proyectos\\eclipse_s"
 1184      73657273 
 1184      5C4D6172 
 1184      69616E6F 
 1184      5C446F63 
 1185 0189 746D3332 		.ascii	"tm32\\Planolux_DMX512_P1\000"
 1185      5C506C61 
 1185      6E6F6C75 
 1185      785F444D 
 1185      58353132 
 1186              	.LASF31:
 1187 01a1 2E5C636D 		.ascii	".\\cmsis_core\\core_cm0.c\000"
 1187      7369735F 
 1187      636F7265 
 1187      5C636F72 
 1187      655F636D 
 1188              	.LASF26:
 1189 01b9 5F5F5245 		.ascii	"__REV\000"
 1189      5600
 1190              	.LASF23:
ARM GAS  C:\Users\Mariano\AppData\Local\Temp\ccDGb6Es.s 			page 31


 1191 01bf 5F5F6765 		.ascii	"__get_CONTROL\000"
 1191      745F434F 
 1191      4E54524F 
 1191      4C00
 1192              	.LASF2:
 1193 01cd 73686F72 		.ascii	"short int\000"
 1193      7420696E 
 1193      7400
 1194              	.LASF4:
 1195 01d7 75696E74 		.ascii	"uint16_t\000"
 1195      31365F74 
 1195      00
 1196              	.LASF8:
 1197 01e0 75696E74 		.ascii	"uint32_t\000"
 1197      33325F74 
 1197      00
 1198              	.LASF7:
 1199 01e9 6C6F6E67 		.ascii	"long int\000"
 1199      20696E74 
 1199      00
 1200              	.LASF0:
 1201 01f2 7369676E 		.ascii	"signed char\000"
 1201      65642063 
 1201      68617200 
 1202              		.ident	"GCC: (GNU Tools for ARM Embedded Processors) 4.7.4 20130613 (release) [ARM/embedded-4_7-br
ARM GAS  C:\Users\Mariano\AppData\Local\Temp\ccDGb6Es.s 			page 32


DEFINED SYMBOLS
                            *ABS*:00000000 core_cm0.c
C:\Users\Mariano\AppData\Local\Temp\ccDGb6Es.s:51     .text.__get_PSP:00000000 $t
C:\Users\Mariano\AppData\Local\Temp\ccDGb6Es.s:56     .text.__get_PSP:00000000 __get_PSP
C:\Users\Mariano\AppData\Local\Temp\ccDGb6Es.s:79     .text.__set_PSP:00000000 $t
C:\Users\Mariano\AppData\Local\Temp\ccDGb6Es.s:84     .text.__set_PSP:00000000 __set_PSP
C:\Users\Mariano\AppData\Local\Temp\ccDGb6Es.s:101    .text.__get_MSP:00000000 $t
C:\Users\Mariano\AppData\Local\Temp\ccDGb6Es.s:106    .text.__get_MSP:00000000 __get_MSP
C:\Users\Mariano\AppData\Local\Temp\ccDGb6Es.s:128    .text.__set_MSP:00000000 $t
C:\Users\Mariano\AppData\Local\Temp\ccDGb6Es.s:133    .text.__set_MSP:00000000 __set_MSP
C:\Users\Mariano\AppData\Local\Temp\ccDGb6Es.s:150    .text.__get_PRIMASK:00000000 $t
C:\Users\Mariano\AppData\Local\Temp\ccDGb6Es.s:155    .text.__get_PRIMASK:00000000 __get_PRIMASK
C:\Users\Mariano\AppData\Local\Temp\ccDGb6Es.s:187    .text.__set_PRIMASK:00000000 $t
C:\Users\Mariano\AppData\Local\Temp\ccDGb6Es.s:192    .text.__set_PRIMASK:00000000 __set_PRIMASK
C:\Users\Mariano\AppData\Local\Temp\ccDGb6Es.s:214    .text.__get_CONTROL:00000000 $t
C:\Users\Mariano\AppData\Local\Temp\ccDGb6Es.s:219    .text.__get_CONTROL:00000000 __get_CONTROL
C:\Users\Mariano\AppData\Local\Temp\ccDGb6Es.s:251    .text.__set_CONTROL:00000000 $t
C:\Users\Mariano\AppData\Local\Temp\ccDGb6Es.s:256    .text.__set_CONTROL:00000000 __set_CONTROL
C:\Users\Mariano\AppData\Local\Temp\ccDGb6Es.s:278    .text.__REV:00000000 $t
C:\Users\Mariano\AppData\Local\Temp\ccDGb6Es.s:283    .text.__REV:00000000 __REV
C:\Users\Mariano\AppData\Local\Temp\ccDGb6Es.s:317    .text.__REV16:00000000 $t
C:\Users\Mariano\AppData\Local\Temp\ccDGb6Es.s:322    .text.__REV16:00000000 __REV16
C:\Users\Mariano\AppData\Local\Temp\ccDGb6Es.s:361    .text.__REVSH:00000000 $t
C:\Users\Mariano\AppData\Local\Temp\ccDGb6Es.s:366    .text.__REVSH:00000000 __REVSH
                     .debug_frame:00000010 $d

NO UNDEFINED SYMBOLS
