ARM GAS  C:\Users\Mariano\AppData\Local\Temp\ccvWWzuB.s 			page 1


   1              		.cpu cortex-m0
   2              		.fpu softvfp
   3              		.eabi_attribute 20, 1	@ Tag_ABI_FP_denormal
   4              		.eabi_attribute 21, 1	@ Tag_ABI_FP_exceptions
   5              		.eabi_attribute 23, 3	@ Tag_ABI_FP_number_model
   6              		.eabi_attribute 24, 1	@ Tag_ABI_align8_needed
   7              		.eabi_attribute 25, 1	@ Tag_ABI_align8_preserved
   8              		.eabi_attribute 26, 1	@ Tag_ABI_enum_size
   9              		.eabi_attribute 30, 6	@ Tag_ABI_optimization_goals
  10              		.eabi_attribute 34, 0	@ Tag_CPU_unaligned_access
  11              		.eabi_attribute 18, 4	@ Tag_ABI_PCS_wchar_t
  12              		.file	"stm32f0xx_it.c"
  13              	@ GNU C (GNU Tools for ARM Embedded Processors) version 4.7.4 20130613 (release) [ARM/embedded-4_7-
  14              	@	compiled by GNU C version 4.2.1-sjlj (mingw32-2), GMP version 4.3.2, MPFR version 2.4.2, MPC vers
  15              	@ GGC heuristics: --param ggc-min-expand=100 --param ggc-min-heapsize=131072
  16              	@ options passed:  -I . -I .\src -I .\cmsis_boot -I .\cmsis_core
  17              	@ -I ..\STM32F0xx_StdPeriph_Lib_V1.3.1\Libraries\STM32F0xx_StdPeriph_Driver\inc
  18              	@ -I .\inc -I .\cmsis_boot -imultilib armv6-m
  19              	@ -iprefix c:\program files (x86)\gnu tools arm embedded\4.7 2013q2\bin\../lib/gcc/arm-none-eabi/4.
  20              	@ -isysroot c:\program files (x86)\gnu tools arm embedded\4.7 2013q2\bin\../arm-none-eabi
  21              	@ -MD .\src\stm32f0xx_it.d -MF .dep\stm32f0xx_it.o.d -MP
  22              	@ -MQ .\src\stm32f0xx_it.o -D__USES_INITFINI__ -D RUN_FROM_FLASH=1
  23              	@ .\src\stm32f0xx_it.c -mcpu=cortex-m0 -mthumb
  24              	@ -auxbase-strip .\src\stm32f0xx_it.o -g -gdwarf-2 -O0 -Wall
  25              	@ -fomit-frame-pointer -fdata-sections -ffunction-sections -fverbose-asm
  26              	@ options enabled:  -fauto-inc-dec -fbranch-count-reg -fcommon
  27              	@ -fdata-sections -fdebug-types-section -fdelete-null-pointer-checks
  28              	@ -fdwarf2-cfi-asm -fearly-inlining -feliminate-unused-debug-types
  29              	@ -ffunction-cse -ffunction-sections -fgcse-lm -fgnu-runtime -fident
  30              	@ -finline-atomics -fira-hoist-pressure -fira-share-save-slots
  31              	@ -fira-share-spill-slots -fivopts -fkeep-static-consts
  32              	@ -fleading-underscore -fmath-errno -fmerge-debug-strings
  33              	@ -fmove-loop-invariants -fomit-frame-pointer -fpeephole
  34              	@ -fprefetch-loop-arrays -freg-struct-return
  35              	@ -fsched-critical-path-heuristic -fsched-dep-count-heuristic
  36              	@ -fsched-group-heuristic -fsched-interblock -fsched-last-insn-heuristic
  37              	@ -fsched-rank-heuristic -fsched-spec -fsched-spec-insn-heuristic
  38              	@ -fsched-stalled-insns-dep -fshow-column -fsigned-zeros
  39              	@ -fsplit-ivs-in-unroller -fstrict-volatile-bitfields -ftrapping-math
  40              	@ -ftree-cselim -ftree-forwprop -ftree-loop-if-convert -ftree-loop-im
  41              	@ -ftree-loop-ivcanon -ftree-loop-optimize -ftree-parallelize-loops=
  42              	@ -ftree-phiprop -ftree-pta -ftree-reassoc -ftree-scev-cprop
  43              	@ -ftree-slp-vectorize -ftree-vect-loop-version -funit-at-a-time
  44              	@ -fverbose-asm -fzero-initialized-in-bss -mlittle-endian -msched-prolog
  45              	@ -mthumb -mvectorize-with-neon-quad
  46              	
  47              		.text
  48              	.Ltext0:
  49              		.cfi_sections	.debug_frame
  50              		.section	.text.NMI_Handler,"ax",%progbits
  51              		.align	2
  52              		.global	NMI_Handler
  53              		.code	16
  54              		.thumb_func
  55              		.type	NMI_Handler, %function
  56              	NMI_Handler:
  57              	.LFB20:
ARM GAS  C:\Users\Mariano\AppData\Local\Temp\ccvWWzuB.s 			page 2


  58              		.file 1 ".\\src\\stm32f0xx_it.c"
   1:.\src/stm32f0xx_it.c **** /**
   2:.\src/stm32f0xx_it.c ****   ******************************************************************************
   3:.\src/stm32f0xx_it.c ****   * @file    GPIO/GPIO_IOToggle/stm32f0xx_it.c 
   4:.\src/stm32f0xx_it.c ****   * @author  MCD Application Team
   5:.\src/stm32f0xx_it.c ****   * @version V1.3.0
   6:.\src/stm32f0xx_it.c ****   * @date    16-January-2014
   7:.\src/stm32f0xx_it.c ****   * @brief   Main Interrupt Service Routines.
   8:.\src/stm32f0xx_it.c ****   *          This file provides template for all exceptions handler and 
   9:.\src/stm32f0xx_it.c ****   *          peripherals interrupt service routine.
  10:.\src/stm32f0xx_it.c ****   ******************************************************************************
  11:.\src/stm32f0xx_it.c ****   * @attention
  12:.\src/stm32f0xx_it.c ****   *
  13:.\src/stm32f0xx_it.c ****   * <h2><center>&copy; COPYRIGHT 2014 STMicroelectronics</center></h2>
  14:.\src/stm32f0xx_it.c ****   *
  15:.\src/stm32f0xx_it.c ****   * Licensed under MCD-ST Liberty SW License Agreement V2, (the "License");
  16:.\src/stm32f0xx_it.c ****   * You may not use this file except in compliance with the License.
  17:.\src/stm32f0xx_it.c ****   * You may obtain a copy of the License at:
  18:.\src/stm32f0xx_it.c ****   *
  19:.\src/stm32f0xx_it.c ****   *        http://www.st.com/software_license_agreement_liberty_v2
  20:.\src/stm32f0xx_it.c ****   *
  21:.\src/stm32f0xx_it.c ****   * Unless required by applicable law or agreed to in writing, software 
  22:.\src/stm32f0xx_it.c ****   * distributed under the License is distributed on an "AS IS" BASIS, 
  23:.\src/stm32f0xx_it.c ****   * WITHOUT WARRANTIES OR CONDITIONS OF ANY KIND, either express or implied.
  24:.\src/stm32f0xx_it.c ****   * See the License for the specific language governing permissions and
  25:.\src/stm32f0xx_it.c ****   * limitations under the License.
  26:.\src/stm32f0xx_it.c ****   *
  27:.\src/stm32f0xx_it.c ****   ******************************************************************************
  28:.\src/stm32f0xx_it.c ****   */
  29:.\src/stm32f0xx_it.c **** 
  30:.\src/stm32f0xx_it.c **** /* Includes ------------------------------------------------------------------*/
  31:.\src/stm32f0xx_it.c **** #include "stm32f0xx_it.h"
  32:.\src/stm32f0xx_it.c **** //#include "main.h"
  33:.\src/stm32f0xx_it.c **** 
  34:.\src/stm32f0xx_it.c **** /** @addtogroup STM32F0xx_StdPeriph_Examples
  35:.\src/stm32f0xx_it.c ****   * @{
  36:.\src/stm32f0xx_it.c ****   */
  37:.\src/stm32f0xx_it.c **** 
  38:.\src/stm32f0xx_it.c **** /** @addtogroup GPIO_IOToggle
  39:.\src/stm32f0xx_it.c ****   * @{
  40:.\src/stm32f0xx_it.c ****   */
  41:.\src/stm32f0xx_it.c **** extern void TimingDelay_Decrement(void);
  42:.\src/stm32f0xx_it.c **** /* Private typedef -----------------------------------------------------------*/
  43:.\src/stm32f0xx_it.c **** /* Private define ------------------------------------------------------------*/
  44:.\src/stm32f0xx_it.c **** /* Private macro -------------------------------------------------------------*/
  45:.\src/stm32f0xx_it.c **** /* Private variables ---------------------------------------------------------*/
  46:.\src/stm32f0xx_it.c **** /* Private function prototypes -----------------------------------------------*/
  47:.\src/stm32f0xx_it.c **** /* Private functions ---------------------------------------------------------*/
  48:.\src/stm32f0xx_it.c **** 
  49:.\src/stm32f0xx_it.c **** /******************************************************************************/
  50:.\src/stm32f0xx_it.c **** /*            Cortex-M0 Processor Exceptions Handlers                         */
  51:.\src/stm32f0xx_it.c **** /******************************************************************************/
  52:.\src/stm32f0xx_it.c **** 
  53:.\src/stm32f0xx_it.c **** /**
  54:.\src/stm32f0xx_it.c ****   * @brief  This function handles NMI exception.
  55:.\src/stm32f0xx_it.c ****   * @param  None
  56:.\src/stm32f0xx_it.c ****   * @retval None
ARM GAS  C:\Users\Mariano\AppData\Local\Temp\ccvWWzuB.s 			page 3


  57:.\src/stm32f0xx_it.c ****   */
  58:.\src/stm32f0xx_it.c **** void NMI_Handler(void)
  59:.\src/stm32f0xx_it.c **** {
  59              		.loc 1 59 0
  60              		.cfi_startproc
  60:.\src/stm32f0xx_it.c **** }
  61              		.loc 1 60 0
  62              		@ sp needed for prologue	@
  63 0000 7047     		bx	lr
  64              		.cfi_endproc
  65              	.LFE20:
  66              		.size	NMI_Handler, .-NMI_Handler
  67 0002 C046     		.section	.text.HardFault_Handler,"ax",%progbits
  68              		.align	2
  69              		.global	HardFault_Handler
  70              		.code	16
  71              		.thumb_func
  72              		.type	HardFault_Handler, %function
  73              	HardFault_Handler:
  74              	.LFB21:
  61:.\src/stm32f0xx_it.c **** 
  62:.\src/stm32f0xx_it.c **** /**
  63:.\src/stm32f0xx_it.c ****   * @brief  This function handles Hard Fault exception.
  64:.\src/stm32f0xx_it.c ****   * @param  None
  65:.\src/stm32f0xx_it.c ****   * @retval None
  66:.\src/stm32f0xx_it.c ****   */
  67:.\src/stm32f0xx_it.c **** void HardFault_Handler(void)
  68:.\src/stm32f0xx_it.c **** {
  75              		.loc 1 68 0
  76              		.cfi_startproc
  77              	.L3:
  69:.\src/stm32f0xx_it.c ****   /* Go to infinite loop when Hard Fault exception occurs */
  70:.\src/stm32f0xx_it.c ****   while (1)
  71:.\src/stm32f0xx_it.c ****   {
  72:.\src/stm32f0xx_it.c ****   }
  78              		.loc 1 72 0 discriminator 1
  79 0000 FEE7     		b	.L3	@
  80              		.cfi_endproc
  81              	.LFE21:
  82              		.size	HardFault_Handler, .-HardFault_Handler
  83 0002 C046     		.section	.text.SVC_Handler,"ax",%progbits
  84              		.align	2
  85              		.global	SVC_Handler
  86              		.code	16
  87              		.thumb_func
  88              		.type	SVC_Handler, %function
  89              	SVC_Handler:
  90              	.LFB22:
  73:.\src/stm32f0xx_it.c **** }
  74:.\src/stm32f0xx_it.c **** 
  75:.\src/stm32f0xx_it.c **** /**
  76:.\src/stm32f0xx_it.c ****   * @brief  This function handles SVCall exception.
  77:.\src/stm32f0xx_it.c ****   * @param  None
  78:.\src/stm32f0xx_it.c ****   * @retval None
  79:.\src/stm32f0xx_it.c ****   */
  80:.\src/stm32f0xx_it.c **** void SVC_Handler(void)
  81:.\src/stm32f0xx_it.c **** {
ARM GAS  C:\Users\Mariano\AppData\Local\Temp\ccvWWzuB.s 			page 4


  91              		.loc 1 81 0
  92              		.cfi_startproc
  82:.\src/stm32f0xx_it.c **** }
  93              		.loc 1 82 0
  94              		@ sp needed for prologue	@
  95 0000 7047     		bx	lr
  96              		.cfi_endproc
  97              	.LFE22:
  98              		.size	SVC_Handler, .-SVC_Handler
  99 0002 C046     		.section	.text.PendSV_Handler,"ax",%progbits
 100              		.align	2
 101              		.global	PendSV_Handler
 102              		.code	16
 103              		.thumb_func
 104              		.type	PendSV_Handler, %function
 105              	PendSV_Handler:
 106              	.LFB23:
  83:.\src/stm32f0xx_it.c **** 
  84:.\src/stm32f0xx_it.c **** /**
  85:.\src/stm32f0xx_it.c ****   * @brief  This function handles PendSVC exception.
  86:.\src/stm32f0xx_it.c ****   * @param  None
  87:.\src/stm32f0xx_it.c ****   * @retval None
  88:.\src/stm32f0xx_it.c ****   */
  89:.\src/stm32f0xx_it.c **** void PendSV_Handler(void)
  90:.\src/stm32f0xx_it.c **** {
 107              		.loc 1 90 0
 108              		.cfi_startproc
  91:.\src/stm32f0xx_it.c **** }
 109              		.loc 1 91 0
 110              		@ sp needed for prologue	@
 111 0000 7047     		bx	lr
 112              		.cfi_endproc
 113              	.LFE23:
 114              		.size	PendSV_Handler, .-PendSV_Handler
 115 0002 C046     		.section	.text.SysTick_Handler,"ax",%progbits
 116              		.align	2
 117              		.global	SysTick_Handler
 118              		.code	16
 119              		.thumb_func
 120              		.type	SysTick_Handler, %function
 121              	SysTick_Handler:
 122              	.LFB24:
  92:.\src/stm32f0xx_it.c **** 
  93:.\src/stm32f0xx_it.c **** /**
  94:.\src/stm32f0xx_it.c ****   * @brief  This function handles SysTick Handler.
  95:.\src/stm32f0xx_it.c ****   * @param  None
  96:.\src/stm32f0xx_it.c ****   * @retval None
  97:.\src/stm32f0xx_it.c ****   */
  98:.\src/stm32f0xx_it.c **** void SysTick_Handler(void)
  99:.\src/stm32f0xx_it.c **** {
 123              		.loc 1 99 0
 124              		.cfi_startproc
 125 0000 08B5     		push	{r3, lr}	@
 126              	.LCFI0:
 127              		.cfi_def_cfa_offset 8
 128              		.cfi_offset 3, -8
 129              		.cfi_offset 14, -4
ARM GAS  C:\Users\Mariano\AppData\Local\Temp\ccvWWzuB.s 			page 5


 100:.\src/stm32f0xx_it.c **** 	TimingDelay_Decrement();
 130              		.loc 1 100 0
 131 0002 FFF7FEFF 		bl	TimingDelay_Decrement	@
 101:.\src/stm32f0xx_it.c **** }
 132              		.loc 1 101 0
 133              		@ sp needed for prologue	@
 134 0006 08BD     		pop	{r3, pc}
 135              		.cfi_endproc
 136              	.LFE24:
 137              		.size	SysTick_Handler, .-SysTick_Handler
 138              		.text
 139              	.Letext0:
 140              		.section	.debug_info,"",%progbits
 141              	.Ldebug_info0:
 142 0000 DD000000 		.4byte	0xdd
 143 0004 0200     		.2byte	0x2
 144 0006 00000000 		.4byte	.Ldebug_abbrev0
 145 000a 04       		.byte	0x4
 146 000b 01       		.uleb128 0x1
 147 000c DE000000 		.4byte	.LASF15
 148 0010 01       		.byte	0x1
 149 0011 27010000 		.4byte	.LASF16
 150 0015 98000000 		.4byte	.LASF17
 151 0019 00000000 		.4byte	.Ldebug_ranges0+0
 152 001d 00000000 		.4byte	0
 153 0021 00000000 		.4byte	0
 154 0025 00000000 		.4byte	.Ldebug_line0
 155 0029 02       		.uleb128 0x2
 156 002a 01       		.byte	0x1
 157 002b 06       		.byte	0x6
 158 002c 4F010000 		.4byte	.LASF0
 159 0030 02       		.uleb128 0x2
 160 0031 01       		.byte	0x1
 161 0032 08       		.byte	0x8
 162 0033 1B000000 		.4byte	.LASF1
 163 0037 02       		.uleb128 0x2
 164 0038 02       		.byte	0x2
 165 0039 05       		.byte	0x5
 166 003a 67010000 		.4byte	.LASF2
 167 003e 02       		.uleb128 0x2
 168 003f 02       		.byte	0x2
 169 0040 07       		.byte	0x7
 170 0041 3C010000 		.4byte	.LASF3
 171 0045 02       		.uleb128 0x2
 172 0046 04       		.byte	0x4
 173 0047 05       		.byte	0x5
 174 0048 8F000000 		.4byte	.LASF4
 175 004c 02       		.uleb128 0x2
 176 004d 04       		.byte	0x4
 177 004e 07       		.byte	0x7
 178 004f 29000000 		.4byte	.LASF5
 179 0053 02       		.uleb128 0x2
 180 0054 08       		.byte	0x8
 181 0055 05       		.byte	0x5
 182 0056 00000000 		.4byte	.LASF6
 183 005a 02       		.uleb128 0x2
 184 005b 08       		.byte	0x8
ARM GAS  C:\Users\Mariano\AppData\Local\Temp\ccvWWzuB.s 			page 6


 185 005c 07       		.byte	0x7
 186 005d 3B000000 		.4byte	.LASF7
 187 0061 03       		.uleb128 0x3
 188 0062 04       		.byte	0x4
 189 0063 05       		.byte	0x5
 190 0064 696E7400 		.ascii	"int\000"
 191 0068 02       		.uleb128 0x2
 192 0069 04       		.byte	0x4
 193 006a 07       		.byte	0x7
 194 006b 0E000000 		.4byte	.LASF8
 195 006f 02       		.uleb128 0x2
 196 0070 04       		.byte	0x4
 197 0071 07       		.byte	0x7
 198 0072 71010000 		.4byte	.LASF9
 199 0076 04       		.uleb128 0x4
 200 0077 01       		.byte	0x1
 201 0078 64000000 		.4byte	.LASF10
 202 007c 01       		.byte	0x1
 203 007d 3A       		.byte	0x3a
 204 007e 01       		.byte	0x1
 205 007f 00000000 		.4byte	.LFB20
 206 0083 02000000 		.4byte	.LFE20
 207 0087 02       		.byte	0x2
 208 0088 7D       		.byte	0x7d
 209 0089 00       		.sleb128 0
 210 008a 01       		.byte	0x1
 211 008b 04       		.uleb128 0x4
 212 008c 01       		.byte	0x1
 213 008d 52000000 		.4byte	.LASF11
 214 0091 01       		.byte	0x1
 215 0092 43       		.byte	0x43
 216 0093 01       		.byte	0x1
 217 0094 00000000 		.4byte	.LFB21
 218 0098 02000000 		.4byte	.LFE21
 219 009c 02       		.byte	0x2
 220 009d 7D       		.byte	0x7d
 221 009e 00       		.sleb128 0
 222 009f 01       		.byte	0x1
 223 00a0 04       		.uleb128 0x4
 224 00a1 01       		.byte	0x1
 225 00a2 5B010000 		.4byte	.LASF12
 226 00a6 01       		.byte	0x1
 227 00a7 50       		.byte	0x50
 228 00a8 01       		.byte	0x1
 229 00a9 00000000 		.4byte	.LFB22
 230 00ad 02000000 		.4byte	.LFE22
 231 00b1 02       		.byte	0x2
 232 00b2 7D       		.byte	0x7d
 233 00b3 00       		.sleb128 0
 234 00b4 01       		.byte	0x1
 235 00b5 04       		.uleb128 0x4
 236 00b6 01       		.byte	0x1
 237 00b7 70000000 		.4byte	.LASF13
 238 00bb 01       		.byte	0x1
 239 00bc 59       		.byte	0x59
 240 00bd 01       		.byte	0x1
 241 00be 00000000 		.4byte	.LFB23
ARM GAS  C:\Users\Mariano\AppData\Local\Temp\ccvWWzuB.s 			page 7


 242 00c2 02000000 		.4byte	.LFE23
 243 00c6 02       		.byte	0x2
 244 00c7 7D       		.byte	0x7d
 245 00c8 00       		.sleb128 0
 246 00c9 01       		.byte	0x1
 247 00ca 05       		.uleb128 0x5
 248 00cb 01       		.byte	0x1
 249 00cc 7F000000 		.4byte	.LASF14
 250 00d0 01       		.byte	0x1
 251 00d1 62       		.byte	0x62
 252 00d2 01       		.byte	0x1
 253 00d3 00000000 		.4byte	.LFB24
 254 00d7 08000000 		.4byte	.LFE24
 255 00db 00000000 		.4byte	.LLST0
 256 00df 01       		.byte	0x1
 257 00e0 00       		.byte	0
 258              		.section	.debug_abbrev,"",%progbits
 259              	.Ldebug_abbrev0:
 260 0000 01       		.uleb128 0x1
 261 0001 11       		.uleb128 0x11
 262 0002 01       		.byte	0x1
 263 0003 25       		.uleb128 0x25
 264 0004 0E       		.uleb128 0xe
 265 0005 13       		.uleb128 0x13
 266 0006 0B       		.uleb128 0xb
 267 0007 03       		.uleb128 0x3
 268 0008 0E       		.uleb128 0xe
 269 0009 1B       		.uleb128 0x1b
 270 000a 0E       		.uleb128 0xe
 271 000b 55       		.uleb128 0x55
 272 000c 06       		.uleb128 0x6
 273 000d 11       		.uleb128 0x11
 274 000e 01       		.uleb128 0x1
 275 000f 52       		.uleb128 0x52
 276 0010 01       		.uleb128 0x1
 277 0011 10       		.uleb128 0x10
 278 0012 06       		.uleb128 0x6
 279 0013 00       		.byte	0
 280 0014 00       		.byte	0
 281 0015 02       		.uleb128 0x2
 282 0016 24       		.uleb128 0x24
 283 0017 00       		.byte	0
 284 0018 0B       		.uleb128 0xb
 285 0019 0B       		.uleb128 0xb
 286 001a 3E       		.uleb128 0x3e
 287 001b 0B       		.uleb128 0xb
 288 001c 03       		.uleb128 0x3
 289 001d 0E       		.uleb128 0xe
 290 001e 00       		.byte	0
 291 001f 00       		.byte	0
 292 0020 03       		.uleb128 0x3
 293 0021 24       		.uleb128 0x24
 294 0022 00       		.byte	0
 295 0023 0B       		.uleb128 0xb
 296 0024 0B       		.uleb128 0xb
 297 0025 3E       		.uleb128 0x3e
 298 0026 0B       		.uleb128 0xb
ARM GAS  C:\Users\Mariano\AppData\Local\Temp\ccvWWzuB.s 			page 8


 299 0027 03       		.uleb128 0x3
 300 0028 08       		.uleb128 0x8
 301 0029 00       		.byte	0
 302 002a 00       		.byte	0
 303 002b 04       		.uleb128 0x4
 304 002c 2E       		.uleb128 0x2e
 305 002d 00       		.byte	0
 306 002e 3F       		.uleb128 0x3f
 307 002f 0C       		.uleb128 0xc
 308 0030 03       		.uleb128 0x3
 309 0031 0E       		.uleb128 0xe
 310 0032 3A       		.uleb128 0x3a
 311 0033 0B       		.uleb128 0xb
 312 0034 3B       		.uleb128 0x3b
 313 0035 0B       		.uleb128 0xb
 314 0036 27       		.uleb128 0x27
 315 0037 0C       		.uleb128 0xc
 316 0038 11       		.uleb128 0x11
 317 0039 01       		.uleb128 0x1
 318 003a 12       		.uleb128 0x12
 319 003b 01       		.uleb128 0x1
 320 003c 40       		.uleb128 0x40
 321 003d 0A       		.uleb128 0xa
 322 003e 9742     		.uleb128 0x2117
 323 0040 0C       		.uleb128 0xc
 324 0041 00       		.byte	0
 325 0042 00       		.byte	0
 326 0043 05       		.uleb128 0x5
 327 0044 2E       		.uleb128 0x2e
 328 0045 00       		.byte	0
 329 0046 3F       		.uleb128 0x3f
 330 0047 0C       		.uleb128 0xc
 331 0048 03       		.uleb128 0x3
 332 0049 0E       		.uleb128 0xe
 333 004a 3A       		.uleb128 0x3a
 334 004b 0B       		.uleb128 0xb
 335 004c 3B       		.uleb128 0x3b
 336 004d 0B       		.uleb128 0xb
 337 004e 27       		.uleb128 0x27
 338 004f 0C       		.uleb128 0xc
 339 0050 11       		.uleb128 0x11
 340 0051 01       		.uleb128 0x1
 341 0052 12       		.uleb128 0x12
 342 0053 01       		.uleb128 0x1
 343 0054 40       		.uleb128 0x40
 344 0055 06       		.uleb128 0x6
 345 0056 9642     		.uleb128 0x2116
 346 0058 0C       		.uleb128 0xc
 347 0059 00       		.byte	0
 348 005a 00       		.byte	0
 349 005b 00       		.byte	0
 350              		.section	.debug_loc,"",%progbits
 351              	.Ldebug_loc0:
 352              	.LLST0:
 353 0000 00000000 		.4byte	.LFB24
 354 0004 02000000 		.4byte	.LCFI0
 355 0008 0200     		.2byte	0x2
ARM GAS  C:\Users\Mariano\AppData\Local\Temp\ccvWWzuB.s 			page 9


 356 000a 7D       		.byte	0x7d
 357 000b 00       		.sleb128 0
 358 000c 02000000 		.4byte	.LCFI0
 359 0010 08000000 		.4byte	.LFE24
 360 0014 0200     		.2byte	0x2
 361 0016 7D       		.byte	0x7d
 362 0017 08       		.sleb128 8
 363 0018 00000000 		.4byte	0
 364 001c 00000000 		.4byte	0
 365              		.section	.debug_aranges,"",%progbits
 366 0000 3C000000 		.4byte	0x3c
 367 0004 0200     		.2byte	0x2
 368 0006 00000000 		.4byte	.Ldebug_info0
 369 000a 04       		.byte	0x4
 370 000b 00       		.byte	0
 371 000c 0000     		.2byte	0
 372 000e 0000     		.2byte	0
 373 0010 00000000 		.4byte	.LFB20
 374 0014 02000000 		.4byte	.LFE20-.LFB20
 375 0018 00000000 		.4byte	.LFB21
 376 001c 02000000 		.4byte	.LFE21-.LFB21
 377 0020 00000000 		.4byte	.LFB22
 378 0024 02000000 		.4byte	.LFE22-.LFB22
 379 0028 00000000 		.4byte	.LFB23
 380 002c 02000000 		.4byte	.LFE23-.LFB23
 381 0030 00000000 		.4byte	.LFB24
 382 0034 08000000 		.4byte	.LFE24-.LFB24
 383 0038 00000000 		.4byte	0
 384 003c 00000000 		.4byte	0
 385              		.section	.debug_ranges,"",%progbits
 386              	.Ldebug_ranges0:
 387 0000 00000000 		.4byte	.LFB20
 388 0004 02000000 		.4byte	.LFE20
 389 0008 00000000 		.4byte	.LFB21
 390 000c 02000000 		.4byte	.LFE21
 391 0010 00000000 		.4byte	.LFB22
 392 0014 02000000 		.4byte	.LFE22
 393 0018 00000000 		.4byte	.LFB23
 394 001c 02000000 		.4byte	.LFE23
 395 0020 00000000 		.4byte	.LFB24
 396 0024 08000000 		.4byte	.LFE24
 397 0028 00000000 		.4byte	0
 398 002c 00000000 		.4byte	0
 399              		.section	.debug_line,"",%progbits
 400              	.Ldebug_line0:
 401 0000 8A000000 		.section	.debug_str,"MS",%progbits,1
 401      02002B00 
 401      00000201 
 401      FB0E0D00 
 401      01010101 
 402              	.LASF6:
 403 0000 6C6F6E67 		.ascii	"long long int\000"
 403      206C6F6E 
 403      6720696E 
 403      7400
 404              	.LASF8:
 405 000e 756E7369 		.ascii	"unsigned int\000"
ARM GAS  C:\Users\Mariano\AppData\Local\Temp\ccvWWzuB.s 			page 10


 405      676E6564 
 405      20696E74 
 405      00
 406              	.LASF1:
 407 001b 756E7369 		.ascii	"unsigned char\000"
 407      676E6564 
 407      20636861 
 407      7200
 408              	.LASF5:
 409 0029 6C6F6E67 		.ascii	"long unsigned int\000"
 409      20756E73 
 409      69676E65 
 409      6420696E 
 409      7400
 410              	.LASF7:
 411 003b 6C6F6E67 		.ascii	"long long unsigned int\000"
 411      206C6F6E 
 411      6720756E 
 411      7369676E 
 411      65642069 
 412              	.LASF11:
 413 0052 48617264 		.ascii	"HardFault_Handler\000"
 413      4661756C 
 413      745F4861 
 413      6E646C65 
 413      7200
 414              	.LASF10:
 415 0064 4E4D495F 		.ascii	"NMI_Handler\000"
 415      48616E64 
 415      6C657200 
 416              	.LASF13:
 417 0070 50656E64 		.ascii	"PendSV_Handler\000"
 417      53565F48 
 417      616E646C 
 417      657200
 418              	.LASF14:
 419 007f 53797354 		.ascii	"SysTick_Handler\000"
 419      69636B5F 
 419      48616E64 
 419      6C657200 
 420              	.LASF4:
 421 008f 6C6F6E67 		.ascii	"long int\000"
 421      20696E74 
 421      00
 422              	.LASF17:
 423 0098 433A5C55 		.ascii	"C:\\Users\\Mariano\\Documents\\Proyectos\\eclipse_s"
 423      73657273 
 423      5C4D6172 
 423      69616E6F 
 423      5C446F63 
 424 00c6 746D3332 		.ascii	"tm32\\Planolux_DMX512_P1\000"
 424      5C506C61 
 424      6E6F6C75 
 424      785F444D 
 424      58353132 
 425              	.LASF15:
 426 00de 474E5520 		.ascii	"GNU C 4.7.4 20130613 (release) [ARM/embedded-4_7-br"
ARM GAS  C:\Users\Mariano\AppData\Local\Temp\ccvWWzuB.s 			page 11


 426      4320342E 
 426      372E3420 
 426      32303133 
 426      30363133 
 427 0111 616E6368 		.ascii	"anch revision 200083]\000"
 427      20726576 
 427      6973696F 
 427      6E203230 
 427      30303833 
 428              	.LASF16:
 429 0127 2E5C7372 		.ascii	".\\src\\stm32f0xx_it.c\000"
 429      635C7374 
 429      6D333266 
 429      3078785F 
 429      69742E63 
 430              	.LASF3:
 431 013c 73686F72 		.ascii	"short unsigned int\000"
 431      7420756E 
 431      7369676E 
 431      65642069 
 431      6E7400
 432              	.LASF0:
 433 014f 7369676E 		.ascii	"signed char\000"
 433      65642063 
 433      68617200 
 434              	.LASF12:
 435 015b 5356435F 		.ascii	"SVC_Handler\000"
 435      48616E64 
 435      6C657200 
 436              	.LASF2:
 437 0167 73686F72 		.ascii	"short int\000"
 437      7420696E 
 437      7400
 438              	.LASF9:
 439 0171 73697A65 		.ascii	"sizetype\000"
 439      74797065 
 439      00
 440              		.ident	"GCC: (GNU Tools for ARM Embedded Processors) 4.7.4 20130613 (release) [ARM/embedded-4_7-br
ARM GAS  C:\Users\Mariano\AppData\Local\Temp\ccvWWzuB.s 			page 12


DEFINED SYMBOLS
                            *ABS*:00000000 stm32f0xx_it.c
C:\Users\Mariano\AppData\Local\Temp\ccvWWzuB.s:51     .text.NMI_Handler:00000000 $t
C:\Users\Mariano\AppData\Local\Temp\ccvWWzuB.s:56     .text.NMI_Handler:00000000 NMI_Handler
C:\Users\Mariano\AppData\Local\Temp\ccvWWzuB.s:68     .text.HardFault_Handler:00000000 $t
C:\Users\Mariano\AppData\Local\Temp\ccvWWzuB.s:73     .text.HardFault_Handler:00000000 HardFault_Handler
C:\Users\Mariano\AppData\Local\Temp\ccvWWzuB.s:84     .text.SVC_Handler:00000000 $t
C:\Users\Mariano\AppData\Local\Temp\ccvWWzuB.s:89     .text.SVC_Handler:00000000 SVC_Handler
C:\Users\Mariano\AppData\Local\Temp\ccvWWzuB.s:100    .text.PendSV_Handler:00000000 $t
C:\Users\Mariano\AppData\Local\Temp\ccvWWzuB.s:105    .text.PendSV_Handler:00000000 PendSV_Handler
C:\Users\Mariano\AppData\Local\Temp\ccvWWzuB.s:116    .text.SysTick_Handler:00000000 $t
C:\Users\Mariano\AppData\Local\Temp\ccvWWzuB.s:121    .text.SysTick_Handler:00000000 SysTick_Handler
                     .debug_frame:00000010 $d

UNDEFINED SYMBOLS
TimingDelay_Decrement
